******************************************************************************
                  TI ARM Linker PC v18.12.1                    
******************************************************************************
>> Linked Sun May 19 14:45:43 2019

OUTPUT FILE NAME:   <piano.out>
ENTRY POINT SYMBOL: "_c_int00_noargs"  address: 0000465d


MEMORY CONFIGURATION

         name            origin    length      used     unused   attr    fill
----------------------  --------  ---------  --------  --------  ----  --------
  FLASH                 00000000   00100000  000054f4  000fab0c  R  X
  SRAM                  20000000   00040000  00003eb0  0003c150  RW X


SEGMENT ALLOCATION MAP

run origin  load origin   length   init length attrs members
----------  ----------- ---------- ----------- ----- -------
00000000    00000000    000054f8   000054f8    r-x
  00000000    00000000    00000208   00000208    r-- .intvecs
  00000208    00000208    00004710   00004710    r-x .text
  00004918    00004918    000009b4   000009b4    r-- .const
  000052d0    000052d0    00000228   00000228    r-- .cinit
20000000    20000000    00003eb8   00000000    rw-
  20000000    20000000    00003084   00000000    rw- .bss
  20003088    20003088    00000c2c   00000000    rw- .data
  20003cb8    20003cb8    00000200   00000000    rw- .stack


SECTION ALLOCATION MAP

 output                                  attributes/
section   page    origin      length       input sections
--------  ----  ----------  ----------   ----------------
.intvecs   0    00000000    00000208     
                  00000000    00000208     tm4c1294ncpdt_startup_ccs.obj (.intvecs)

.text      0    00000208    00004710     
                  00000208    00001e68     main.obj (.text)
                  00002070    000009c0     rtsv7M4_T_le_v4SPD16_eabi.lib : e_pow.c.obj (.text:pow)
                  00002a30    000006f8     FFT.obj (.text)
                  00003128    0000049c     uartstdio.obj (.text)
                  000035c4    00000200     driverlib.lib : sysctl.obj (.text:SysCtlClockFreqSet)
                  000037c4    000001b6     rtsv7M4_T_le_v4SPD16_eabi.lib : fd_add_t2.asm.obj (.text)
                  0000397a    00000002                                   : div0.asm.obj (.text)
                  0000397c    00000158                                   : e_sqrt.c.obj (.text:sqrt)
                  00003ad4    00000136                                   : fd_div_t2.asm.obj (.text)
                  00003c0a    00000132     driverlib.lib : gpio.obj (.text:GPIOPadConfigSet)
                  00003d3c    00000110     rtsv7M4_T_le_v4SPD16_eabi.lib : s_scalbn.c.obj (.text:scalbn)
                  00003e4c    000000fc                                   : fd_mul_t2.asm.obj (.text)
                  00003f48    0000009c                                   : memcpy_t2.asm.obj (.text)
                  00003fe4    00000086                                   : fd_cmp_t2.asm.obj (.text:__aeabi_cdcmple)
                  0000406a    00000086                                   : fd_cmp_t2.asm.obj (.text:__aeabi_cdrcmple)
                  000040f0    0000007a     driverlib.lib : adc.obj (.text:ADCSequenceStepConfigure)
                  0000416a    0000007a     rtsv7M4_T_le_v4SPD16_eabi.lib : memset_t2.asm.obj (.text)
                  000041e4    00000068     driverlib.lib : interrupt.obj (.text:IntDisable)
                  0000424c    00000068                   : interrupt.obj (.text:IntEnable)
                  000042b4    00000068     rtsv7M4_T_le_v4SPD16_eabi.lib : copy_decompress_lzss.c.obj (.text:decompress:lzss:__TI_decompress_lzss)
                  0000431c    00000060     driverlib.lib : timer.obj (.text:TimerConfigure)
                  0000437c    00000050                   : adc.obj (.text:ADCSequenceConfigure)
                  000043cc    00000048                   : gpio.obj (.text:GPIOPinConfigure)
                  00004414    00000048                   : sysctl.obj (.text:_SysCtlFrequencyGet)
                  0000445c    00000048     rtsv7M4_T_le_v4SPD16_eabi.lib : fd_toi_t2.asm.obj (.text)
                  000044a4    00000046     driverlib.lib : uart.obj (.text:UARTConfigSetExpClk)
                  000044ea    00000002     --HOLE-- [fill = 0]
                  000044ec    00000044     rtsv7M4_T_le_v4SPD16_eabi.lib : autoinit.c.obj (.text:__TI_auto_init_nobinit_nopinit:__TI_auto_init_nobinit_nopinit)
                  00004530    00000044                                   : fd_tou_t2.asm.obj (.text)
                  00004574    00000040                                   : u_divt2.asm.obj (.text)
                  000045b4    0000003c     driverlib.lib : ssi.obj (.text:SSIConfigSetExpClk)
                  000045f0    00000038                   : sysctl.obj (.text:SysCtlPeripheralPresent)
                  00004628    00000034                   : sysctl.obj (.text:SysCtlPeripheralEnable)
                  0000465c    00000034     rtsv7M4_T_le_v4SPD16_eabi.lib : boot_cortex_m.c.obj (.text:_c_int00_noargs:_c_int00_noargs)
                  00004690    0000002e     driverlib.lib : adc.obj (.text:ADCIntStatus)
                  000046be    0000002e     rtsv7M4_T_le_v4SPD16_eabi.lib : i_tofd_t2.asm.obj (.text)
                  000046ec    0000002a     driverlib.lib : gpio.obj (.text:GPIODirModeSet)
                  00004716    00000002     --HOLE-- [fill = 0]
                  00004718    00000020                   : uart.obj (.text:UARTDisable)
                  00004738    00000020                   : sysctl.obj (.text:_SysCtlMemTimingGet)
                  00004758    0000001e                   : adc.obj (.text:ADCSequenceDataGet)
                  00004776    0000001a     rtsv7M4_T_le_v4SPD16_eabi.lib : s_copysign.c.obj (.text:copysign)
                  00004790    00000018     driverlib.lib : adc.obj (.text:ADCProcessorTrigger)
                  000047a8    00000018                   : gpio.obj (.text:GPIOPinTypeGPIOOutput)
                  000047c0    00000018                   : timer.obj (.text:TimerDisable)
                  000047d8    00000014                   : uart.obj (.text:UARTEnable)
                  000047ec    00000012                   : gpio.obj (.text:GPIOPinTypeADC)
                  000047fe    00000012                   : gpio.obj (.text:GPIOPinTypeGPIOInput)
                  00004810    00000012                   : gpio.obj (.text:GPIOPinTypeSSI)
                  00004822    00000012                   : gpio.obj (.text:GPIOPinTypeUART)
                  00004834    00000012                   : timer.obj (.text:TimerLoadSet)
                  00004846    00000010                   : interrupt.obj (.text:IntMasterEnable)
                  00004856    0000000e                   : adc.obj (.text:ADCSequenceEnable)
                  00004864    0000000e                   : timer.obj (.text:TimerEnable)
                  00004872    0000000e     rtsv7M4_T_le_v4SPD16_eabi.lib : copy_decompress_none.c.obj (.text:decompress:none:__TI_decompress_none)
                  00004880    0000000c     driverlib.lib : cpu.obj (.text:CPUcpsie)
                  0000488c    0000000c     rtsv7M4_T_le_v4SPD16_eabi.lib : copy_zero_init.c.obj (.text:decompress:ZI:__TI_zero_init)
                  00004898    0000000c     tm4c1294ncpdt_startup_ccs.obj (.text)
                  000048a4    0000000a     driverlib.lib : adc.obj (.text:ADCIntClear)
                  000048ae    0000000a                   : ssi.obj (.text:SSIDataPut)
                  000048b8    0000000a                   : ssi.obj (.text:SSIEnable)
                  000048c2    0000000a                   : uart.obj (.text:UARTCharGet)
                  000048cc    0000000a                   : uart.obj (.text:UARTCharPut)
                  000048d6    00000008                   : timer.obj (.text:TimerIntEnable)
                  000048de    00000002     --HOLE-- [fill = 0]
                  000048e0    00000008     rtsv7M4_T_le_v4SPD16_eabi.lib : errno.c.obj (.text:__aeabi_errno_addr)
                  000048e8    00000006     driverlib.lib : gpio.obj (.text:GPIOPinRead)
                  000048ee    00000006                   : gpio.obj (.text:GPIOPinWrite)
                  000048f4    00000006                   : ssi.obj (.text:SSIClockSourceSet)
                  000048fa    00000006                   : sysctl.obj (.text:SysCtlDelay)
                  00004900    00000006                   : timer.obj (.text:TimerClockSourceSet)
                  00004906    00000006                   : uart.obj (.text:UARTClockSourceSet)
                  0000490c    00000004                   : timer.obj (.text:TimerIntClear)
                  00004910    00000004     rtsv7M4_T_le_v4SPD16_eabi.lib : pre_init.c.obj (.text:_system_pre_init)
                  00004914    00000004                                   : exit.c.obj (.text:abort:abort)

.const     0    00004918    000009b4     
                  00004918    00000600     FFT.obj (.const:Sinewave)
                  00004f18    000001b0     driverlib.lib : sysctl.obj (.const:g_pppui32XTALtoVCO)
                  000050c8    00000090                   : gpio.obj (.const:g_pui32GPIOBaseAddrs)
                  00005158    00000070                   : interrupt.obj (.const)
                  000051c8    0000006c                   : sysctl.obj (.const:g_pui32Xtals)
                  00005234    00000004     uartstdio.obj (.const)
                  00005238    00000030     rtsv7M4_T_le_v4SPD16_eabi.lib : e_pow.c.obj (.const:$O1$$)
                  00005268    00000030     driverlib.lib : sysctl.obj (.const:g_sXTALtoMEMTIM)
                  00005298    00000012     uartstdio.obj (.const:.string)
                  000052aa    00000002     --HOLE-- [fill = 0]
                  000052ac    0000000c     uartstdio.obj (.const:g_ui32UARTBase)
                  000052b8    0000000c     uartstdio.obj (.const:g_ui32UARTPeriph)
                  000052c4    00000008     driverlib.lib : sysctl.obj (.const)

.cinit     0    000052d0    00000228     
                  000052d0    00000203     (.cinit..data.load) [load image, compression = lzss]
                  000054d3    00000001     --HOLE-- [fill = 0]
                  000054d4    0000000c     (__TI_handler_table)
                  000054e0    00000008     (.cinit..bss.load) [load image, compression = zero_init]
                  000054e8    00000010     (__TI_cinit_table)

.init_array 
*          0    00000000    00000000     UNINITIALIZED

.bss       0    20000000    00003084     UNINITIALIZED
                  20000000    00001000     main.obj (.bss:adc_buffer)
                  20001000    00001000     main.obj (.bss:sound)
                  20002000    00001000     main.obj (.bss:spectrum)
                  20003000    00000010     main.obj (.bss:key$12)
                  20003010    00000010     main.obj (.bss:key$16)
                  20003020    00000010     main.obj (.bss:key$3)
                  20003030    00000010     main.obj (.bss:key$7)
                  20003040    00000010     main.obj (.bss:key_pre$13)
                  20003050    00000010     main.obj (.bss:key_pre$9)
                  20003060    00000010     main.obj (.bss)
                  20003070    00000008     (.common:freq)
                  20003078    00000004     (.common:count)
                  2000307c    00000004     (.common:pui32ADC0Value)
                  20003080    00000004     (.common:ui32SysClock)

.data      0    20003088    00000c2c     UNINITIALIZED
                  20003088    000007f8     main.obj (.data:dictionary_buffer)
                  20003880    00000400     main.obj (.data:display_buffer)
                  20003c80    00000016     main.obj (.data)
                  20003c96    00000010     main.obj (.data:music)
                  20003ca6    00000002     --HOLE--
                  20003ca8    00000005     uartstdio.obj (.data)
                  20003cad    00000003     --HOLE--
                  20003cb0    00000004     rtsv7M4_T_le_v4SPD16_eabi.lib : errno.c.obj (.data)

.stack     0    20003cb8    00000200     UNINITIALIZED
                  20003cb8    00000004     rtsv7M4_T_le_v4SPD16_eabi.lib : boot_cortex_m.c.obj (.stack)
                  20003cbc    000001fc     --HOLE--

MODULE SUMMARY

       Module                          code    ro data   rw data
       ------                          ----    -------   -------
    .\src\
       main.obj                        7784    0         15522  
    +--+-------------------------------+-------+---------+---------+
       Total:                          7784    0         15522  
                                                                
    .\src\boot\
       tm4c1294ncpdt_startup_ccs.obj   12      520       0      
    +--+-------------------------------+-------+---------+---------+
       Total:                          12      520       0      
                                                                
    .\src\signal\
       FFT.obj                         1784    1536      0      
    +--+-------------------------------+-------+---------+---------+
       Total:                          1784    1536      0      
                                                                
    .\src\utils\
       uartstdio.obj                   1180    46        5      
    +--+-------------------------------+-------+---------+---------+
       Total:                          1180    46        5      
                                                                
    D:/Desktop/TI/driverlib/ccs/Debug/driverlib.lib
       sysctl.obj                      730     596       0      
       gpio.obj                        528     144       0      
       interrupt.obj                   224     112       0      
       adc.obj                         326     0         0      
       timer.obj                       170     0         0      
       uart.obj                        148     0         0      
       ssi.obj                         86      0         0      
       cpu.obj                         12      0         0      
    +--+-------------------------------+-------+---------+---------+
       Total:                          2224    852       0      
                                                                
    D:\ti\ccs900\ccs\tools\compiler\ti-cgt-arm_18.12.1.LTS\lib\rtsv7M4_T_le_v4SPD16_eabi.lib
       e_pow.c.obj                     2496    48        0      
       fd_add_t2.asm.obj               438     0         0      
       e_sqrt.c.obj                    344     0         0      
       fd_div_t2.asm.obj               310     0         0      
       s_scalbn.c.obj                  272     0         0      
       fd_cmp_t2.asm.obj               268     0         0      
       fd_mul_t2.asm.obj               252     0         0      
       memcpy_t2.asm.obj               156     0         0      
       memset_t2.asm.obj               122     0         0      
       copy_decompress_lzss.c.obj      104     0         0      
       fd_toi_t2.asm.obj               72      0         0      
       autoinit.c.obj                  68      0         0      
       fd_tou_t2.asm.obj               68      0         0      
       u_divt2.asm.obj                 64      0         0      
       boot_cortex_m.c.obj             52      0         0      
       i_tofd_t2.asm.obj               46      0         0      
       s_copysign.c.obj                26      0         0      
       copy_decompress_none.c.obj      14      0         0      
       copy_zero_init.c.obj            12      0         0      
       errno.c.obj                     8       0         4      
       exit.c.obj                      4       0         0      
       pre_init.c.obj                  4       0         0      
       div0.asm.obj                    2       0         0      
    +--+-------------------------------+-------+---------+---------+
       Total:                          5202    48        4      
                                                                
       Stack:                          0       0         512    
       Linker Generated:               0       551       0      
    +--+-------------------------------+-------+---------+---------+
       Grand Total:                    18186   3553      16043  


LINKER GENERATED COPY TABLES

__TI_cinit_table @ 000054e8 records: 2, size/record: 8, table size: 16
	.data: load addr=000052d0, load size=00000203 bytes, run addr=20003088, run size=00000c2c bytes, compression=lzss
	.bss: load addr=000054e0, load size=00000008 bytes, run addr=20000000, run size=00003084 bytes, compression=zero_init


LINKER GENERATED HANDLER TABLE

__TI_handler_table @ 000054d4 records: 3, size/record: 4, table size: 12
	index: 0, handler: __TI_decompress_lzss
	index: 1, handler: __TI_decompress_none
	index: 2, handler: __TI_zero_init


GLOBAL SYMBOLS: SORTED ALPHABETICALLY BY Name 

address   name                          
-------   ----                          
000048a5  ADCIntClear                   
00004691  ADCIntStatus                  
00004791  ADCProcessorTrigger           
0000437d  ADCSequenceConfigure          
00004759  ADCSequenceDataGet            
00004857  ADCSequenceEnable             
000040f1  ADCSequenceStepConfigure      
00004915  C$$EXIT                       
00004881  CPUcpsie                      
00002a31  FIX_MPY                       
000046ed  GPIODirModeSet                
00003c0b  GPIOPadConfigSet              
000043cd  GPIOPinConfigure              
000048e9  GPIOPinRead                   
000047ed  GPIOPinTypeADC                
000047ff  GPIOPinTypeGPIOInput          
000047a9  GPIOPinTypeGPIOOutput         
00004811  GPIOPinTypeSSI                
00004823  GPIOPinTypeUART               
000048ef  GPIOPinWrite                  
000041e5  IntDisable                    
0000424d  IntEnable                     
00004847  IntMasterEnable               
00004899  ResetISR                      
000048f5  SSIClockSourceSet             
000045b5  SSIConfigSetExpClk            
000048af  SSIDataPut                    
000048b9  SSIEnable                     
00004918  Sinewave                      
000035c5  SysCtlClockFreqSet            
000048fb  SysCtlDelay                   
00004629  SysCtlPeripheralEnable        
000045f1  SysCtlPeripheralPresent       
00004901  TimerClockSourceSet           
0000431d  TimerConfigure                
000047c1  TimerDisable                  
00004865  TimerEnable                   
0000490d  TimerIntClear                 
000048d7  TimerIntEnable                
00004835  TimerLoadSet                  
000048c3  UARTCharGet                   
000048cd  UARTCharPut                   
00004907  UARTClockSourceSet            
000044a5  UARTConfigSetExpClk           
00004719  UARTDisable                   
000047d9  UARTEnable                    
00003129  UARTStdioConfig               
0000326f  UARTgetc                      
000031b5  UARTgets                      
0000358f  UARTprintf                    
00003295  UARTvprintf                   
0000316f  UARTwrite                     
20003eb8  __STACK_END                   
00000200  __STACK_SIZE                  
20003eb8  __STACK_TOP                   
000054e8  __TI_CINIT_Base               
000054f8  __TI_CINIT_Limit              
000054d4  __TI_Handler_Table_Base       
000054e0  __TI_Handler_Table_Limit      
000044ed  __TI_auto_init_nobinit_nopinit
000042b5  __TI_decompress_lzss          
00004873  __TI_decompress_none          
ffffffff  __TI_pprof_out_hndl           
ffffffff  __TI_prof_data_size           
ffffffff  __TI_prof_data_start          
00000000  __TI_static_base__            
0000488d  __TI_zero_init                
00003fe5  __aeabi_cdcmpeq               
00003fe5  __aeabi_cdcmple               
0000406b  __aeabi_cdrcmple              
0000445d  __aeabi_d2iz                  
00004531  __aeabi_d2uiz                 
000037cf  __aeabi_dadd                  
00003ad5  __aeabi_ddiv                  
00003e4d  __aeabi_dmul                  
000037c5  __aeabi_dsub                  
000048e1  __aeabi_errno_addr            
000046bf  __aeabi_i2d                   
0000397b  __aeabi_idiv0                 
0000397b  __aeabi_ldiv0                 
0000416b  __aeabi_memclr                
0000416b  __aeabi_memclr4               
0000416b  __aeabi_memclr8               
00003f49  __aeabi_memcpy                
00003f49  __aeabi_memcpy4               
00003f49  __aeabi_memcpy8               
0000416d  __aeabi_memset                
0000416d  __aeabi_memset4               
0000416d  __aeabi_memset8               
00004575  __aeabi_uidiv                 
00004575  __aeabi_uidivmod              
ffffffff  __binit__                     
ffffffff  __c_args__                    
UNDEFED   __mpu_init                    
20003cb8  __stack                       
0000465d  _c_int00_noargs               
UNDEFED   _system_post_cinit            
00004911  _system_pre_init              
00004915  abort                         
000002c5  adc_init                      
20003c88  attenuation_factor            
ffffffff  binit                         
00000209  console_init                  
00004777  copysign                      
00004777  copysignl                     
20003078  count                         
20003088  dictionary_buffer             
20003880  display_buffer                
20003cb0  errno                         
00002a6d  fix_fft                       
00003077  fix_fftr                      
00002d75  fix_ifft                      
20003070  freq                          
00000000  g_pfnVectors                  
00000245  gpio_init                     
00003d3d  ldexp                         
00003d3d  ldexpl                        
00001d69  main                          
00003f49  memcpy                        
00004173  memset                        
000006c9  oled_clean_all                
00000553  oled_disp_char                
000005b1  oled_disp_sent                
0000048d  oled_init                     
00000631  oled_refresh                  
00000439  oled_write_cmd                
00000463  oled_write_data               
0000150d  piano                         
00001065  pianoADV                      
00000c49  pianoSDL                      
000018c5  pianoVOL                      
00002071  pow                           
00002071  powl                          
2000307c  pui32ADC0Value                
00003d3d  scalbn                        
00003d3d  scalbnl                       
00000375  spi_init                      
0000397d  sqrt                          
0000397d  sqrtl                         
00000749  timer_adc                     
00000aa5  timer_dac                     
00000305  timer_init                    
00001ca5  turner                        
20003080  ui32SysClock                  


GLOBAL SYMBOLS: SORTED BY Symbol Address 

address   name                          
-------   ----                          
00000000  __TI_static_base__            
00000000  g_pfnVectors                  
00000200  __STACK_SIZE                  
00000209  console_init                  
00000245  gpio_init                     
000002c5  adc_init                      
00000305  timer_init                    
00000375  spi_init                      
00000439  oled_write_cmd                
00000463  oled_write_data               
0000048d  oled_init                     
00000553  oled_disp_char                
000005b1  oled_disp_sent                
00000631  oled_refresh                  
000006c9  oled_clean_all                
00000749  timer_adc                     
00000aa5  timer_dac                     
00000c49  pianoSDL                      
00001065  pianoADV                      
0000150d  piano                         
000018c5  pianoVOL                      
00001ca5  turner                        
00001d69  main                          
00002071  pow                           
00002071  powl                          
00002a31  FIX_MPY                       
00002a6d  fix_fft                       
00002d75  fix_ifft                      
00003077  fix_fftr                      
00003129  UARTStdioConfig               
0000316f  UARTwrite                     
000031b5  UARTgets                      
0000326f  UARTgetc                      
00003295  UARTvprintf                   
0000358f  UARTprintf                    
000035c5  SysCtlClockFreqSet            
000037c5  __aeabi_dsub                  
000037cf  __aeabi_dadd                  
0000397b  __aeabi_idiv0                 
0000397b  __aeabi_ldiv0                 
0000397d  sqrt                          
0000397d  sqrtl                         
00003ad5  __aeabi_ddiv                  
00003c0b  GPIOPadConfigSet              
00003d3d  ldexp                         
00003d3d  ldexpl                        
00003d3d  scalbn                        
00003d3d  scalbnl                       
00003e4d  __aeabi_dmul                  
00003f49  __aeabi_memcpy                
00003f49  __aeabi_memcpy4               
00003f49  __aeabi_memcpy8               
00003f49  memcpy                        
00003fe5  __aeabi_cdcmpeq               
00003fe5  __aeabi_cdcmple               
0000406b  __aeabi_cdrcmple              
000040f1  ADCSequenceStepConfigure      
0000416b  __aeabi_memclr                
0000416b  __aeabi_memclr4               
0000416b  __aeabi_memclr8               
0000416d  __aeabi_memset                
0000416d  __aeabi_memset4               
0000416d  __aeabi_memset8               
00004173  memset                        
000041e5  IntDisable                    
0000424d  IntEnable                     
000042b5  __TI_decompress_lzss          
0000431d  TimerConfigure                
0000437d  ADCSequenceConfigure          
000043cd  GPIOPinConfigure              
0000445d  __aeabi_d2iz                  
000044a5  UARTConfigSetExpClk           
000044ed  __TI_auto_init_nobinit_nopinit
00004531  __aeabi_d2uiz                 
00004575  __aeabi_uidiv                 
00004575  __aeabi_uidivmod              
000045b5  SSIConfigSetExpClk            
000045f1  SysCtlPeripheralPresent       
00004629  SysCtlPeripheralEnable        
0000465d  _c_int00_noargs               
00004691  ADCIntStatus                  
000046bf  __aeabi_i2d                   
000046ed  GPIODirModeSet                
00004719  UARTDisable                   
00004759  ADCSequenceDataGet            
00004777  copysign                      
00004777  copysignl                     
00004791  ADCProcessorTrigger           
000047a9  GPIOPinTypeGPIOOutput         
000047c1  TimerDisable                  
000047d9  UARTEnable                    
000047ed  GPIOPinTypeADC                
000047ff  GPIOPinTypeGPIOInput          
00004811  GPIOPinTypeSSI                
00004823  GPIOPinTypeUART               
00004835  TimerLoadSet                  
00004847  IntMasterEnable               
00004857  ADCSequenceEnable             
00004865  TimerEnable                   
00004873  __TI_decompress_none          
00004881  CPUcpsie                      
0000488d  __TI_zero_init                
00004899  ResetISR                      
000048a5  ADCIntClear                   
000048af  SSIDataPut                    
000048b9  SSIEnable                     
000048c3  UARTCharGet                   
000048cd  UARTCharPut                   
000048d7  TimerIntEnable                
000048e1  __aeabi_errno_addr            
000048e9  GPIOPinRead                   
000048ef  GPIOPinWrite                  
000048f5  SSIClockSourceSet             
000048fb  SysCtlDelay                   
00004901  TimerClockSourceSet           
00004907  UARTClockSourceSet            
0000490d  TimerIntClear                 
00004911  _system_pre_init              
00004915  C$$EXIT                       
00004915  abort                         
00004918  Sinewave                      
000054d4  __TI_Handler_Table_Base       
000054e0  __TI_Handler_Table_Limit      
000054e8  __TI_CINIT_Base               
000054f8  __TI_CINIT_Limit              
20003070  freq                          
20003078  count                         
2000307c  pui32ADC0Value                
20003080  ui32SysClock                  
20003088  dictionary_buffer             
20003880  display_buffer                
20003c88  attenuation_factor            
20003cb0  errno                         
20003cb8  __stack                       
20003eb8  __STACK_END                   
20003eb8  __STACK_TOP                   
ffffffff  __TI_pprof_out_hndl           
ffffffff  __TI_prof_data_size           
ffffffff  __TI_prof_data_start          
ffffffff  __binit__                     
ffffffff  __c_args__                    
ffffffff  binit                         
UNDEFED   __mpu_init                    
UNDEFED   _system_post_cinit            

[144 symbols]
