******************************************************************************
                  TI ARM Linker PC v18.12.1                    
******************************************************************************
>> Linked Thu Apr 25 20:03:20 2019

OUTPUT FILE NAME:   <piano.out>
ENTRY POINT SYMBOL: "_c_int00_noargs"  address: 000021f1


MEMORY CONFIGURATION

         name            origin    length      used     unused   attr    fill
----------------------  --------  ---------  --------  --------  ----  --------
  FLASH                 00000000   00100000  00002fac  000fd054  R  X
  SRAM                  20000000   00040000  00003725  0003c8db  RW X


SEGMENT ALLOCATION MAP

run origin  load origin   length   init length attrs members
----------  ----------- ---------- ----------- ----- -------
00000000    00000000    00002fb0   00002fb0    r-x
  00000000    00000000    00000208   00000208    r-- .intvecs
  00000208    00000208    00002210   00002210    r-x .text
  00002418    00002418    00000984   00000984    r-- .const
  00002da0    00002da0    00000210   00000210    r-- .cinit
20000000    20000000    00003728   00000000    rw-
  20000000    20000000    0000291c   00000000    rw- .bss
  2000291c    2000291c    00000c09   00000000    rw- .data
  20003528    20003528    00000200   00000000    rw- .stack


SECTION ALLOCATION MAP

 output                                  attributes/
section   page    origin      length       input sections
--------  ----  ----------  ----------   ----------------
.intvecs   0    00000000    00000208     
                  00000000    00000208     tm4c1294ncpdt_startup_ccs.obj (.intvecs)

.text      0    00000208    00002210     
                  00000208    00000a90     main.obj (.text)
                  00000c98    000006f8     FFT.obj (.text)
                  00001390    000004dc     uartstdio.obj (.text)
                  0000186c    00000200     driverlib.lib : sysctl.obj (.text:SysCtlClockFreqSet)
                  00001a6c    00000136     rtsv7M4_T_le_v4SPD16_eabi.lib : fd_div_t2.asm.obj (.text)
                  00001ba2    00000132     driverlib.lib : gpio.obj (.text:GPIOPadConfigSet)
                  00001cd4    0000009c     rtsv7M4_T_le_v4SPD16_eabi.lib : memcpy_t2.asm.obj (.text)
                  00001d70    00000086                                   : fd_cmp_t2.asm.obj (.text:__aeabi_cdcmple)
                  00001df6    0000007a     driverlib.lib : adc.obj (.text:ADCSequenceStepConfigure)
                  00001e70    0000007a     rtsv7M4_T_le_v4SPD16_eabi.lib : memset_t2.asm.obj (.text)
                  00001eea    00000002                                   : div0.asm.obj (.text)
                  00001eec    00000068     driverlib.lib : interrupt.obj (.text:IntEnable)
                  00001f54    00000068     rtsv7M4_T_le_v4SPD16_eabi.lib : copy_decompress_lzss.c.obj (.text:decompress:lzss:__TI_decompress_lzss)
                  00001fbc    00000060     driverlib.lib : timer.obj (.text:TimerConfigure)
                  0000201c    00000050                   : adc.obj (.text:ADCSequenceConfigure)
                  0000206c    00000048                   : gpio.obj (.text:GPIOPinConfigure)
                  000020b4    00000048                   : sysctl.obj (.text:_SysCtlFrequencyGet)
                  000020fc    00000044     rtsv7M4_T_le_v4SPD16_eabi.lib : autoinit.c.obj (.text:__TI_auto_init_nobinit_nopinit:__TI_auto_init_nobinit_nopinit)
                  00002140    00000040                                   : u_divt2.asm.obj (.text)
                  00002180    0000003c     driverlib.lib : ssi.obj (.text:SSIConfigSetExpClk)
                  000021bc    00000034                   : sysctl.obj (.text:SysCtlPeripheralEnable)
                  000021f0    00000034     rtsv7M4_T_le_v4SPD16_eabi.lib : boot_cortex_m.c.obj (.text:_c_int00_noargs:_c_int00_noargs)
                  00002224    0000002e     driverlib.lib : adc.obj (.text:ADCIntStatus)
                  00002252    0000002e     rtsv7M4_T_le_v4SPD16_eabi.lib : i_tofd_t2.asm.obj (.text)
                  00002280    0000002a     driverlib.lib : gpio.obj (.text:GPIODirModeSet)
                  000022aa    00000002     --HOLE-- [fill = 0]
                  000022ac    00000020                   : sysctl.obj (.text:_SysCtlMemTimingGet)
                  000022cc    00000020     rtsv7M4_T_le_v4SPD16_eabi.lib : u_tofd_t2.asm.obj (.text)
                  000022ec    0000001e     driverlib.lib : adc.obj (.text:ADCSequenceDataGet)
                  0000230a    00000018                   : adc.obj (.text:ADCProcessorTrigger)
                  00002322    00000018                   : gpio.obj (.text:GPIOPinTypeGPIOOutput)
                  0000233a    00000012                   : gpio.obj (.text:GPIOPinTypeADC)
                  0000234c    00000012                   : gpio.obj (.text:GPIOPinTypeUART)
                  0000235e    00000012                   : timer.obj (.text:TimerLoadSet)
                  00002370    00000010                   : interrupt.obj (.text:IntMasterEnable)
                  00002380    0000000e                   : adc.obj (.text:ADCSequenceEnable)
                  0000238e    0000000e                   : timer.obj (.text:TimerEnable)
                  0000239c    0000000e     rtsv7M4_T_le_v4SPD16_eabi.lib : copy_decompress_none.c.obj (.text:decompress:none:__TI_decompress_none)
                  000023aa    0000000c     driverlib.lib : cpu.obj (.text:CPUcpsie)
                  000023b6    0000000c     rtsv7M4_T_le_v4SPD16_eabi.lib : copy_zero_init.c.obj (.text:decompress:ZI:__TI_zero_init)
                  000023c2    0000000c     tm4c1294ncpdt_startup_ccs.obj (.text)
                  000023ce    0000000a     driverlib.lib : adc.obj (.text:ADCIntClear)
                  000023d8    0000000a                   : ssi.obj (.text:SSIDataPut)
                  000023e2    0000000a                   : ssi.obj (.text:SSIEnable)
                  000023ec    00000008                   : timer.obj (.text:TimerIntEnable)
                  000023f4    00000006                   : gpio.obj (.text:GPIOPinWrite)
                  000023fa    00000006                   : ssi.obj (.text:SSIClockSourceSet)
                  00002400    00000006                   : sysctl.obj (.text:SysCtlDelay)
                  00002406    00000006                   : uart.obj (.text:UARTClockSourceSet)
                  0000240c    00000004                   : timer.obj (.text:TimerIntClear)
                  00002410    00000004     rtsv7M4_T_le_v4SPD16_eabi.lib : pre_init.c.obj (.text:_system_pre_init)
                  00002414    00000004                                   : exit.c.obj (.text:abort:abort)

.const     0    00002418    00000984     
                  00002418    00000600     FFT.obj (.const:Sinewave)
                  00002a18    000001b0     driverlib.lib : sysctl.obj (.const:g_pppui32XTALtoVCO)
                  00002bc8    00000090                   : gpio.obj (.const:g_pui32GPIOBaseAddrs)
                  00002c58    00000070                   : interrupt.obj (.const)
                  00002cc8    0000006c                   : sysctl.obj (.const:g_pui32Xtals)
                  00002d34    00000030                   : sysctl.obj (.const:g_sXTALtoMEMTIM)
                  00002d64    00000012     uartstdio.obj (.const:.string)
                  00002d76    00000002     --HOLE-- [fill = 0]
                  00002d78    0000000c     uartstdio.obj (.const:g_ui32UARTBase)
                  00002d84    0000000c     uartstdio.obj (.const:g_ui32UARTPeriph)
                  00002d90    00000008     driverlib.lib : sysctl.obj (.const)
                  00002d98    00000004     uartstdio.obj (.const)

.cinit     0    00002da0    00000210     
                  00002da0    000001eb     (.cinit..data.load) [load image, compression = lzss]
                  00002f8b    00000001     --HOLE-- [fill = 0]
                  00002f8c    0000000c     (__TI_handler_table)
                  00002f98    00000008     (.cinit..bss.load) [load image, compression = zero_init]
                  00002fa0    00000010     (__TI_cinit_table)

.init_array 
*          0    00000000    00000000     UNINITIALIZED

.bss       0    20000000    0000291c     UNINITIALIZED
                  20000000    00001000     main.obj (.bss:adc_buffer)
                  20001000    00001000     main.obj (.bss:fx$5)
                  20002000    00000800     main.obj (.bss:alti$4)
                  20002800    00000100     main.obj (.bss:sound)
                  20002900    0000000c     main.obj (.bss)
                  2000290c    00000004     (.common:pui32ADC0Value)
                  20002910    00000008     (.common:freq)
                  20002918    00000004     (.common:ui32SysClock)

.data      0    2000291c    00000c09     UNINITIALIZED
                  2000291c    000007f8     main.obj (.data:dictionary_buffer)
                  20003114    00000400     main.obj (.data:display_buffer)
                  20003514    0000000c     main.obj (.data)
                  20003520    00000005     uartstdio.obj (.data)

.stack     0    20003528    00000200     UNINITIALIZED
                  20003528    00000004     rtsv7M4_T_le_v4SPD16_eabi.lib : boot_cortex_m.c.obj (.stack)
                  2000352c    000001fc     --HOLE--

MODULE SUMMARY

       Module                          code   ro data   rw data
       ------                          ----   -------   -------
    .\src\
       main.obj                        2704   0         13600  
    +--+-------------------------------+------+---------+---------+
       Total:                          2704   0         13600  
                                                               
    .\src\boot\
       tm4c1294ncpdt_startup_ccs.obj   12     520       0      
    +--+-------------------------------+------+---------+---------+
       Total:                          12     520       0      
                                                               
    .\src\signal\
       FFT.obj                         1784   1536      0      
    +--+-------------------------------+------+---------+---------+
       Total:                          1784   1536      0      
                                                               
    .\src\utils\
       uartstdio.obj                   1244   46        5      
    +--+-------------------------------+------+---------+---------+
       Total:                          1244   46        5      
                                                               
    D:/Desktop/TI/driverlib/ccs/Debug/driverlib.lib
       sysctl.obj                      674    596       0      
       gpio.obj                        486    144       0      
       adc.obj                         326    0         0      
       interrupt.obj                   120    112       0      
       timer.obj                       140    0         0      
       ssi.obj                         86     0         0      
       cpu.obj                         12     0         0      
       uart.obj                        6      0         0      
    +--+-------------------------------+------+---------+---------+
       Total:                          1850   852       0      
                                                               
    D:\ti\ccs900\ccs\tools\compiler\ti-cgt-arm_18.12.1.LTS\lib\rtsv7M4_T_le_v4SPD16_eabi.lib
       fd_div_t2.asm.obj               310    0         0      
       memcpy_t2.asm.obj               156    0         0      
       fd_cmp_t2.asm.obj               134    0         0      
       memset_t2.asm.obj               122    0         0      
       copy_decompress_lzss.c.obj      104    0         0      
       autoinit.c.obj                  68     0         0      
       u_divt2.asm.obj                 64     0         0      
       boot_cortex_m.c.obj             52     0         0      
       i_tofd_t2.asm.obj               46     0         0      
       u_tofd_t2.asm.obj               32     0         0      
       copy_decompress_none.c.obj      14     0         0      
       copy_zero_init.c.obj            12     0         0      
       exit.c.obj                      4      0         0      
       pre_init.c.obj                  4      0         0      
       div0.asm.obj                    2      0         0      
    +--+-------------------------------+------+---------+---------+
       Total:                          1124   0         0      
                                                               
       Stack:                          0      0         512    
       Linker Generated:               0      527       0      
    +--+-------------------------------+------+---------+---------+
       Grand Total:                    8718   3481      14117  


LINKER GENERATED COPY TABLES

__TI_cinit_table @ 00002fa0 records: 2, size/record: 8, table size: 16
	.data: load addr=00002da0, load size=000001eb bytes, run addr=2000291c, run size=00000c09 bytes, compression=lzss
	.bss: load addr=00002f98, load size=00000008 bytes, run addr=20000000, run size=0000291c bytes, compression=zero_init


LINKER GENERATED HANDLER TABLE

__TI_handler_table @ 00002f8c records: 3, size/record: 4, table size: 12
	index: 0, handler: __TI_decompress_lzss
	index: 1, handler: __TI_decompress_none
	index: 2, handler: __TI_zero_init


GLOBAL SYMBOLS: SORTED ALPHABETICALLY BY Name 

address   name                          
-------   ----                          
000023cf  ADCIntClear                   
00002225  ADCIntStatus                  
0000230b  ADCProcessorTrigger           
0000201d  ADCSequenceConfigure          
000022ed  ADCSequenceDataGet            
00002381  ADCSequenceEnable             
00001df7  ADCSequenceStepConfigure      
00002415  C$$EXIT                       
000023ab  CPUcpsie                      
00000c99  FIX_MPY                       
00002281  GPIODirModeSet                
00001ba3  GPIOPadConfigSet              
0000206d  GPIOPinConfigure              
0000233b  GPIOPinTypeADC                
00002323  GPIOPinTypeGPIOOutput         
0000234d  GPIOPinTypeUART               
000023f5  GPIOPinWrite                  
00000563  InitConsole                   
00001eed  IntEnable                     
00002371  IntMasterEnable               
000023c3  ResetISR                      
000023fb  SSIClockSourceSet             
00002181  SSIConfigSetExpClk            
000023d9  SSIDataPut                    
000023e3  SSIEnable                     
00002418  Sinewave                      
0000186d  SysCtlClockFreqSet            
00002401  SysCtlDelay                   
000021bd  SysCtlPeripheralEnable        
00001fbd  TimerConfigure                
0000238f  TimerEnable                   
0000240d  TimerIntClear                 
000023ed  TimerIntEnable                
0000235f  TimerLoadSet                  
00002407  UARTClockSourceSet            
00001391  UARTStdioConfig               
00001509  UARTgetc                      
00001443  UARTgets                      
00001837  UARTprintf                    
0000153d  UARTvprintf                   
000013f1  UARTwrite                     
20003728  __STACK_END                   
00000200  __STACK_SIZE                  
20003728  __STACK_TOP                   
00002fa0  __TI_CINIT_Base               
00002fb0  __TI_CINIT_Limit              
00002f8c  __TI_Handler_Table_Base       
00002f98  __TI_Handler_Table_Limit      
000020fd  __TI_auto_init_nobinit_nopinit
00001f55  __TI_decompress_lzss          
0000239d  __TI_decompress_none          
ffffffff  __TI_pprof_out_hndl           
ffffffff  __TI_prof_data_size           
ffffffff  __TI_prof_data_start          
00000000  __TI_static_base__            
000023b7  __TI_zero_init                
00001d71  __aeabi_cdcmpeq               
00001d71  __aeabi_cdcmple               
00001a6d  __aeabi_ddiv                  
00002253  __aeabi_i2d                   
00001eeb  __aeabi_idiv0                 
00001eeb  __aeabi_ldiv0                 
00001e71  __aeabi_memclr                
00001e71  __aeabi_memclr4               
00001e71  __aeabi_memclr8               
00001cd5  __aeabi_memcpy                
00001cd5  __aeabi_memcpy4               
00001cd5  __aeabi_memcpy8               
00001e73  __aeabi_memset                
00001e73  __aeabi_memset4               
00001e73  __aeabi_memset8               
000022cd  __aeabi_ui2d                  
00002141  __aeabi_uidiv                 
00002141  __aeabi_uidivmod              
ffffffff  __binit__                     
ffffffff  __c_args__                    
UNDEFED   __mpu_init                    
20003528  __stack                       
000021f1  _c_int00_noargs               
UNDEFED   _system_post_cinit            
00002411  _system_pre_init              
00002415  abort                         
00000921  adc_get_value                 
000005b9  adc_init                      
ffffffff  binit                         
000004ed  clean_led_all                 
2000291c  dictionary_buffer             
0000031b  disp_char                     
0000034d  disp_sent                     
20003114  display_buffer                
00000cd5  fix_fft                       
000012df  fix_fftr                      
00000fdd  fix_ifft                      
20002910  freq                          
00000000  g_pfnVectors                  
0000059f  gpio_init                     
00000b19  main                          
00001cd5  memcpy                        
00001e79  memset                        
00000393  oled_draw_point               
0000025d  oled_init                     
00000209  oled_write_cmd                
00000233  oled_write_data               
00000af9  piano                         
2000290c  pui32ADC0Value                
000003d9  refresh_led                   
0000046b  refresh_led_line              
000006a5  spi_init                      
000007a3  timer_adc                     
00000899  timer_dac                     
00000605  timer_init                    
0000076d  timer_pwm                     
00000a71  turner                        
20002918  ui32SysClock                  


GLOBAL SYMBOLS: SORTED BY Symbol Address 

address   name                          
-------   ----                          
00000000  __TI_static_base__            
00000000  g_pfnVectors                  
00000200  __STACK_SIZE                  
00000209  oled_write_cmd                
00000233  oled_write_data               
0000025d  oled_init                     
0000031b  disp_char                     
0000034d  disp_sent                     
00000393  oled_draw_point               
000003d9  refresh_led                   
0000046b  refresh_led_line              
000004ed  clean_led_all                 
00000563  InitConsole                   
0000059f  gpio_init                     
000005b9  adc_init                      
00000605  timer_init                    
000006a5  spi_init                      
0000076d  timer_pwm                     
000007a3  timer_adc                     
00000899  timer_dac                     
00000921  adc_get_value                 
00000a71  turner                        
00000af9  piano                         
00000b19  main                          
00000c99  FIX_MPY                       
00000cd5  fix_fft                       
00000fdd  fix_ifft                      
000012df  fix_fftr                      
00001391  UARTStdioConfig               
000013f1  UARTwrite                     
00001443  UARTgets                      
00001509  UARTgetc                      
0000153d  UARTvprintf                   
00001837  UARTprintf                    
0000186d  SysCtlClockFreqSet            
00001a6d  __aeabi_ddiv                  
00001ba3  GPIOPadConfigSet              
00001cd5  __aeabi_memcpy                
00001cd5  __aeabi_memcpy4               
00001cd5  __aeabi_memcpy8               
00001cd5  memcpy                        
00001d71  __aeabi_cdcmpeq               
00001d71  __aeabi_cdcmple               
00001df7  ADCSequenceStepConfigure      
00001e71  __aeabi_memclr                
00001e71  __aeabi_memclr4               
00001e71  __aeabi_memclr8               
00001e73  __aeabi_memset                
00001e73  __aeabi_memset4               
00001e73  __aeabi_memset8               
00001e79  memset                        
00001eeb  __aeabi_idiv0                 
00001eeb  __aeabi_ldiv0                 
00001eed  IntEnable                     
00001f55  __TI_decompress_lzss          
00001fbd  TimerConfigure                
0000201d  ADCSequenceConfigure          
0000206d  GPIOPinConfigure              
000020fd  __TI_auto_init_nobinit_nopinit
00002141  __aeabi_uidiv                 
00002141  __aeabi_uidivmod              
00002181  SSIConfigSetExpClk            
000021bd  SysCtlPeripheralEnable        
000021f1  _c_int00_noargs               
00002225  ADCIntStatus                  
00002253  __aeabi_i2d                   
00002281  GPIODirModeSet                
000022cd  __aeabi_ui2d                  
000022ed  ADCSequenceDataGet            
0000230b  ADCProcessorTrigger           
00002323  GPIOPinTypeGPIOOutput         
0000233b  GPIOPinTypeADC                
0000234d  GPIOPinTypeUART               
0000235f  TimerLoadSet                  
00002371  IntMasterEnable               
00002381  ADCSequenceEnable             
0000238f  TimerEnable                   
0000239d  __TI_decompress_none          
000023ab  CPUcpsie                      
000023b7  __TI_zero_init                
000023c3  ResetISR                      
000023cf  ADCIntClear                   
000023d9  SSIDataPut                    
000023e3  SSIEnable                     
000023ed  TimerIntEnable                
000023f5  GPIOPinWrite                  
000023fb  SSIClockSourceSet             
00002401  SysCtlDelay                   
00002407  UARTClockSourceSet            
0000240d  TimerIntClear                 
00002411  _system_pre_init              
00002415  C$$EXIT                       
00002415  abort                         
00002418  Sinewave                      
00002f8c  __TI_Handler_Table_Base       
00002f98  __TI_Handler_Table_Limit      
00002fa0  __TI_CINIT_Base               
00002fb0  __TI_CINIT_Limit              
2000290c  pui32ADC0Value                
20002910  freq                          
20002918  ui32SysClock                  
2000291c  dictionary_buffer             
20003114  display_buffer                
20003528  __stack                       
20003728  __STACK_END                   
20003728  __STACK_TOP                   
ffffffff  __TI_pprof_out_hndl           
ffffffff  __TI_prof_data_size           
ffffffff  __TI_prof_data_start          
ffffffff  __binit__                     
ffffffff  __c_args__                    
ffffffff  binit                         
UNDEFED   __mpu_init                    
UNDEFED   _system_post_cinit            

[114 symbols]
