******************************************************************************
                  TI ARM Linker PC v18.12.1                    
******************************************************************************
>> Linked Sat Apr 27 09:15:04 2019

OUTPUT FILE NAME:   <piano.out>
ENTRY POINT SYMBOL: "_c_int00_noargs"  address: 000029d5


MEMORY CONFIGURATION

         name            origin    length      used     unused   attr    fill
----------------------  --------  ---------  --------  --------  ----  --------
  FLASH                 00000000   00100000  000037f2  000fc80e  R  X
  SRAM                  20000000   00040000  00003245  0003cdbb  RW X


SEGMENT ALLOCATION MAP

run origin  load origin   length   init length attrs members
----------  ----------- ---------- ----------- ----- -------
00000000    00000000    000037f8   000037f8    r-x
  00000000    00000000    00000208   00000208    r-- .intvecs
  00000208    00000208    00002a3e   00002a3e    r-x .text
  00002c48    00002c48    00000984   00000984    r-- .const
  000035d0    000035d0    00000228   00000228    r-- .cinit
20000000    20000000    00003248   00000000    rw-
  20000000    20000000    0000242c   00000000    rw- .bss
  2000242c    2000242c    00000c19   00000000    rw- .data
  20003048    20003048    00000200   00000000    rw- .stack


SECTION ALLOCATION MAP

 output                                  attributes/
section   page    origin      length       input sections
--------  ----  ----------  ----------   ----------------
.intvecs   0    00000000    00000208     
                  00000000    00000208     tm4c1294ncpdt_startup_ccs.obj (.intvecs)

.text      0    00000208    00002a3e     
                  00000208    00001188     main.obj (.text)
                  00001390    000006f8     FFT.obj (.text)
                  00001a88    000004dc     uartstdio.obj (.text)
                  00001f64    00000200     driverlib.lib : sysctl.obj (.text:SysCtlClockFreqSet)
                  00002164    00000136     rtsv7M4_T_le_v4SPD16_eabi.lib : fd_div_t2.asm.obj (.text)
                  0000229a    00000132     driverlib.lib : gpio.obj (.text:GPIOPadConfigSet)
                  000023cc    0000009c     rtsv7M4_T_le_v4SPD16_eabi.lib : memcpy_t2.asm.obj (.text)
                  00002468    00000086                                   : fd_cmp_t2.asm.obj (.text:__aeabi_cdcmple)
                  000024ee    00000086                                   : fd_cmp_t2.asm.obj (.text:__aeabi_cdrcmple)
                  00002574    0000007a     driverlib.lib : adc.obj (.text:ADCSequenceStepConfigure)
                  000025ee    0000007a     rtsv7M4_T_le_v4SPD16_eabi.lib : memset_t2.asm.obj (.text)
                  00002668    00000068     driverlib.lib : interrupt.obj (.text:IntDisable)
                  000026d0    00000068                   : interrupt.obj (.text:IntEnable)
                  00002738    00000068     rtsv7M4_T_le_v4SPD16_eabi.lib : copy_decompress_lzss.c.obj (.text:decompress:lzss:__TI_decompress_lzss)
                  000027a0    00000060     driverlib.lib : timer.obj (.text:TimerConfigure)
                  00002800    00000050                   : adc.obj (.text:ADCSequenceConfigure)
                  00002850    00000048                   : gpio.obj (.text:GPIOPinConfigure)
                  00002898    00000048                   : sysctl.obj (.text:_SysCtlFrequencyGet)
                  000028e0    00000044     rtsv7M4_T_le_v4SPD16_eabi.lib : autoinit.c.obj (.text:__TI_auto_init_nobinit_nopinit:__TI_auto_init_nobinit_nopinit)
                  00002924    00000040                                   : u_divt2.asm.obj (.text)
                  00002964    0000003c     driverlib.lib : ssi.obj (.text:SSIConfigSetExpClk)
                  000029a0    00000034                   : sysctl.obj (.text:SysCtlPeripheralEnable)
                  000029d4    00000034     rtsv7M4_T_le_v4SPD16_eabi.lib : boot_cortex_m.c.obj (.text:_c_int00_noargs:_c_int00_noargs)
                  00002a08    0000002e     driverlib.lib : adc.obj (.text:ADCIntStatus)
                  00002a36    0000002e     rtsv7M4_T_le_v4SPD16_eabi.lib : i_tofd_t2.asm.obj (.text)
                  00002a64    0000002a     driverlib.lib : gpio.obj (.text:GPIODirModeSet)
                  00002a8e    00000002     rtsv7M4_T_le_v4SPD16_eabi.lib : div0.asm.obj (.text)
                  00002a90    00000020     driverlib.lib : sysctl.obj (.text:_SysCtlMemTimingGet)
                  00002ab0    00000020     rtsv7M4_T_le_v4SPD16_eabi.lib : u_tofd_t2.asm.obj (.text)
                  00002ad0    0000001e     driverlib.lib : adc.obj (.text:ADCSequenceDataGet)
                  00002aee    00000018                   : adc.obj (.text:ADCProcessorTrigger)
                  00002b06    00000018                   : gpio.obj (.text:GPIOPinTypeGPIOOutput)
                  00002b1e    00000002     --HOLE-- [fill = 0]
                  00002b20    00000018                   : timer.obj (.text:TimerDisable)
                  00002b38    00000012                   : gpio.obj (.text:GPIOPinTypeADC)
                  00002b4a    00000012                   : gpio.obj (.text:GPIOPinTypeGPIOInput)
                  00002b5c    00000012                   : gpio.obj (.text:GPIOPinTypeSSI)
                  00002b6e    00000012                   : gpio.obj (.text:GPIOPinTypeUART)
                  00002b80    00000012                   : timer.obj (.text:TimerLoadSet)
                  00002b92    00000010                   : interrupt.obj (.text:IntMasterEnable)
                  00002ba2    0000000e                   : adc.obj (.text:ADCSequenceEnable)
                  00002bb0    0000000e                   : timer.obj (.text:TimerEnable)
                  00002bbe    0000000e     rtsv7M4_T_le_v4SPD16_eabi.lib : copy_decompress_none.c.obj (.text:decompress:none:__TI_decompress_none)
                  00002bcc    0000000c     driverlib.lib : cpu.obj (.text:CPUcpsie)
                  00002bd8    0000000c     rtsv7M4_T_le_v4SPD16_eabi.lib : copy_zero_init.c.obj (.text:decompress:ZI:__TI_zero_init)
                  00002be4    0000000c     tm4c1294ncpdt_startup_ccs.obj (.text)
                  00002bf0    0000000a     driverlib.lib : adc.obj (.text:ADCIntClear)
                  00002bfa    0000000a                   : ssi.obj (.text:SSIDataPut)
                  00002c04    0000000a                   : ssi.obj (.text:SSIEnable)
                  00002c0e    00000008                   : timer.obj (.text:TimerIntEnable)
                  00002c16    00000006                   : gpio.obj (.text:GPIOPinRead)
                  00002c1c    00000006                   : gpio.obj (.text:GPIOPinWrite)
                  00002c22    00000006                   : ssi.obj (.text:SSIClockSourceSet)
                  00002c28    00000006                   : sysctl.obj (.text:SysCtlDelay)
                  00002c2e    00000006                   : timer.obj (.text:TimerClockSourceSet)
                  00002c34    00000006                   : uart.obj (.text:UARTClockSourceSet)
                  00002c3a    00000004                   : timer.obj (.text:TimerIntClear)
                  00002c3e    00000004     rtsv7M4_T_le_v4SPD16_eabi.lib : pre_init.c.obj (.text:_system_pre_init)
                  00002c42    00000004                                   : exit.c.obj (.text:abort:abort)

.const     0    00002c48    00000984     
                  00002c48    00000600     FFT.obj (.const:Sinewave)
                  00003248    000001b0     driverlib.lib : sysctl.obj (.const:g_pppui32XTALtoVCO)
                  000033f8    00000090                   : gpio.obj (.const:g_pui32GPIOBaseAddrs)
                  00003488    00000070                   : interrupt.obj (.const)
                  000034f8    0000006c                   : sysctl.obj (.const:g_pui32Xtals)
                  00003564    00000030                   : sysctl.obj (.const:g_sXTALtoMEMTIM)
                  00003594    00000012     uartstdio.obj (.const:.string)
                  000035a6    00000002     --HOLE-- [fill = 0]
                  000035a8    0000000c     uartstdio.obj (.const:g_ui32UARTBase)
                  000035b4    0000000c     uartstdio.obj (.const:g_ui32UARTPeriph)
                  000035c0    00000008     driverlib.lib : sysctl.obj (.const)
                  000035c8    00000004     uartstdio.obj (.const)

.cinit     0    000035d0    00000228     
                  000035d0    000001ff     (.cinit..data.load) [load image, compression = lzss]
                  000037cf    00000001     --HOLE-- [fill = 0]
                  000037d0    0000000c     (__TI_handler_table)
                  000037dc    00000004     --HOLE-- [fill = 0]
                  000037e0    00000008     (.cinit..bss.load) [load image, compression = zero_init]
                  000037e8    00000010     (__TI_cinit_table)

.init_array 
*          0    00000000    00000000     UNINITIALIZED

.bss       0    20000000    0000242c     UNINITIALIZED
                  20000000    00000800     main.obj (.bss:adc_buffer)
                  20000800    00000800     main.obj (.bss:fx$3)
                  20001000    00000800     main.obj (.bss:sound)
                  20001800    00000800     main.obj (.bss:spectrum)
                  20002000    00000400     main.obj (.bss:alti$2)
                  20002400    00000010     main.obj (.bss:key$9)
                  20002410    0000000a     main.obj (.bss)
                  2000241a    00000002     --HOLE--
                  2000241c    00000004     (.common:pui32ADC0Value)
                  20002420    00000008     (.common:freq)
                  20002428    00000004     (.common:ui32SysClock)

.data      0    2000242c    00000c19     UNINITIALIZED
                  2000242c    000007f8     main.obj (.data:dictionary_buffer)
                  20002c24    00000400     main.obj (.data:display_buffer)
                  20003024    00000010     main.obj (.data:music$10)
                  20003034    0000000c     main.obj (.data)
                  20003040    00000005     uartstdio.obj (.data)

.stack     0    20003048    00000200     UNINITIALIZED
                  20003048    00000004     rtsv7M4_T_le_v4SPD16_eabi.lib : boot_cortex_m.c.obj (.stack)
                  2000304c    000001fc     --HOLE--

MODULE SUMMARY

       Module                          code    ro data   rw data
       ------                          ----    -------   -------
    .\src\
       main.obj                        4488    0         12350  
    +--+-------------------------------+-------+---------+---------+
       Total:                          4488    0         12350  
                                                                
    .\src\boot\
       tm4c1294ncpdt_startup_ccs.obj   12      520       0      
    +--+-------------------------------+-------+---------+---------+
       Total:                          12      520       0      
                                                                
    .\src\signal\
       FFT.obj                         1784    1536      0      
    +--+-------------------------------+-------+---------+---------+
       Total:                          1784    1536      0      
                                                                
    .\src\utils\
       uartstdio.obj                   1244    46        5      
    +--+-------------------------------+-------+---------+---------+
       Total:                          1244    46        5      
                                                                
    D:/Desktop/TI/driverlib/ccs/Debug/driverlib.lib
       sysctl.obj                      674     596       0      
       gpio.obj                        528     144       0      
       interrupt.obj                   224     112       0      
       adc.obj                         326     0         0      
       timer.obj                       170     0         0      
       ssi.obj                         86      0         0      
       cpu.obj                         12      0         0      
       uart.obj                        6       0         0      
    +--+-------------------------------+-------+---------+---------+
       Total:                          2026    852       0      
                                                                
    D:\ti\ccs900\ccs\tools\compiler\ti-cgt-arm_18.12.1.LTS\lib\rtsv7M4_T_le_v4SPD16_eabi.lib
       fd_div_t2.asm.obj               310     0         0      
       fd_cmp_t2.asm.obj               268     0         0      
       memcpy_t2.asm.obj               156     0         0      
       memset_t2.asm.obj               122     0         0      
       copy_decompress_lzss.c.obj      104     0         0      
       autoinit.c.obj                  68      0         0      
       u_divt2.asm.obj                 64      0         0      
       boot_cortex_m.c.obj             52      0         0      
       i_tofd_t2.asm.obj               46      0         0      
       u_tofd_t2.asm.obj               32      0         0      
       copy_decompress_none.c.obj      14      0         0      
       copy_zero_init.c.obj            12      0         0      
       exit.c.obj                      4       0         0      
       pre_init.c.obj                  4       0         0      
       div0.asm.obj                    2       0         0      
    +--+-------------------------------+-------+---------+---------+
       Total:                          1258    0         0      
                                                                
       Stack:                          0       0         512    
       Linker Generated:               0       547       0      
    +--+-------------------------------+-------+---------+---------+
       Grand Total:                    10812   3501      12867  


LINKER GENERATED COPY TABLES

__TI_cinit_table @ 000037e8 records: 2, size/record: 8, table size: 16
	.data: load addr=000035d0, load size=000001ff bytes, run addr=2000242c, run size=00000c19 bytes, compression=lzss
	.bss: load addr=000037e0, load size=00000008 bytes, run addr=20000000, run size=0000242c bytes, compression=zero_init


LINKER GENERATED HANDLER TABLE

__TI_handler_table @ 000037d0 records: 3, size/record: 4, table size: 12
	index: 0, handler: __TI_decompress_lzss
	index: 1, handler: __TI_decompress_none
	index: 2, handler: __TI_zero_init


GLOBAL SYMBOLS: SORTED ALPHABETICALLY BY Name 

address   name                          
-------   ----                          
00002bf1  ADCIntClear                   
00002a09  ADCIntStatus                  
00002aef  ADCProcessorTrigger           
00002801  ADCSequenceConfigure          
00002ad1  ADCSequenceDataGet            
00002ba3  ADCSequenceEnable             
00002575  ADCSequenceStepConfigure      
00002c43  C$$EXIT                       
00002bcd  CPUcpsie                      
00001391  FIX_MPY                       
00002a65  GPIODirModeSet                
0000229b  GPIOPadConfigSet              
00002851  GPIOPinConfigure              
00002c17  GPIOPinRead                   
00002b39  GPIOPinTypeADC                
00002b4b  GPIOPinTypeGPIOInput          
00002b07  GPIOPinTypeGPIOOutput         
00002b5d  GPIOPinTypeSSI                
00002b6f  GPIOPinTypeUART               
00002c1d  GPIOPinWrite                  
00000209  InitConsole                   
00002669  IntDisable                    
000026d1  IntEnable                     
00002b93  IntMasterEnable               
00002be5  ResetISR                      
00002c23  SSIClockSourceSet             
00002965  SSIConfigSetExpClk            
00002bfb  SSIDataPut                    
00002c05  SSIEnable                     
00002c48  Sinewave                      
00001f65  SysCtlClockFreqSet            
00002c29  SysCtlDelay                   
000029a1  SysCtlPeripheralEnable        
00002c2f  TimerClockSourceSet           
000027a1  TimerConfigure                
00002b21  TimerDisable                  
00002bb1  TimerEnable                   
00002c3b  TimerIntClear                 
00002c0f  TimerIntEnable                
00002b81  TimerLoadSet                  
00002c35  UARTClockSourceSet            
00001a89  UARTStdioConfig               
00001c01  UARTgetc                      
00001b3b  UARTgets                      
00001f2f  UARTprintf                    
00001c35  UARTvprintf                   
00001ae9  UARTwrite                     
20003248  __STACK_END                   
00000200  __STACK_SIZE                  
20003248  __STACK_TOP                   
000037e8  __TI_CINIT_Base               
000037f8  __TI_CINIT_Limit              
000037d0  __TI_Handler_Table_Base       
000037dc  __TI_Handler_Table_Limit      
000028e1  __TI_auto_init_nobinit_nopinit
00002739  __TI_decompress_lzss          
00002bbf  __TI_decompress_none          
ffffffff  __TI_pprof_out_hndl           
ffffffff  __TI_prof_data_size           
ffffffff  __TI_prof_data_start          
00000000  __TI_static_base__            
00002bd9  __TI_zero_init                
00002469  __aeabi_cdcmpeq               
00002469  __aeabi_cdcmple               
000024ef  __aeabi_cdrcmple              
00002165  __aeabi_ddiv                  
00002a37  __aeabi_i2d                   
00002a8f  __aeabi_idiv0                 
00002a8f  __aeabi_ldiv0                 
000025ef  __aeabi_memclr                
000025ef  __aeabi_memclr4               
000025ef  __aeabi_memclr8               
000023cd  __aeabi_memcpy                
000023cd  __aeabi_memcpy4               
000023cd  __aeabi_memcpy8               
000025f1  __aeabi_memset                
000025f1  __aeabi_memset4               
000025f1  __aeabi_memset8               
00002ab1  __aeabi_ui2d                  
00002925  __aeabi_uidiv                 
00002925  __aeabi_uidivmod              
ffffffff  __binit__                     
ffffffff  __c_args__                    
UNDEFED   __mpu_init                    
20003048  __stack                       
000029d5  _c_int00_noargs               
UNDEFED   _system_post_cinit            
00002c3f  _system_pre_init              
00002c43  abort                         
00000ce9  adc_get_value                 
000002bd  adc_init                      
ffffffff  binit                         
0000079b  clean_led_all                 
2000242c  dictionary_buffer             
00000573  disp_char                     
000005e1  disp_sent                     
20002c24  display_buffer                
000013cd  fix_fft                       
000019d7  fix_fftr                      
000016d5  fix_ifft                      
20002420  freq                          
00000000  g_pfnVectors                  
00000245  gpio_init                     
000011cd  main                          
000023cd  memcpy                        
000025f7  memset                        
00000649  oled_draw_point               
000004ad  oled_init                     
00000459  oled_write_cmd                
00000483  oled_write_data               
00000f31  piano                         
2000241c  pui32ADC0Value                
000006a5  refresh_led                   
00000739  refresh_led_line              
00000395  spi_init                      
0000086d  timer_adc                     
00000bb5  timer_dac                     
000002fd  timer_init                    
00000811  timer_pwm                     
00000e71  turner                        
20002428  ui32SysClock                  


GLOBAL SYMBOLS: SORTED BY Symbol Address 

address   name                          
-------   ----                          
00000000  __TI_static_base__            
00000000  g_pfnVectors                  
00000200  __STACK_SIZE                  
00000209  InitConsole                   
00000245  gpio_init                     
000002bd  adc_init                      
000002fd  timer_init                    
00000395  spi_init                      
00000459  oled_write_cmd                
00000483  oled_write_data               
000004ad  oled_init                     
00000573  disp_char                     
000005e1  disp_sent                     
00000649  oled_draw_point               
000006a5  refresh_led                   
00000739  refresh_led_line              
0000079b  clean_led_all                 
00000811  timer_pwm                     
0000086d  timer_adc                     
00000bb5  timer_dac                     
00000ce9  adc_get_value                 
00000e71  turner                        
00000f31  piano                         
000011cd  main                          
00001391  FIX_MPY                       
000013cd  fix_fft                       
000016d5  fix_ifft                      
000019d7  fix_fftr                      
00001a89  UARTStdioConfig               
00001ae9  UARTwrite                     
00001b3b  UARTgets                      
00001c01  UARTgetc                      
00001c35  UARTvprintf                   
00001f2f  UARTprintf                    
00001f65  SysCtlClockFreqSet            
00002165  __aeabi_ddiv                  
0000229b  GPIOPadConfigSet              
000023cd  __aeabi_memcpy                
000023cd  __aeabi_memcpy4               
000023cd  __aeabi_memcpy8               
000023cd  memcpy                        
00002469  __aeabi_cdcmpeq               
00002469  __aeabi_cdcmple               
000024ef  __aeabi_cdrcmple              
00002575  ADCSequenceStepConfigure      
000025ef  __aeabi_memclr                
000025ef  __aeabi_memclr4               
000025ef  __aeabi_memclr8               
000025f1  __aeabi_memset                
000025f1  __aeabi_memset4               
000025f1  __aeabi_memset8               
000025f7  memset                        
00002669  IntDisable                    
000026d1  IntEnable                     
00002739  __TI_decompress_lzss          
000027a1  TimerConfigure                
00002801  ADCSequenceConfigure          
00002851  GPIOPinConfigure              
000028e1  __TI_auto_init_nobinit_nopinit
00002925  __aeabi_uidiv                 
00002925  __aeabi_uidivmod              
00002965  SSIConfigSetExpClk            
000029a1  SysCtlPeripheralEnable        
000029d5  _c_int00_noargs               
00002a09  ADCIntStatus                  
00002a37  __aeabi_i2d                   
00002a65  GPIODirModeSet                
00002a8f  __aeabi_idiv0                 
00002a8f  __aeabi_ldiv0                 
00002ab1  __aeabi_ui2d                  
00002ad1  ADCSequenceDataGet            
00002aef  ADCProcessorTrigger           
00002b07  GPIOPinTypeGPIOOutput         
00002b21  TimerDisable                  
00002b39  GPIOPinTypeADC                
00002b4b  GPIOPinTypeGPIOInput          
00002b5d  GPIOPinTypeSSI                
00002b6f  GPIOPinTypeUART               
00002b81  TimerLoadSet                  
00002b93  IntMasterEnable               
00002ba3  ADCSequenceEnable             
00002bb1  TimerEnable                   
00002bbf  __TI_decompress_none          
00002bcd  CPUcpsie                      
00002bd9  __TI_zero_init                
00002be5  ResetISR                      
00002bf1  ADCIntClear                   
00002bfb  SSIDataPut                    
00002c05  SSIEnable                     
00002c0f  TimerIntEnable                
00002c17  GPIOPinRead                   
00002c1d  GPIOPinWrite                  
00002c23  SSIClockSourceSet             
00002c29  SysCtlDelay                   
00002c2f  TimerClockSourceSet           
00002c35  UARTClockSourceSet            
00002c3b  TimerIntClear                 
00002c3f  _system_pre_init              
00002c43  C$$EXIT                       
00002c43  abort                         
00002c48  Sinewave                      
000037d0  __TI_Handler_Table_Base       
000037dc  __TI_Handler_Table_Limit      
000037e8  __TI_CINIT_Base               
000037f8  __TI_CINIT_Limit              
2000241c  pui32ADC0Value                
20002420  freq                          
20002428  ui32SysClock                  
2000242c  dictionary_buffer             
20002c24  display_buffer                
20003048  __stack                       
20003248  __STACK_END                   
20003248  __STACK_TOP                   
ffffffff  __TI_pprof_out_hndl           
ffffffff  __TI_prof_data_size           
ffffffff  __TI_prof_data_start          
ffffffff  __binit__                     
ffffffff  __c_args__                    
ffffffff  binit                         
UNDEFED   __mpu_init                    
UNDEFED   _system_post_cinit            

[121 symbols]
