******************************************************************************
                  TI ARM Linker PC v18.12.1                    
******************************************************************************
>> Linked Sun Apr 14 22:28:01 2019

OUTPUT FILE NAME:   <piano.out>
ENTRY POINT SYMBOL: "_c_int00_noinit_noargs"  address: 00000655


MEMORY CONFIGURATION

         name            origin    length      used     unused   attr    fill
----------------------  --------  ---------  --------  --------  ----  --------
  FLASH                 00000000   00100000  00000958  000ff6a8  R  X
  SRAM                  20000000   00040000  00000200  0003fe00  RW X


SEGMENT ALLOCATION MAP

run origin  load origin   length   init length attrs members
----------  ----------- ---------- ----------- ----- -------
00000000    00000000    00000958   00000958    r-x
  00000000    00000000    00000208   00000208    r-- .intvecs
  00000208    00000208    000004fc   000004fc    r-x .text
  00000704    00000704    00000254   00000254    r-- .const
20000000    20000000    00000200   00000000    rw-
  20000000    20000000    00000200   00000000    rw- .stack


SECTION ALLOCATION MAP

 output                                  attributes/
section   page    origin      length       input sections
--------  ----  ----------  ----------   ----------------
.intvecs   0    00000000    00000208     
                  00000000    00000208     tm4c1294ncpdt_startup_ccs.obj (.intvecs)

.text      0    00000208    000004fc     
                  00000208    00000200     driverlib.lib : sysctl.obj (.text:SysCtlClockFreqSet)
                  00000408    00000132                   : gpio.obj (.text:GPIOPadConfigSet)
                  0000053a    00000002     --HOLE-- [fill = 0]
                  0000053c    00000064     main.obj (.text)
                  000005a0    00000048     driverlib.lib : sysctl.obj (.text:_SysCtlFrequencyGet)
                  000005e8    00000038                   : sysctl.obj (.text:SysCtlPeripheralReady)
                  00000620    00000034                   : sysctl.obj (.text:SysCtlPeripheralEnable)
                  00000654    0000002c     rtsv7M4_T_le_v4SPD16_eabi.lib : boot_cortex_m.c.obj (.text:_c_int00_noinit_noargs:_c_int00_noinit_noargs)
                  00000680    0000002a     driverlib.lib : gpio.obj (.text:GPIODirModeSet)
                  000006aa    00000002     --HOLE-- [fill = 0]
                  000006ac    00000020                   : sysctl.obj (.text:_SysCtlMemTimingGet)
                  000006cc    00000018                   : gpio.obj (.text:GPIOPinTypeGPIOOutput)
                  000006e4    0000000c     tm4c1294ncpdt_startup_ccs.obj (.text)
                  000006f0    00000006     driverlib.lib : gpio.obj (.text:GPIOPinWrite)
                  000006f6    00000006                   : sysctl.obj (.text:SysCtlDelay)
                  000006fc    00000004     rtsv7M4_T_le_v4SPD16_eabi.lib : pre_init.c.obj (.text:_system_pre_init)
                  00000700    00000004                                   : exit.c.obj (.text:abort:abort)

.const     0    00000704    00000254     
                  00000704    000001b0     driverlib.lib : sysctl.obj (.const:g_pppui32XTALtoVCO)
                  000008b4    0000006c                   : sysctl.obj (.const:g_pui32Xtals)
                  00000920    00000030                   : sysctl.obj (.const:g_sXTALtoMEMTIM)
                  00000950    00000008                   : sysctl.obj (.const)

.cinit     0    00000000    00000000     UNINITIALIZED

.init_array 
*          0    00000000    00000000     UNINITIALIZED

.stack     0    20000000    00000200     UNINITIALIZED
                  20000000    00000004     rtsv7M4_T_le_v4SPD16_eabi.lib : boot_cortex_m.c.obj (.stack)
                  20000004    000001fc     --HOLE--

MODULE SUMMARY

       Module                          code   ro data   rw data
       ------                          ----   -------   -------
    .\
       tm4c1294ncpdt_startup_ccs.obj   12     520       0      
       main.obj                        100    0         0      
    +--+-------------------------------+------+---------+---------+
       Total:                          112    520       0      
                                                               
    D:/Desktop/TI/driverlib/ccs/Debug/driverlib.lib
       sysctl.obj                      730    596       0      
       gpio.obj                        378    0         0      
    +--+-------------------------------+------+---------+---------+
       Total:                          1108   596       0      
                                                               
    D:\ti\ccs900\ccs\tools\compiler\ti-cgt-arm_18.12.1.LTS\lib\rtsv7M4_T_le_v4SPD16_eabi.lib
       boot_cortex_m.c.obj             44     0         0      
       exit.c.obj                      4      0         0      
       pre_init.c.obj                  4      0         0      
    +--+-------------------------------+------+---------+---------+
       Total:                          52     0         0      
                                                               
       Stack:                          0      0         512    
    +--+-------------------------------+------+---------+---------+
       Grand Total:                    1272   1116      512    


GLOBAL SYMBOLS: SORTED ALPHABETICALLY BY Name 

address   name                  
-------   ----                  
00000701  C$$EXIT               
00000681  GPIODirModeSet        
00000409  GPIOPadConfigSet      
000006cd  GPIOPinTypeGPIOOutput 
000006f1  GPIOPinWrite          
000006e5  ResetISR              
00000209  SysCtlClockFreqSet    
000006f7  SysCtlDelay           
00000621  SysCtlPeripheralEnable
000005e9  SysCtlPeripheralReady 
20000200  __STACK_END           
00000200  __STACK_SIZE          
20000200  __STACK_TOP           
ffffffff  __TI_pprof_out_hndl   
ffffffff  __TI_prof_data_size   
ffffffff  __TI_prof_data_start  
00000000  __TI_static_base__    
ffffffff  __binit__             
ffffffff  __c_args__            
UNDEFED   __mpu_init            
20000000  __stack               
00000655  _c_int00_noinit_noargs
000006fd  _system_pre_init      
00000701  abort                 
ffffffff  binit                 
00000000  g_pfnVectors          
0000053d  main                  


GLOBAL SYMBOLS: SORTED BY Symbol Address 

address   name                  
-------   ----                  
00000000  __TI_static_base__    
00000000  g_pfnVectors          
00000200  __STACK_SIZE          
00000209  SysCtlClockFreqSet    
00000409  GPIOPadConfigSet      
0000053d  main                  
000005e9  SysCtlPeripheralReady 
00000621  SysCtlPeripheralEnable
00000655  _c_int00_noinit_noargs
00000681  GPIODirModeSet        
000006cd  GPIOPinTypeGPIOOutput 
000006e5  ResetISR              
000006f1  GPIOPinWrite          
000006f7  SysCtlDelay           
000006fd  _system_pre_init      
00000701  C$$EXIT               
00000701  abort                 
20000000  __stack               
20000200  __STACK_END           
20000200  __STACK_TOP           
ffffffff  __TI_pprof_out_hndl   
ffffffff  __TI_prof_data_size   
ffffffff  __TI_prof_data_start  
ffffffff  __binit__             
ffffffff  __c_args__            
ffffffff  binit                 
UNDEFED   __mpu_init            

[27 symbols]
