<?xml version="1.0" encoding="ISO-8859-1" ?>
<link_info>
   <banner>TI ARM Linker PC v18.12.1.LTS</banner>
   <copyright>Copyright (c) 1996-2018 Texas Instruments Incorporated</copyright>
   <link_time>0x5cc10ee2</link_time>
   <link_errors>0x0</link_errors>
   <output_file>piano.out</output_file>
   <entry_point>
      <name>_c_int00_noargs</name>
      <address>0x1b35</address>
   </entry_point>
   <input_file_list>
      <input_file id="fl-2">
         <path>.\src\boot\</path>
         <kind>object</kind>
         <file>tm4c1294ncpdt_startup_ccs.obj</file>
         <name>tm4c1294ncpdt_startup_ccs.obj</name>
      </input_file>
      <input_file id="fl-3">
         <path>.\src\drivers\</path>
         <kind>object</kind>
         <file>FFT.obj</file>
         <name>FFT.obj</name>
      </input_file>
      <input_file id="fl-4">
         <path>.\src\</path>
         <kind>object</kind>
         <file>fake_code.obj</file>
         <name>fake_code.obj</name>
      </input_file>
      <input_file id="fl-5">
         <path>.\src\</path>
         <kind>object</kind>
         <file>main.obj</file>
         <name>main.obj</name>
      </input_file>
      <input_file id="fl-6">
         <path>.\src\utils\</path>
         <kind>object</kind>
         <file>uartstdio.obj</file>
         <name>uartstdio.obj</name>
      </input_file>
      <input_file id="fl-b">
         <kind>object</kind>
         <file>&lt;internal&gt;</file>
         <name>&lt;internal&gt;</name>
      </input_file>
      <input_file id="fl-c1">
         <path>D:\ti\ccs900\ccs\tools\compiler\ti-cgt-arm_18.12.1.LTS\lib\</path>
         <kind>archive</kind>
         <file>rtsv7M4_T_le_v4SPD16_eabi.lib</file>
         <name>i_tofd_t2.asm.obj</name>
      </input_file>
      <input_file id="fl-c2">
         <path>D:\ti\ccs900\ccs\tools\compiler\ti-cgt-arm_18.12.1.LTS\lib\</path>
         <kind>archive</kind>
         <file>rtsv7M4_T_le_v4SPD16_eabi.lib</file>
         <name>u_divt2.asm.obj</name>
      </input_file>
      <input_file id="fl-c3">
         <path>D:\ti\ccs900\ccs\tools\compiler\ti-cgt-arm_18.12.1.LTS\lib\</path>
         <kind>archive</kind>
         <file>rtsv7M4_T_le_v4SPD16_eabi.lib</file>
         <name>memset_t2.asm.obj</name>
      </input_file>
      <input_file id="fl-c4">
         <path>D:\ti\ccs900\ccs\tools\compiler\ti-cgt-arm_18.12.1.LTS\lib\</path>
         <kind>archive</kind>
         <file>rtsv7M4_T_le_v4SPD16_eabi.lib</file>
         <name>copy_zero_init.c.obj</name>
      </input_file>
      <input_file id="fl-c5">
         <path>D:\ti\ccs900\ccs\tools\compiler\ti-cgt-arm_18.12.1.LTS\lib\</path>
         <kind>archive</kind>
         <file>rtsv7M4_T_le_v4SPD16_eabi.lib</file>
         <name>copy_decompress_none.c.obj</name>
      </input_file>
      <input_file id="fl-c6">
         <path>D:\ti\ccs900\ccs\tools\compiler\ti-cgt-arm_18.12.1.LTS\lib\</path>
         <kind>archive</kind>
         <file>rtsv7M4_T_le_v4SPD16_eabi.lib</file>
         <name>copy_decompress_lzss.c.obj</name>
      </input_file>
      <input_file id="fl-c7">
         <path>D:\ti\ccs900\ccs\tools\compiler\ti-cgt-arm_18.12.1.LTS\lib\</path>
         <kind>archive</kind>
         <file>rtsv7M4_T_le_v4SPD16_eabi.lib</file>
         <name>boot_cortex_m.c.obj</name>
      </input_file>
      <input_file id="fl-c8">
         <path>D:\ti\ccs900\ccs\tools\compiler\ti-cgt-arm_18.12.1.LTS\lib\</path>
         <kind>archive</kind>
         <file>rtsv7M4_T_le_v4SPD16_eabi.lib</file>
         <name>div0.asm.obj</name>
      </input_file>
      <input_file id="fl-c9">
         <path>D:\ti\ccs900\ccs\tools\compiler\ti-cgt-arm_18.12.1.LTS\lib\</path>
         <kind>archive</kind>
         <file>rtsv7M4_T_le_v4SPD16_eabi.lib</file>
         <name>memcpy_t2.asm.obj</name>
      </input_file>
      <input_file id="fl-ca">
         <path>D:\ti\ccs900\ccs\tools\compiler\ti-cgt-arm_18.12.1.LTS\lib\</path>
         <kind>archive</kind>
         <file>rtsv7M4_T_le_v4SPD16_eabi.lib</file>
         <name>autoinit.c.obj</name>
      </input_file>
      <input_file id="fl-cb">
         <path>D:\ti\ccs900\ccs\tools\compiler\ti-cgt-arm_18.12.1.LTS\lib\</path>
         <kind>archive</kind>
         <file>rtsv7M4_T_le_v4SPD16_eabi.lib</file>
         <name>pre_init.c.obj</name>
      </input_file>
      <input_file id="fl-cc">
         <path>D:\ti\ccs900\ccs\tools\compiler\ti-cgt-arm_18.12.1.LTS\lib\</path>
         <kind>archive</kind>
         <file>rtsv7M4_T_le_v4SPD16_eabi.lib</file>
         <name>cpy_tbl.c.obj</name>
      </input_file>
      <input_file id="fl-cd">
         <path>D:\ti\ccs900\ccs\tools\compiler\ti-cgt-arm_18.12.1.LTS\lib\</path>
         <kind>archive</kind>
         <file>rtsv7M4_T_le_v4SPD16_eabi.lib</file>
         <name>exit.c.obj</name>
      </input_file>
      <input_file id="fl-ce">
         <path>D:\ti\ccs900\ccs\tools\compiler\ti-cgt-arm_18.12.1.LTS\lib\</path>
         <kind>archive</kind>
         <file>rtsv7M4_T_le_v4SPD16_eabi.lib</file>
         <name>_lock.c.obj</name>
      </input_file>
      <input_file id="fl-cf">
         <path>D:\ti\ccs900\ccs\tools\compiler\ti-cgt-arm_18.12.1.LTS\lib\</path>
         <kind>archive</kind>
         <file>rtsv7M4_T_le_v4SPD16_eabi.lib</file>
         <name>args_main.c.obj</name>
      </input_file>
      <input_file id="fl-d0">
         <path>D:\Desktop\TI\driverlib\ccs\Debug\</path>
         <kind>archive</kind>
         <file>driverlib.lib</file>
         <name>adc.obj</name>
      </input_file>
      <input_file id="fl-d1">
         <path>D:\Desktop\TI\driverlib\ccs\Debug\</path>
         <kind>archive</kind>
         <file>driverlib.lib</file>
         <name>gpio.obj</name>
      </input_file>
      <input_file id="fl-d2">
         <path>D:\Desktop\TI\driverlib\ccs\Debug\</path>
         <kind>archive</kind>
         <file>driverlib.lib</file>
         <name>interrupt.obj</name>
      </input_file>
      <input_file id="fl-d3">
         <path>D:\Desktop\TI\driverlib\ccs\Debug\</path>
         <kind>archive</kind>
         <file>driverlib.lib</file>
         <name>ssi.obj</name>
      </input_file>
      <input_file id="fl-d4">
         <path>D:\Desktop\TI\driverlib\ccs\Debug\</path>
         <kind>archive</kind>
         <file>driverlib.lib</file>
         <name>sysctl.obj</name>
      </input_file>
      <input_file id="fl-d5">
         <path>D:\Desktop\TI\driverlib\ccs\Debug\</path>
         <kind>archive</kind>
         <file>driverlib.lib</file>
         <name>timer.obj</name>
      </input_file>
      <input_file id="fl-d6">
         <path>D:\Desktop\TI\driverlib\ccs\Debug\</path>
         <kind>archive</kind>
         <file>driverlib.lib</file>
         <name>uart.obj</name>
      </input_file>
      <input_file id="fl-d7">
         <path>D:\Desktop\TI\driverlib\ccs\Debug\</path>
         <kind>archive</kind>
         <file>driverlib.lib</file>
         <name>cpu.obj</name>
      </input_file>
   </input_file_list>
   <object_component_list>
      <object_component id="oc-f">
         <name>.intvecs</name>
         <load_address>0x0</load_address>
         <run_address>0x0</run_address>
         <size>0x208</size>
         <input_file_ref idref="fl-2"/>
      </object_component>
      <object_component id="oc-2a">
         <name>.text</name>
         <load_address>0x208</load_address>
         <run_address>0x208</run_address>
         <size>0x898</size>
         <input_file_ref idref="fl-5"/>
      </object_component>
      <object_component id="oc-7e">
         <name>.text</name>
         <load_address>0xaa0</load_address>
         <run_address>0xaa0</run_address>
         <size>0x4dc</size>
         <input_file_ref idref="fl-6"/>
      </object_component>
      <object_component id="oc-117">
         <name>.text</name>
         <load_address>0xf7c</load_address>
         <run_address>0xf7c</run_address>
         <size>0x3f0</size>
         <input_file_ref idref="fl-3"/>
      </object_component>
      <object_component id="oc-127">
         <name>.text:SysCtlClockFreqSet</name>
         <load_address>0x136c</load_address>
         <run_address>0x136c</run_address>
         <size>0x200</size>
         <input_file_ref idref="fl-d4"/>
      </object_component>
      <object_component id="oc-1a0">
         <name>.text:GPIOPadConfigSet</name>
         <load_address>0x156c</load_address>
         <run_address>0x156c</run_address>
         <size>0x132</size>
         <input_file_ref idref="fl-d1"/>
      </object_component>
      <object_component id="oc-3e">
         <name>.text</name>
         <load_address>0x169e</load_address>
         <run_address>0x169e</run_address>
         <size>0x9c</size>
         <input_file_ref idref="fl-c9"/>
      </object_component>
      <object_component id="oc-ab">
         <name>.text:ADCSequenceStepConfigure</name>
         <load_address>0x173a</load_address>
         <run_address>0x173a</run_address>
         <size>0x7a</size>
         <input_file_ref idref="fl-d0"/>
      </object_component>
      <object_component id="oc-122">
         <name>.text</name>
         <load_address>0x17b4</load_address>
         <run_address>0x17b4</run_address>
         <size>0x7a</size>
         <input_file_ref idref="fl-c3"/>
      </object_component>
      <object_component id="oc-24a">
         <name>.text</name>
         <load_address>0x182e</load_address>
         <run_address>0x182e</run_address>
         <size>0x2</size>
         <input_file_ref idref="fl-c8"/>
      </object_component>
      <object_component id="oc-e1">
         <name>.text:IntEnable</name>
         <load_address>0x1830</load_address>
         <run_address>0x1830</run_address>
         <size>0x68</size>
         <input_file_ref idref="fl-d2"/>
      </object_component>
      <object_component id="oc-12">
         <name>.text:decompress:lzss:__TI_decompress_lzss</name>
         <load_address>0x1898</load_address>
         <run_address>0x1898</run_address>
         <size>0x68</size>
         <input_file_ref idref="fl-c6"/>
      </object_component>
      <object_component id="oc-c3">
         <name>.text:TimerConfigure</name>
         <load_address>0x1900</load_address>
         <run_address>0x1900</run_address>
         <size>0x60</size>
         <input_file_ref idref="fl-d5"/>
      </object_component>
      <object_component id="oc-a5">
         <name>.text:ADCSequenceConfigure</name>
         <load_address>0x1960</load_address>
         <run_address>0x1960</run_address>
         <size>0x50</size>
         <input_file_ref idref="fl-d0"/>
      </object_component>
      <object_component id="oc-8d">
         <name>.text:GPIOPinConfigure</name>
         <load_address>0x19b0</load_address>
         <run_address>0x19b0</run_address>
         <size>0x48</size>
         <input_file_ref idref="fl-d1"/>
      </object_component>
      <object_component id="oc-1da">
         <name>.text:_SysCtlFrequencyGet</name>
         <load_address>0x19f8</load_address>
         <run_address>0x19f8</run_address>
         <size>0x48</size>
         <input_file_ref idref="fl-d4"/>
      </object_component>
      <object_component id="oc-20e">
         <name>.text:__TI_auto_init_nobinit_nopinit:__TI_auto_init_nobinit_nopinit</name>
         <load_address>0x1a40</load_address>
         <run_address>0x1a40</run_address>
         <size>0x44</size>
         <input_file_ref idref="fl-ca"/>
      </object_component>
      <object_component id="oc-183">
         <name>.text</name>
         <load_address>0x1a84</load_address>
         <run_address>0x1a84</run_address>
         <size>0x40</size>
         <input_file_ref idref="fl-c2"/>
      </object_component>
      <object_component id="oc-f3">
         <name>.text:SSIConfigSetExpClk</name>
         <load_address>0x1ac4</load_address>
         <run_address>0x1ac4</run_address>
         <size>0x3c</size>
         <input_file_ref idref="fl-d3"/>
      </object_component>
      <object_component id="oc-87">
         <name>.text:SysCtlPeripheralEnable</name>
         <load_address>0x1b00</load_address>
         <run_address>0x1b00</run_address>
         <size>0x34</size>
         <input_file_ref idref="fl-d4"/>
      </object_component>
      <object_component id="oc-5c">
         <name>.text:_c_int00_noargs:_c_int00_noargs</name>
         <load_address>0x1b34</load_address>
         <run_address>0x1b34</run_address>
         <size>0x34</size>
         <input_file_ref idref="fl-c7"/>
      </object_component>
      <object_component id="oc-10b">
         <name>.text:ADCIntStatus</name>
         <load_address>0x1b68</load_address>
         <run_address>0x1b68</run_address>
         <size>0x2e</size>
         <input_file_ref idref="fl-d0"/>
      </object_component>
      <object_component id="oc-11d">
         <name>.text</name>
         <load_address>0x1b96</load_address>
         <run_address>0x1b96</run_address>
         <size>0x2e</size>
         <input_file_ref idref="fl-c1"/>
      </object_component>
      <object_component id="oc-19a">
         <name>.text:GPIODirModeSet</name>
         <load_address>0x1bc4</load_address>
         <run_address>0x1bc4</run_address>
         <size>0x2a</size>
         <input_file_ref idref="fl-d1"/>
      </object_component>
      <object_component id="oc-1d4">
         <name>.text:_SysCtlMemTimingGet</name>
         <load_address>0x1bf0</load_address>
         <run_address>0x1bf0</run_address>
         <size>0x20</size>
         <input_file_ref idref="fl-d4"/>
      </object_component>
      <object_component id="oc-111">
         <name>.text:ADCSequenceDataGet</name>
         <load_address>0x1c10</load_address>
         <run_address>0x1c10</run_address>
         <size>0x1e</size>
         <input_file_ref idref="fl-d0"/>
      </object_component>
      <object_component id="oc-105">
         <name>.text:ADCProcessorTrigger</name>
         <load_address>0x1c2e</load_address>
         <run_address>0x1c2e</run_address>
         <size>0x18</size>
         <input_file_ref idref="fl-d0"/>
      </object_component>
      <object_component id="oc-e7">
         <name>.text:GPIOPinTypeGPIOOutput</name>
         <load_address>0x1c46</load_address>
         <run_address>0x1c46</run_address>
         <size>0x18</size>
         <input_file_ref idref="fl-d1"/>
      </object_component>
      <object_component id="oc-9f">
         <name>.text:GPIOPinTypeADC</name>
         <load_address>0x1c5e</load_address>
         <run_address>0x1c5e</run_address>
         <size>0x12</size>
         <input_file_ref idref="fl-d1"/>
      </object_component>
      <object_component id="oc-93">
         <name>.text:GPIOPinTypeUART</name>
         <load_address>0x1c70</load_address>
         <run_address>0x1c70</run_address>
         <size>0x12</size>
         <input_file_ref idref="fl-d1"/>
      </object_component>
      <object_component id="oc-c9">
         <name>.text:TimerLoadSet</name>
         <load_address>0x1c82</load_address>
         <run_address>0x1c82</run_address>
         <size>0x12</size>
         <input_file_ref idref="fl-d5"/>
      </object_component>
      <object_component id="oc-d5">
         <name>.text:IntMasterEnable</name>
         <load_address>0x1c94</load_address>
         <run_address>0x1c94</run_address>
         <size>0x10</size>
         <input_file_ref idref="fl-d2"/>
      </object_component>
      <object_component id="oc-b1">
         <name>.text:ADCSequenceEnable</name>
         <load_address>0x1ca4</load_address>
         <run_address>0x1ca4</run_address>
         <size>0xe</size>
         <input_file_ref idref="fl-d0"/>
      </object_component>
      <object_component id="oc-db">
         <name>.text:TimerEnable</name>
         <load_address>0x1cb2</load_address>
         <run_address>0x1cb2</run_address>
         <size>0xe</size>
         <input_file_ref idref="fl-d5"/>
      </object_component>
      <object_component id="oc-18">
         <name>.text:decompress:none:__TI_decompress_none</name>
         <load_address>0x1cc0</load_address>
         <run_address>0x1cc0</run_address>
         <size>0xe</size>
         <input_file_ref idref="fl-c5"/>
      </object_component>
      <object_component id="oc-1b8">
         <name>.text:CPUcpsie</name>
         <load_address>0x1cce</load_address>
         <run_address>0x1cce</run_address>
         <size>0xc</size>
         <input_file_ref idref="fl-d7"/>
      </object_component>
      <object_component id="oc-50">
         <name>.text:decompress:ZI:__TI_zero_init</name>
         <load_address>0x1cda</load_address>
         <run_address>0x1cda</run_address>
         <size>0xc</size>
         <input_file_ref idref="fl-c4"/>
      </object_component>
      <object_component id="oc-24">
         <name>.text</name>
         <load_address>0x1ce6</load_address>
         <run_address>0x1ce6</run_address>
         <size>0xc</size>
         <input_file_ref idref="fl-2"/>
      </object_component>
      <object_component id="oc-b7">
         <name>.text:ADCIntClear</name>
         <load_address>0x1cf2</load_address>
         <run_address>0x1cf2</run_address>
         <size>0xa</size>
         <input_file_ref idref="fl-d0"/>
      </object_component>
      <object_component id="oc-78">
         <name>.text:SSIDataPut</name>
         <load_address>0x1cfc</load_address>
         <run_address>0x1cfc</run_address>
         <size>0xa</size>
         <input_file_ref idref="fl-d3"/>
      </object_component>
      <object_component id="oc-f9">
         <name>.text:SSIEnable</name>
         <load_address>0x1d06</load_address>
         <run_address>0x1d06</run_address>
         <size>0xa</size>
         <input_file_ref idref="fl-d3"/>
      </object_component>
      <object_component id="oc-cf">
         <name>.text:TimerIntEnable</name>
         <load_address>0x1d10</load_address>
         <run_address>0x1d10</run_address>
         <size>0x8</size>
         <input_file_ref idref="fl-d5"/>
      </object_component>
      <object_component id="oc-71">
         <name>.text:GPIOPinWrite</name>
         <load_address>0x1d18</load_address>
         <run_address>0x1d18</run_address>
         <size>0x6</size>
         <input_file_ref idref="fl-d1"/>
      </object_component>
      <object_component id="oc-ed">
         <name>.text:SSIClockSourceSet</name>
         <load_address>0x1d1e</load_address>
         <run_address>0x1d1e</run_address>
         <size>0x6</size>
         <input_file_ref idref="fl-d3"/>
      </object_component>
      <object_component id="oc-77">
         <name>.text:SysCtlDelay</name>
         <load_address>0x1d24</load_address>
         <run_address>0x1d24</run_address>
         <size>0x6</size>
         <input_file_ref idref="fl-d4"/>
      </object_component>
      <object_component id="oc-99">
         <name>.text:UARTClockSourceSet</name>
         <load_address>0x1d2a</load_address>
         <run_address>0x1d2a</run_address>
         <size>0x6</size>
         <input_file_ref idref="fl-d6"/>
      </object_component>
      <object_component id="oc-ff">
         <name>.text:TimerIntClear</name>
         <load_address>0x1d30</load_address>
         <run_address>0x1d30</run_address>
         <size>0x4</size>
         <input_file_ref idref="fl-d5"/>
      </object_component>
      <object_component id="oc-15f">
         <name>.text:_system_pre_init</name>
         <load_address>0x1d34</load_address>
         <run_address>0x1d34</run_address>
         <size>0x4</size>
         <input_file_ref idref="fl-cb"/>
      </object_component>
      <object_component id="oc-202">
         <name>.text:abort:abort</name>
         <load_address>0x1d38</load_address>
         <run_address>0x1d38</run_address>
         <size>0x4</size>
         <input_file_ref idref="fl-cd"/>
      </object_component>
      <object_component id="oc-1cd">
         <name>.const:Sinewave</name>
         <load_address>0x1d3c</load_address>
         <run_address>0x1d3c</run_address>
         <size>0x600</size>
         <input_file_ref idref="fl-3"/>
      </object_component>
      <object_component id="oc-1e3">
         <name>.const:g_pppui32XTALtoVCO</name>
         <load_address>0x233c</load_address>
         <run_address>0x233c</run_address>
         <size>0x1b0</size>
         <input_file_ref idref="fl-d4"/>
      </object_component>
      <object_component id="oc-196">
         <name>.const:g_pui32GPIOBaseAddrs</name>
         <load_address>0x24ec</load_address>
         <run_address>0x24ec</run_address>
         <size>0x90</size>
         <input_file_ref idref="fl-d1"/>
      </object_component>
      <object_component id="oc-1c0">
         <name>.const</name>
         <load_address>0x257c</load_address>
         <run_address>0x257c</run_address>
         <size>0x70</size>
         <input_file_ref idref="fl-d2"/>
      </object_component>
      <object_component id="oc-1e0">
         <name>.const:g_pui32Xtals</name>
         <load_address>0x25ec</load_address>
         <run_address>0x25ec</run_address>
         <size>0x6c</size>
         <input_file_ref idref="fl-d4"/>
      </object_component>
      <object_component id="oc-26f">
         <name>.const:g_sXTALtoMEMTIM</name>
         <load_address>0x2658</load_address>
         <run_address>0x2658</run_address>
         <size>0x30</size>
         <input_file_ref idref="fl-d4"/>
      </object_component>
      <object_component id="oc-250">
         <name>.const:.string</name>
         <load_address>0x2688</load_address>
         <run_address>0x2688</run_address>
         <size>0x12</size>
         <input_file_ref idref="fl-6"/>
      </object_component>
      <object_component id="oc-180">
         <name>.const:g_ui32UARTBase</name>
         <load_address>0x269c</load_address>
         <run_address>0x269c</run_address>
         <size>0xc</size>
         <input_file_ref idref="fl-6"/>
      </object_component>
      <object_component id="oc-17a">
         <name>.const:g_ui32UARTPeriph</name>
         <load_address>0x26a8</load_address>
         <run_address>0x26a8</run_address>
         <size>0xc</size>
         <input_file_ref idref="fl-6"/>
      </object_component>
      <object_component id="oc-1e6">
         <name>.const</name>
         <load_address>0x26b4</load_address>
         <run_address>0x26b4</run_address>
         <size>0x8</size>
         <input_file_ref idref="fl-d4"/>
      </object_component>
      <object_component id="oc-188">
         <name>.const</name>
         <load_address>0x26bc</load_address>
         <run_address>0x26bc</run_address>
         <size>0x4</size>
         <input_file_ref idref="fl-6"/>
      </object_component>
      <object_component id="oc-2f6">
         <name>.cinit..data.load</name>
         <load_address>0x26c0</load_address>
         <run_address>0x26c0</run_address>
         <size>0x10</size>
      </object_component>
      <object_component id="oc-2f4">
         <name>__TI_handler_table</name>
         <load_address>0x26d0</load_address>
         <run_address>0x26d0</run_address>
         <size>0xc</size>
      </object_component>
      <object_component id="oc-2f7">
         <name>.cinit..bss.load</name>
         <load_address>0x26e0</load_address>
         <run_address>0x26e0</run_address>
         <size>0x8</size>
      </object_component>
      <object_component id="oc-2f5">
         <name>__TI_cinit_table</name>
         <load_address>0x26e8</load_address>
         <run_address>0x26e8</run_address>
         <size>0x10</size>
      </object_component>
      <object_component id="oc-12d">
         <name>.data</name>
         <load_address>0x20001e10</load_address>
         <run_address>0x20001e10</run_address>
         <size>0x4</size>
         <input_file_ref idref="fl-5"/>
      </object_component>
      <object_component id="oc-bd">
         <name>.data:display_buffer</name>
         <load_address>0x20001a08</load_address>
         <run_address>0x20001a08</run_address>
         <size>0x400</size>
         <input_file_ref idref="fl-5"/>
      </object_component>
      <object_component id="oc-c0">
         <name>.data:dictionary_buffer</name>
         <load_address>0x20001210</load_address>
         <run_address>0x20001210</run_address>
         <size>0x7f8</size>
         <input_file_ref idref="fl-5"/>
      </object_component>
      <object_component id="oc-17d">
         <name>.data</name>
         <load_address>0x20001e08</load_address>
         <run_address>0x20001e08</run_address>
         <size>0x5</size>
         <input_file_ref idref="fl-6"/>
      </object_component>
      <object_component id="oc-130">
         <name>.bss:sound</name>
         <uninitialized>true</uninitialized>
         <run_address>0x20001100</run_address>
         <size>0x100</size>
         <input_file_ref idref="fl-5"/>
      </object_component>
      <object_component id="oc-135">
         <name>.bss:alti$1</name>
         <uninitialized>true</uninitialized>
         <run_address>0x20001000</run_address>
         <size>0x100</size>
         <input_file_ref idref="fl-5"/>
      </object_component>
      <object_component id="oc-136">
         <name>.bss:fx$3</name>
         <uninitialized>true</uninitialized>
         <run_address>0x20000000</run_address>
         <size>0x1000</size>
         <input_file_ref idref="fl-5"/>
      </object_component>
      <object_component id="oc-133">
         <name>.bss</name>
         <uninitialized>true</uninitialized>
         <run_address>0x20001200</run_address>
         <size>0x6</size>
         <input_file_ref idref="fl-5"/>
      </object_component>
      <object_component id="oc-134">
         <name>.common:pui32ADC0Value</name>
         <uninitialized>true</uninitialized>
         <run_address>0x20001208</run_address>
         <size>0x4</size>
      </object_component>
      <object_component id="oc-84">
         <name>.common:ui32SysClock</name>
         <uninitialized>true</uninitialized>
         <run_address>0x2000120c</run_address>
         <size>0x4</size>
      </object_component>
      <object_component id="oc-21">
         <name>.stack</name>
         <uninitialized>true</uninitialized>
         <run_address>0x20001e18</run_address>
         <size>0x4</size>
         <input_file_ref idref="fl-c7"/>
      </object_component>
      <object_component id="oc-2f8">
         <name>.stack</name>
         <uninitialized>true</uninitialized>
         <run_address>0x20001e18</run_address>
         <size>0x0</size>
      </object_component>
      <object_component id="oc-32">
         <name>.debug_info</name>
         <load_address>0x0</load_address>
         <run_address>0x0</run_address>
         <size>0x2d5</size>
         <input_file_ref idref="fl-2"/>
      </object_component>
      <object_component id="oc-10">
         <name>.debug_info</name>
         <load_address>0x2d5</load_address>
         <run_address>0x2d5</run_address>
         <size>0xe0</size>
         <input_file_ref idref="fl-2"/>
      </object_component>
      <object_component id="oc-25">
         <name>.debug_info</name>
         <load_address>0x3b5</load_address>
         <run_address>0x3b5</run_address>
         <size>0x2a7</size>
         <input_file_ref idref="fl-2"/>
      </object_component>
      <object_component id="oc-144">
         <name>.debug_info</name>
         <load_address>0x65c</load_address>
         <run_address>0x65c</run_address>
         <size>0x26b</size>
         <input_file_ref idref="fl-2"/>
      </object_component>
      <object_component id="oc-39">
         <name>.debug_info</name>
         <load_address>0x8c7</load_address>
         <run_address>0x8c7</run_address>
         <size>0x84</size>
         <input_file_ref idref="fl-2"/>
      </object_component>
      <object_component id="oc-1ee">
         <name>.debug_info</name>
         <load_address>0x94b</load_address>
         <run_address>0x94b</run_address>
         <size>0x297</size>
         <input_file_ref idref="fl-2"/>
      </object_component>
      <object_component id="oc-13d">
         <name>.debug_info</name>
         <load_address>0xbe2</load_address>
         <run_address>0xbe2</run_address>
         <size>0xbb</size>
         <input_file_ref idref="fl-2"/>
      </object_component>
      <object_component id="oc-1d1">
         <name>.debug_info</name>
         <load_address>0xc9d</load_address>
         <run_address>0xc9d</run_address>
         <size>0x29f</size>
         <input_file_ref idref="fl-3"/>
      </object_component>
      <object_component id="oc-1ce">
         <name>.debug_info</name>
         <load_address>0xf3c</load_address>
         <run_address>0xf3c</run_address>
         <size>0xc5</size>
         <input_file_ref idref="fl-3"/>
      </object_component>
      <object_component id="oc-118">
         <name>.debug_info</name>
         <load_address>0x1001</load_address>
         <run_address>0x1001</run_address>
         <size>0x46a</size>
         <input_file_ref idref="fl-3"/>
      </object_component>
      <object_component id="oc-18d">
         <name>.debug_info</name>
         <load_address>0x146b</load_address>
         <run_address>0x146b</run_address>
         <size>0x2c</size>
         <input_file_ref idref="fl-3"/>
      </object_component>
      <object_component id="oc-85">
         <name>.debug_info</name>
         <load_address>0x1497</load_address>
         <run_address>0x1497</run_address>
         <size>0xa1a</size>
         <input_file_ref idref="fl-5"/>
      </object_component>
      <object_component id="oc-12e">
         <name>.debug_info</name>
         <load_address>0x1eb1</load_address>
         <run_address>0x1eb1</run_address>
         <size>0xb5</size>
         <input_file_ref idref="fl-5"/>
      </object_component>
      <object_component id="oc-131">
         <name>.debug_info</name>
         <load_address>0x1f66</load_address>
         <run_address>0x1f66</run_address>
         <size>0xb7</size>
         <input_file_ref idref="fl-5"/>
      </object_component>
      <object_component id="oc-be">
         <name>.debug_info</name>
         <load_address>0x201d</load_address>
         <run_address>0x201d</run_address>
         <size>0xca</size>
         <input_file_ref idref="fl-5"/>
      </object_component>
      <object_component id="oc-c1">
         <name>.debug_info</name>
         <load_address>0x20e7</load_address>
         <run_address>0x20e7</run_address>
         <size>0xd0</size>
         <input_file_ref idref="fl-5"/>
      </object_component>
      <object_component id="oc-2b">
         <name>.debug_info</name>
         <load_address>0x21b7</load_address>
         <run_address>0x21b7</run_address>
         <size>0x16f6</size>
         <input_file_ref idref="fl-5"/>
      </object_component>
      <object_component id="oc-138">
         <name>.debug_info</name>
         <load_address>0x38ad</load_address>
         <run_address>0x38ad</run_address>
         <size>0x8b</size>
         <input_file_ref idref="fl-5"/>
      </object_component>
      <object_component id="oc-1fa">
         <name>.debug_info</name>
         <load_address>0x3938</load_address>
         <run_address>0x3938</run_address>
         <size>0x2c</size>
         <input_file_ref idref="fl-5"/>
      </object_component>
      <object_component id="oc-18c">
         <name>.debug_info</name>
         <load_address>0x3964</load_address>
         <run_address>0x3964</run_address>
         <size>0x28b</size>
         <input_file_ref idref="fl-6"/>
      </object_component>
      <object_component id="oc-17e">
         <name>.debug_info</name>
         <load_address>0x3bef</load_address>
         <run_address>0x3bef</run_address>
         <size>0xcc</size>
         <input_file_ref idref="fl-6"/>
      </object_component>
      <object_component id="oc-189">
         <name>.debug_info</name>
         <load_address>0x3cbb</load_address>
         <run_address>0x3cbb</run_address>
         <size>0xc6</size>
         <input_file_ref idref="fl-6"/>
      </object_component>
      <object_component id="oc-181">
         <name>.debug_info</name>
         <load_address>0x3d81</load_address>
         <run_address>0x3d81</run_address>
         <size>0xd4</size>
         <input_file_ref idref="fl-6"/>
      </object_component>
      <object_component id="oc-17b">
         <name>.debug_info</name>
         <load_address>0x3e55</load_address>
         <run_address>0x3e55</run_address>
         <size>0xd8</size>
         <input_file_ref idref="fl-6"/>
      </object_component>
      <object_component id="oc-7f">
         <name>.debug_info</name>
         <load_address>0x3f2d</load_address>
         <run_address>0x3f2d</run_address>
         <size>0x76c</size>
         <input_file_ref idref="fl-6"/>
      </object_component>
      <object_component id="oc-11e">
         <name>.debug_info</name>
         <load_address>0x4699</load_address>
         <run_address>0x4699</run_address>
         <size>0x130</size>
         <input_file_ref idref="fl-c1"/>
      </object_component>
      <object_component id="oc-184">
         <name>.debug_info</name>
         <load_address>0x47c9</load_address>
         <run_address>0x47c9</run_address>
         <size>0x146</size>
         <input_file_ref idref="fl-c2"/>
      </object_component>
      <object_component id="oc-125">
         <name>.debug_info</name>
         <load_address>0x490f</load_address>
         <run_address>0x490f</run_address>
         <size>0x14b</size>
         <input_file_ref idref="fl-c3"/>
      </object_component>
      <object_component id="oc-15d">
         <name>.debug_info</name>
         <load_address>0x4a5a</load_address>
         <run_address>0x4a5a</run_address>
         <size>0x2d8</size>
         <input_file_ref idref="fl-c4"/>
      </object_component>
      <object_component id="oc-54">
         <name>.debug_info</name>
         <load_address>0x4d32</load_address>
         <run_address>0x4d32</run_address>
         <size>0x1b9</size>
         <input_file_ref idref="fl-c4"/>
      </object_component>
      <object_component id="oc-158">
         <name>.debug_info</name>
         <load_address>0x4eeb</load_address>
         <run_address>0x4eeb</run_address>
         <size>0x46</size>
         <input_file_ref idref="fl-c4"/>
      </object_component>
      <object_component id="oc-49">
         <name>.debug_info</name>
         <load_address>0x4f31</load_address>
         <run_address>0x4f31</run_address>
         <size>0x2ac</size>
         <input_file_ref idref="fl-c5"/>
      </object_component>
      <object_component id="oc-1c">
         <name>.debug_info</name>
         <load_address>0x51dd</load_address>
         <run_address>0x51dd</run_address>
         <size>0x1ee</size>
         <input_file_ref idref="fl-c5"/>
      </object_component>
      <object_component id="oc-44">
         <name>.debug_info</name>
         <load_address>0x53cb</load_address>
         <run_address>0x53cb</run_address>
         <size>0x46</size>
         <input_file_ref idref="fl-c5"/>
      </object_component>
      <object_component id="oc-150">
         <name>.debug_info</name>
         <load_address>0x5411</load_address>
         <run_address>0x5411</run_address>
         <size>0x2c</size>
         <input_file_ref idref="fl-c5"/>
      </object_component>
      <object_component id="oc-14e">
         <name>.debug_info</name>
         <load_address>0x543d</load_address>
         <run_address>0x543d</run_address>
         <size>0x2a2</size>
         <input_file_ref idref="fl-c6"/>
      </object_component>
      <object_component id="oc-13">
         <name>.debug_info</name>
         <load_address>0x56df</load_address>
         <run_address>0x56df</run_address>
         <size>0x254</size>
         <input_file_ref idref="fl-c6"/>
      </object_component>
      <object_component id="oc-34">
         <name>.debug_info</name>
         <load_address>0x5933</load_address>
         <run_address>0x5933</run_address>
         <size>0x60</size>
         <input_file_ref idref="fl-c6"/>
      </object_component>
      <object_component id="oc-1f3">
         <name>.debug_info</name>
         <load_address>0x5993</load_address>
         <run_address>0x5993</run_address>
         <size>0x46</size>
         <input_file_ref idref="fl-c6"/>
      </object_component>
      <object_component id="oc-149">
         <name>.debug_info</name>
         <load_address>0x59d9</load_address>
         <run_address>0x59d9</run_address>
         <size>0x39</size>
         <input_file_ref idref="fl-c6"/>
      </object_component>
      <object_component id="oc-22">
         <name>.debug_info</name>
         <load_address>0x5a12</load_address>
         <run_address>0x5a12</run_address>
         <size>0x10f</size>
         <input_file_ref idref="fl-c7"/>
      </object_component>
      <object_component id="oc-5f">
         <name>.debug_info</name>
         <load_address>0x5b21</load_address>
         <run_address>0x5b21</run_address>
         <size>0x1ad</size>
         <input_file_ref idref="fl-c7"/>
      </object_component>
      <object_component id="oc-24c">
         <name>.debug_info</name>
         <load_address>0x5cce</load_address>
         <run_address>0x5cce</run_address>
         <size>0x119</size>
         <input_file_ref idref="fl-c8"/>
      </object_component>
      <object_component id="oc-40">
         <name>.debug_info</name>
         <load_address>0x5de7</load_address>
         <run_address>0x5de7</run_address>
         <size>0x11d</size>
         <input_file_ref idref="fl-c9"/>
      </object_component>
      <object_component id="oc-285">
         <name>.debug_info</name>
         <load_address>0x5f04</load_address>
         <run_address>0x5f04</run_address>
         <size>0x4b7</size>
         <input_file_ref idref="fl-ca"/>
      </object_component>
      <object_component id="oc-210">
         <name>.debug_info</name>
         <load_address>0x63bb</load_address>
         <run_address>0x63bb</run_address>
         <size>0x1aa</size>
         <input_file_ref idref="fl-ca"/>
      </object_component>
      <object_component id="oc-2ad">
         <name>.debug_info</name>
         <load_address>0x6565</load_address>
         <run_address>0x6565</run_address>
         <size>0x39</size>
         <input_file_ref idref="fl-ca"/>
      </object_component>
      <object_component id="oc-2c1">
         <name>.debug_info</name>
         <load_address>0x659e</load_address>
         <run_address>0x659e</run_address>
         <size>0x39</size>
         <input_file_ref idref="fl-ca"/>
      </object_component>
      <object_component id="oc-2b2">
         <name>.debug_info</name>
         <load_address>0x65d7</load_address>
         <run_address>0x65d7</run_address>
         <size>0x39</size>
         <input_file_ref idref="fl-ca"/>
      </object_component>
      <object_component id="oc-2b7">
         <name>.debug_info</name>
         <load_address>0x6610</load_address>
         <run_address>0x6610</run_address>
         <size>0xcd</size>
         <input_file_ref idref="fl-ca"/>
      </object_component>
      <object_component id="oc-160">
         <name>.debug_info</name>
         <load_address>0x66dd</load_address>
         <run_address>0x66dd</run_address>
         <size>0x157</size>
         <input_file_ref idref="fl-cb"/>
      </object_component>
      <object_component id="oc-206">
         <name>.debug_info</name>
         <load_address>0x6834</load_address>
         <run_address>0x6834</run_address>
         <size>0x126</size>
         <input_file_ref idref="fl-cd"/>
      </object_component>
      <object_component id="oc-1ab">
         <name>.debug_info</name>
         <load_address>0x695a</load_address>
         <run_address>0x695a</run_address>
         <size>0x24d</size>
         <input_file_ref idref="fl-d0"/>
      </object_component>
      <object_component id="oc-ac">
         <name>.debug_info</name>
         <load_address>0x6ba7</load_address>
         <run_address>0x6ba7</run_address>
         <size>0x333</size>
         <input_file_ref idref="fl-d0"/>
      </object_component>
      <object_component id="oc-b2">
         <name>.debug_info</name>
         <load_address>0x6eda</load_address>
         <run_address>0x6eda</run_address>
         <size>0x2a0</size>
         <input_file_ref idref="fl-d0"/>
      </object_component>
      <object_component id="oc-112">
         <name>.debug_info</name>
         <load_address>0x717a</load_address>
         <run_address>0x717a</run_address>
         <size>0x2ff</size>
         <input_file_ref idref="fl-d0"/>
      </object_component>
      <object_component id="oc-a6">
         <name>.debug_info</name>
         <load_address>0x7479</load_address>
         <run_address>0x7479</run_address>
         <size>0x326</size>
         <input_file_ref idref="fl-d0"/>
      </object_component>
      <object_component id="oc-106">
         <name>.debug_info</name>
         <load_address>0x779f</load_address>
         <run_address>0x779f</run_address>
         <size>0x2a4</size>
         <input_file_ref idref="fl-d0"/>
      </object_component>
      <object_component id="oc-10c">
         <name>.debug_info</name>
         <load_address>0x7a43</load_address>
         <run_address>0x7a43</run_address>
         <size>0x2e7</size>
         <input_file_ref idref="fl-d0"/>
      </object_component>
      <object_component id="oc-b8">
         <name>.debug_info</name>
         <load_address>0x7d2a</load_address>
         <run_address>0x7d2a</run_address>
         <size>0x294</size>
         <input_file_ref idref="fl-d0"/>
      </object_component>
      <object_component id="oc-172">
         <name>.debug_info</name>
         <load_address>0x7fbe</load_address>
         <run_address>0x7fbe</run_address>
         <size>0x18b</size>
         <input_file_ref idref="fl-d0"/>
      </object_component>
      <object_component id="oc-177">
         <name>.debug_info</name>
         <load_address>0x8149</load_address>
         <run_address>0x8149</run_address>
         <size>0x240</size>
         <input_file_ref idref="fl-d1"/>
      </object_component>
      <object_component id="oc-197">
         <name>.debug_info</name>
         <load_address>0x8389</load_address>
         <run_address>0x8389</run_address>
         <size>0x15b</size>
         <input_file_ref idref="fl-d1"/>
      </object_component>
      <object_component id="oc-73">
         <name>.debug_info</name>
         <load_address>0x84e4</load_address>
         <run_address>0x84e4</run_address>
         <size>0x2a3</size>
         <input_file_ref idref="fl-d1"/>
      </object_component>
      <object_component id="oc-19c">
         <name>.debug_info</name>
         <load_address>0x8787</load_address>
         <run_address>0x8787</run_address>
         <size>0x2b3</size>
         <input_file_ref idref="fl-d1"/>
      </object_component>
      <object_component id="oc-1a2">
         <name>.debug_info</name>
         <load_address>0x8a3a</load_address>
         <run_address>0x8a3a</run_address>
         <size>0x316</size>
         <input_file_ref idref="fl-d1"/>
      </object_component>
      <object_component id="oc-95">
         <name>.debug_info</name>
         <load_address>0x8d50</load_address>
         <run_address>0x8d50</run_address>
         <size>0x27b</size>
         <input_file_ref idref="fl-d1"/>
      </object_component>
      <object_component id="oc-e9">
         <name>.debug_info</name>
         <load_address>0x8fcb</load_address>
         <run_address>0x8fcb</run_address>
         <size>0x2b7</size>
         <input_file_ref idref="fl-d1"/>
      </object_component>
      <object_component id="oc-a1">
         <name>.debug_info</name>
         <load_address>0x9282</load_address>
         <run_address>0x9282</run_address>
         <size>0x279</size>
         <input_file_ref idref="fl-d1"/>
      </object_component>
      <object_component id="oc-8f">
         <name>.debug_info</name>
         <load_address>0x94fb</load_address>
         <run_address>0x94fb</run_address>
         <size>0x280</size>
         <input_file_ref idref="fl-d1"/>
      </object_component>
      <object_component id="oc-1c4">
         <name>.debug_info</name>
         <load_address>0x977b</load_address>
         <run_address>0x977b</run_address>
         <size>0x20e</size>
         <input_file_ref idref="fl-d2"/>
      </object_component>
      <object_component id="oc-1c1">
         <name>.debug_info</name>
         <load_address>0x9989</load_address>
         <run_address>0x9989</run_address>
         <size>0x210</size>
         <input_file_ref idref="fl-d2"/>
      </object_component>
      <object_component id="oc-d6">
         <name>.debug_info</name>
         <load_address>0x9b99</load_address>
         <run_address>0x9b99</run_address>
         <size>0x23e</size>
         <input_file_ref idref="fl-d2"/>
      </object_component>
      <object_component id="oc-e2">
         <name>.debug_info</name>
         <load_address>0x9dd7</load_address>
         <run_address>0x9dd7</run_address>
         <size>0x268</size>
         <input_file_ref idref="fl-d2"/>
      </object_component>
      <object_component id="oc-179">
         <name>.debug_info</name>
         <load_address>0xa03f</load_address>
         <run_address>0xa03f</run_address>
         <size>0x21c</size>
         <input_file_ref idref="fl-d3"/>
      </object_component>
      <object_component id="oc-fa">
         <name>.debug_info</name>
         <load_address>0xa25b</load_address>
         <run_address>0xa25b</run_address>
         <size>0x242</size>
         <input_file_ref idref="fl-d3"/>
      </object_component>
      <object_component id="oc-79">
         <name>.debug_info</name>
         <load_address>0xa49d</load_address>
         <run_address>0xa49d</run_address>
         <size>0x276</size>
         <input_file_ref idref="fl-d3"/>
      </object_component>
      <object_component id="oc-f5">
         <name>.debug_info</name>
         <load_address>0xa713</load_address>
         <run_address>0xa713</run_address>
         <size>0x3d9</size>
         <input_file_ref idref="fl-d3"/>
      </object_component>
      <object_component id="oc-ef">
         <name>.debug_info</name>
         <load_address>0xaaec</load_address>
         <run_address>0xaaec</run_address>
         <size>0x28c</size>
         <input_file_ref idref="fl-d3"/>
      </object_component>
      <object_component id="oc-195">
         <name>.debug_info</name>
         <load_address>0xad78</load_address>
         <run_address>0xad78</run_address>
         <size>0x298</size>
         <input_file_ref idref="fl-d4"/>
      </object_component>
      <object_component id="oc-1e1">
         <name>.debug_info</name>
         <load_address>0xb010</load_address>
         <run_address>0xb010</run_address>
         <size>0x14d</size>
         <input_file_ref idref="fl-d4"/>
      </object_component>
      <object_component id="oc-1e4">
         <name>.debug_info</name>
         <load_address>0xb15d</load_address>
         <run_address>0xb15d</run_address>
         <size>0x159</size>
         <input_file_ref idref="fl-d4"/>
      </object_component>
      <object_component id="oc-270">
         <name>.debug_info</name>
         <load_address>0xb2b6</load_address>
         <run_address>0xb2b6</run_address>
         <size>0x153</size>
         <input_file_ref idref="fl-d4"/>
      </object_component>
      <object_component id="oc-1e7">
         <name>.debug_info</name>
         <load_address>0xb409</load_address>
         <run_address>0xb409</run_address>
         <size>0x160</size>
         <input_file_ref idref="fl-d4"/>
      </object_component>
      <object_component id="oc-89">
         <name>.debug_info</name>
         <load_address>0xb569</load_address>
         <run_address>0xb569</run_address>
         <size>0x27d</size>
         <input_file_ref idref="fl-d4"/>
      </object_component>
      <object_component id="oc-1d6">
         <name>.debug_info</name>
         <load_address>0xb7e6</load_address>
         <run_address>0xb7e6</run_address>
         <size>0x270</size>
         <input_file_ref idref="fl-d4"/>
      </object_component>
      <object_component id="oc-1dc">
         <name>.debug_info</name>
         <load_address>0xba56</load_address>
         <run_address>0xba56</run_address>
         <size>0x2ba</size>
         <input_file_ref idref="fl-d4"/>
      </object_component>
      <object_component id="oc-129">
         <name>.debug_info</name>
         <load_address>0xbd10</load_address>
         <run_address>0xbd10</run_address>
         <size>0x49a</size>
         <input_file_ref idref="fl-d4"/>
      </object_component>
      <object_component id="oc-257">
         <name>.debug_info</name>
         <load_address>0xc1aa</load_address>
         <run_address>0xc1aa</run_address>
         <size>0x5f</size>
         <input_file_ref idref="fl-d4"/>
      </object_component>
      <object_component id="oc-1b5">
         <name>.debug_info</name>
         <load_address>0xc209</load_address>
         <run_address>0xc209</run_address>
         <size>0x223</size>
         <input_file_ref idref="fl-d5"/>
      </object_component>
      <object_component id="oc-ca">
         <name>.debug_info</name>
         <load_address>0xc42c</load_address>
         <run_address>0xc42c</run_address>
         <size>0x2ba</size>
         <input_file_ref idref="fl-d5"/>
      </object_component>
      <object_component id="oc-d1">
         <name>.debug_info</name>
         <load_address>0xc6e6</load_address>
         <run_address>0xc6e6</run_address>
         <size>0x294</size>
         <input_file_ref idref="fl-d5"/>
      </object_component>
      <object_component id="oc-101">
         <name>.debug_info</name>
         <load_address>0xc97a</load_address>
         <run_address>0xc97a</run_address>
         <size>0x292</size>
         <input_file_ref idref="fl-d5"/>
      </object_component>
      <object_component id="oc-dc">
         <name>.debug_info</name>
         <load_address>0xcc0c</load_address>
         <run_address>0xcc0c</run_address>
         <size>0x27f</size>
         <input_file_ref idref="fl-d5"/>
      </object_component>
      <object_component id="oc-c4">
         <name>.debug_info</name>
         <load_address>0xce8b</load_address>
         <run_address>0xce8b</run_address>
         <size>0x28c</size>
         <input_file_ref idref="fl-d5"/>
      </object_component>
      <object_component id="oc-1a8">
         <name>.debug_info</name>
         <load_address>0xd117</load_address>
         <run_address>0xd117</run_address>
         <size>0x227</size>
         <input_file_ref idref="fl-d6"/>
      </object_component>
      <object_component id="oc-9a">
         <name>.debug_info</name>
         <load_address>0xd33e</load_address>
         <run_address>0xd33e</run_address>
         <size>0x291</size>
         <input_file_ref idref="fl-d6"/>
      </object_component>
      <object_component id="oc-1b9">
         <name>.debug_info</name>
         <load_address>0xd5cf</load_address>
         <run_address>0xd5cf</run_address>
         <size>0x212</size>
         <input_file_ref idref="fl-d7"/>
      </object_component>
      <object_component id="oc-2f9">
         <name>.debug_info</name>
         <load_address>0xd7e1</load_address>
         <run_address>0xd7e1</run_address>
         <size>0x89</size>
      </object_component>
      <object_component id="oc-143">
         <name>.debug_line</name>
         <load_address>0x0</load_address>
         <run_address>0x0</run_address>
         <size>0x4b</size>
         <input_file_ref idref="fl-2"/>
      </object_component>
      <object_component id="oc-31">
         <name>.debug_line</name>
         <load_address>0x4b</load_address>
         <run_address>0x4b</run_address>
         <size>0x4b</size>
         <input_file_ref idref="fl-2"/>
      </object_component>
      <object_component id="oc-29">
         <name>.debug_line</name>
         <load_address>0x96</load_address>
         <run_address>0x96</run_address>
         <size>0xab</size>
         <input_file_ref idref="fl-2"/>
      </object_component>
      <object_component id="oc-147">
         <name>.debug_line</name>
         <load_address>0x141</load_address>
         <run_address>0x141</run_address>
         <size>0x6f</size>
         <input_file_ref idref="fl-2"/>
      </object_component>
      <object_component id="oc-3c">
         <name>.debug_line</name>
         <load_address>0x1b0</load_address>
         <run_address>0x1b0</run_address>
         <size>0x20</size>
         <input_file_ref idref="fl-2"/>
      </object_component>
      <object_component id="oc-1f1">
         <name>.debug_line</name>
         <load_address>0x1d0</load_address>
         <run_address>0x1d0</run_address>
         <size>0x73</size>
         <input_file_ref idref="fl-2"/>
      </object_component>
      <object_component id="oc-140">
         <name>.debug_line</name>
         <load_address>0x243</load_address>
         <run_address>0x243</run_address>
         <size>0x70</size>
         <input_file_ref idref="fl-2"/>
      </object_component>
      <object_component id="oc-26e">
         <name>.debug_line</name>
         <load_address>0x2b3</load_address>
         <run_address>0x2b3</run_address>
         <size>0x20</size>
         <input_file_ref idref="fl-3"/>
      </object_component>
      <object_component id="oc-26c">
         <name>.debug_line</name>
         <load_address>0x2d3</load_address>
         <run_address>0x2d3</run_address>
         <size>0x38</size>
         <input_file_ref idref="fl-3"/>
      </object_component>
      <object_component id="oc-11b">
         <name>.debug_line</name>
         <load_address>0x30b</load_address>
         <run_address>0x30b</run_address>
         <size>0x1e2</size>
         <input_file_ref idref="fl-3"/>
      </object_component>
      <object_component id="oc-190">
         <name>.debug_line</name>
         <load_address>0x4ed</load_address>
         <run_address>0x4ed</run_address>
         <size>0x6b</size>
         <input_file_ref idref="fl-3"/>
      </object_component>
      <object_component id="oc-193">
         <name>.debug_line</name>
         <load_address>0x558</load_address>
         <run_address>0x558</run_address>
         <size>0x16a</size>
         <input_file_ref idref="fl-5"/>
      </object_component>
      <object_component id="oc-1eb">
         <name>.debug_line</name>
         <load_address>0x6c2</load_address>
         <run_address>0x6c2</run_address>
         <size>0x31</size>
         <input_file_ref idref="fl-5"/>
      </object_component>
      <object_component id="oc-1ed">
         <name>.debug_line</name>
         <load_address>0x6f3</load_address>
         <run_address>0x6f3</run_address>
         <size>0x31</size>
         <input_file_ref idref="fl-5"/>
      </object_component>
      <object_component id="oc-1b1">
         <name>.debug_line</name>
         <load_address>0x724</load_address>
         <run_address>0x724</run_address>
         <size>0x31</size>
         <input_file_ref idref="fl-5"/>
      </object_component>
      <object_component id="oc-1b3">
         <name>.debug_line</name>
         <load_address>0x755</load_address>
         <run_address>0x755</run_address>
         <size>0x31</size>
         <input_file_ref idref="fl-5"/>
      </object_component>
      <object_component id="oc-2f">
         <name>.debug_line</name>
         <load_address>0x786</load_address>
         <run_address>0x786</run_address>
         <size>0x436</size>
         <input_file_ref idref="fl-5"/>
      </object_component>
      <object_component id="oc-13b">
         <name>.debug_line</name>
         <load_address>0xbbc</load_address>
         <run_address>0xbbc</run_address>
         <size>0x20</size>
         <input_file_ref idref="fl-5"/>
      </object_component>
      <object_component id="oc-1fd">
         <name>.debug_line</name>
         <load_address>0xbdc</load_address>
         <run_address>0xbdc</run_address>
         <size>0x6b</size>
         <input_file_ref idref="fl-5"/>
      </object_component>
      <object_component id="oc-254">
         <name>.debug_line</name>
         <load_address>0xc47</load_address>
         <run_address>0xc47</run_address>
         <size>0x20</size>
         <input_file_ref idref="fl-6"/>
      </object_component>
      <object_component id="oc-247">
         <name>.debug_line</name>
         <load_address>0xc67</load_address>
         <run_address>0xc67</run_address>
         <size>0x3c</size>
         <input_file_ref idref="fl-6"/>
      </object_component>
      <object_component id="oc-252">
         <name>.debug_line</name>
         <load_address>0xca3</load_address>
         <run_address>0xca3</run_address>
         <size>0x3c</size>
         <input_file_ref idref="fl-6"/>
      </object_component>
      <object_component id="oc-249">
         <name>.debug_line</name>
         <load_address>0xcdf</load_address>
         <run_address>0xcdf</run_address>
         <size>0x3c</size>
         <input_file_ref idref="fl-6"/>
      </object_component>
      <object_component id="oc-245">
         <name>.debug_line</name>
         <load_address>0xd1b</load_address>
         <run_address>0xd1b</run_address>
         <size>0x3c</size>
         <input_file_ref idref="fl-6"/>
      </object_component>
      <object_component id="oc-82">
         <name>.debug_line</name>
         <load_address>0xd57</load_address>
         <run_address>0xd57</run_address>
         <size>0x28d</size>
         <input_file_ref idref="fl-6"/>
      </object_component>
      <object_component id="oc-121">
         <name>.debug_line</name>
         <load_address>0xfe4</load_address>
         <run_address>0xfe4</run_address>
         <size>0x50</size>
         <input_file_ref idref="fl-c1"/>
      </object_component>
      <object_component id="oc-187">
         <name>.debug_line</name>
         <load_address>0x1034</load_address>
         <run_address>0x1034</run_address>
         <size>0x5b</size>
         <input_file_ref idref="fl-c2"/>
      </object_component>
      <object_component id="oc-124">
         <name>.debug_line</name>
         <load_address>0x108f</load_address>
         <run_address>0x108f</run_address>
         <size>0x79</size>
         <input_file_ref idref="fl-c3"/>
      </object_component>
      <object_component id="oc-200">
         <name>.debug_line</name>
         <load_address>0x1108</load_address>
         <run_address>0x1108</run_address>
         <size>0x95</size>
         <input_file_ref idref="fl-c4"/>
      </object_component>
      <object_component id="oc-51">
         <name>.debug_line</name>
         <load_address>0x119d</load_address>
         <run_address>0x119d</run_address>
         <size>0x4f</size>
         <input_file_ref idref="fl-c4"/>
      </object_component>
      <object_component id="oc-15b">
         <name>.debug_line</name>
         <load_address>0x11ec</load_address>
         <run_address>0x11ec</run_address>
         <size>0x34</size>
         <input_file_ref idref="fl-c4"/>
      </object_component>
      <object_component id="oc-156">
         <name>.debug_line</name>
         <load_address>0x1220</load_address>
         <run_address>0x1220</run_address>
         <size>0x20</size>
         <input_file_ref idref="fl-c5"/>
      </object_component>
      <object_component id="oc-1a">
         <name>.debug_line</name>
         <load_address>0x1240</load_address>
         <run_address>0x1240</run_address>
         <size>0x55</size>
         <input_file_ref idref="fl-c5"/>
      </object_component>
      <object_component id="oc-47">
         <name>.debug_line</name>
         <load_address>0x1295</load_address>
         <run_address>0x1295</run_address>
         <size>0x3a</size>
         <input_file_ref idref="fl-c5"/>
      </object_component>
      <object_component id="oc-153">
         <name>.debug_line</name>
         <load_address>0x12cf</load_address>
         <run_address>0x12cf</run_address>
         <size>0x95</size>
         <input_file_ref idref="fl-c5"/>
      </object_component>
      <object_component id="oc-1f9">
         <name>.debug_line</name>
         <load_address>0x1364</load_address>
         <run_address>0x1364</run_address>
         <size>0x20</size>
         <input_file_ref idref="fl-c6"/>
      </object_component>
      <object_component id="oc-16">
         <name>.debug_line</name>
         <load_address>0x1384</load_address>
         <run_address>0x1384</run_address>
         <size>0xa9</size>
         <input_file_ref idref="fl-c6"/>
      </object_component>
      <object_component id="oc-37">
         <name>.debug_line</name>
         <load_address>0x142d</load_address>
         <run_address>0x142d</run_address>
         <size>0x3a</size>
         <input_file_ref idref="fl-c6"/>
      </object_component>
      <object_component id="oc-1f6">
         <name>.debug_line</name>
         <load_address>0x1467</load_address>
         <run_address>0x1467</run_address>
         <size>0x9d</size>
         <input_file_ref idref="fl-c6"/>
      </object_component>
      <object_component id="oc-14c">
         <name>.debug_line</name>
         <load_address>0x1504</load_address>
         <run_address>0x1504</run_address>
         <size>0x99</size>
         <input_file_ref idref="fl-c6"/>
      </object_component>
      <object_component id="oc-6f">
         <name>.debug_line</name>
         <load_address>0x159d</load_address>
         <run_address>0x159d</run_address>
         <size>0x33</size>
         <input_file_ref idref="fl-c7"/>
      </object_component>
      <object_component id="oc-5d">
         <name>.debug_line</name>
         <load_address>0x15d0</load_address>
         <run_address>0x15d0</run_address>
         <size>0x45</size>
         <input_file_ref idref="fl-c7"/>
      </object_component>
      <object_component id="oc-24e">
         <name>.debug_line</name>
         <load_address>0x1615</load_address>
         <run_address>0x1615</run_address>
         <size>0x37</size>
         <input_file_ref idref="fl-c8"/>
      </object_component>
      <object_component id="oc-42">
         <name>.debug_line</name>
         <load_address>0x164c</load_address>
         <run_address>0x164c</run_address>
         <size>0x88</size>
         <input_file_ref idref="fl-c9"/>
      </object_component>
      <object_component id="oc-2ac">
         <name>.debug_line</name>
         <load_address>0x16d4</load_address>
         <run_address>0x16d4</run_address>
         <size>0xc2</size>
         <input_file_ref idref="fl-ca"/>
      </object_component>
      <object_component id="oc-20f">
         <name>.debug_line</name>
         <load_address>0x1796</load_address>
         <run_address>0x1796</run_address>
         <size>0x6f</size>
         <input_file_ref idref="fl-ca"/>
      </object_component>
      <object_component id="oc-2b0">
         <name>.debug_line</name>
         <load_address>0x1805</load_address>
         <run_address>0x1805</run_address>
         <size>0x2e</size>
         <input_file_ref idref="fl-ca"/>
      </object_component>
      <object_component id="oc-2c4">
         <name>.debug_line</name>
         <load_address>0x1833</load_address>
         <run_address>0x1833</run_address>
         <size>0x9d</size>
         <input_file_ref idref="fl-ca"/>
      </object_component>
      <object_component id="oc-2b5">
         <name>.debug_line</name>
         <load_address>0x18d0</load_address>
         <run_address>0x18d0</run_address>
         <size>0x9a</size>
         <input_file_ref idref="fl-ca"/>
      </object_component>
      <object_component id="oc-2ba">
         <name>.debug_line</name>
         <load_address>0x196a</load_address>
         <run_address>0x196a</run_address>
         <size>0x96</size>
         <input_file_ref idref="fl-ca"/>
      </object_component>
      <object_component id="oc-164">
         <name>.debug_line</name>
         <load_address>0x1a00</load_address>
         <run_address>0x1a00</run_address>
         <size>0x40</size>
         <input_file_ref idref="fl-cb"/>
      </object_component>
      <object_component id="oc-205">
         <name>.debug_line</name>
         <load_address>0x1a40</load_address>
         <run_address>0x1a40</run_address>
         <size>0x3c</size>
         <input_file_ref idref="fl-cd"/>
      </object_component>
      <object_component id="oc-263">
         <name>.debug_line</name>
         <load_address>0x1a7c</load_address>
         <run_address>0x1a7c</run_address>
         <size>0xde</size>
         <input_file_ref idref="fl-d0"/>
      </object_component>
      <object_component id="oc-af">
         <name>.debug_line</name>
         <load_address>0x1b5a</load_address>
         <run_address>0x1b5a</run_address>
         <size>0xa7</size>
         <input_file_ref idref="fl-d0"/>
      </object_component>
      <object_component id="oc-b5">
         <name>.debug_line</name>
         <load_address>0x1c01</load_address>
         <run_address>0x1c01</run_address>
         <size>0x91</size>
         <input_file_ref idref="fl-d0"/>
      </object_component>
      <object_component id="oc-115">
         <name>.debug_line</name>
         <load_address>0x1c92</load_address>
         <run_address>0x1c92</run_address>
         <size>0x9c</size>
         <input_file_ref idref="fl-d0"/>
      </object_component>
      <object_component id="oc-a9">
         <name>.debug_line</name>
         <load_address>0x1d2e</load_address>
         <run_address>0x1d2e</run_address>
         <size>0xa4</size>
         <input_file_ref idref="fl-d0"/>
      </object_component>
      <object_component id="oc-109">
         <name>.debug_line</name>
         <load_address>0x1dd2</load_address>
         <run_address>0x1dd2</run_address>
         <size>0x91</size>
         <input_file_ref idref="fl-d0"/>
      </object_component>
      <object_component id="oc-10f">
         <name>.debug_line</name>
         <load_address>0x1e63</load_address>
         <run_address>0x1e63</run_address>
         <size>0x9b</size>
         <input_file_ref idref="fl-d0"/>
      </object_component>
      <object_component id="oc-bb">
         <name>.debug_line</name>
         <load_address>0x1efe</load_address>
         <run_address>0x1efe</run_address>
         <size>0x91</size>
         <input_file_ref idref="fl-d0"/>
      </object_component>
      <object_component id="oc-175">
         <name>.debug_line</name>
         <load_address>0x1f8f</load_address>
         <run_address>0x1f8f</run_address>
         <size>0x69</size>
         <input_file_ref idref="fl-d0"/>
      </object_component>
      <object_component id="oc-241">
         <name>.debug_line</name>
         <load_address>0x1ff8</load_address>
         <run_address>0x1ff8</run_address>
         <size>0x82</size>
         <input_file_ref idref="fl-d1"/>
      </object_component>
      <object_component id="oc-25d">
         <name>.debug_line</name>
         <load_address>0x207a</load_address>
         <run_address>0x207a</run_address>
         <size>0x7d</size>
         <input_file_ref idref="fl-d1"/>
      </object_component>
      <object_component id="oc-72">
         <name>.debug_line</name>
         <load_address>0x20f7</load_address>
         <run_address>0x20f7</run_address>
         <size>0x92</size>
         <input_file_ref idref="fl-d1"/>
      </object_component>
      <object_component id="oc-19b">
         <name>.debug_line</name>
         <load_address>0x2189</load_address>
         <run_address>0x2189</run_address>
         <size>0x95</size>
         <input_file_ref idref="fl-d1"/>
      </object_component>
      <object_component id="oc-1a1">
         <name>.debug_line</name>
         <load_address>0x221e</load_address>
         <run_address>0x221e</run_address>
         <size>0xd1</size>
         <input_file_ref idref="fl-d1"/>
      </object_component>
      <object_component id="oc-94">
         <name>.debug_line</name>
         <load_address>0x22ef</load_address>
         <run_address>0x22ef</run_address>
         <size>0x93</size>
         <input_file_ref idref="fl-d1"/>
      </object_component>
      <object_component id="oc-e8">
         <name>.debug_line</name>
         <load_address>0x2382</load_address>
         <run_address>0x2382</run_address>
         <size>0x99</size>
         <input_file_ref idref="fl-d1"/>
      </object_component>
      <object_component id="oc-a0">
         <name>.debug_line</name>
         <load_address>0x241b</load_address>
         <run_address>0x241b</run_address>
         <size>0x93</size>
         <input_file_ref idref="fl-d1"/>
      </object_component>
      <object_component id="oc-8e">
         <name>.debug_line</name>
         <load_address>0x24ae</load_address>
         <run_address>0x24ae</run_address>
         <size>0xa7</size>
         <input_file_ref idref="fl-d1"/>
      </object_component>
      <object_component id="oc-26a">
         <name>.debug_line</name>
         <load_address>0x2555</load_address>
         <run_address>0x2555</run_address>
         <size>0x7c</size>
         <input_file_ref idref="fl-d2"/>
      </object_component>
      <object_component id="oc-268">
         <name>.debug_line</name>
         <load_address>0x25d1</load_address>
         <run_address>0x25d1</run_address>
         <size>0x82</size>
         <input_file_ref idref="fl-d2"/>
      </object_component>
      <object_component id="oc-da">
         <name>.debug_line</name>
         <load_address>0x2653</load_address>
         <run_address>0x2653</run_address>
         <size>0x97</size>
         <input_file_ref idref="fl-d2"/>
      </object_component>
      <object_component id="oc-e6">
         <name>.debug_line</name>
         <load_address>0x26ea</load_address>
         <run_address>0x26ea</run_address>
         <size>0xc2</size>
         <input_file_ref idref="fl-d2"/>
      </object_component>
      <object_component id="oc-243">
         <name>.debug_line</name>
         <load_address>0x27ac</load_address>
         <run_address>0x27ac</run_address>
         <size>0x82</size>
         <input_file_ref idref="fl-d3"/>
      </object_component>
      <object_component id="oc-fe">
         <name>.debug_line</name>
         <load_address>0x282e</load_address>
         <run_address>0x282e</run_address>
         <size>0x91</size>
         <input_file_ref idref="fl-d3"/>
      </object_component>
      <object_component id="oc-7d">
         <name>.debug_line</name>
         <load_address>0x28bf</load_address>
         <run_address>0x28bf</run_address>
         <size>0x94</size>
         <input_file_ref idref="fl-d3"/>
      </object_component>
      <object_component id="oc-f4">
         <name>.debug_line</name>
         <load_address>0x2953</load_address>
         <run_address>0x2953</run_address>
         <size>0xa3</size>
         <input_file_ref idref="fl-d3"/>
      </object_component>
      <object_component id="oc-ee">
         <name>.debug_line</name>
         <load_address>0x29f6</load_address>
         <run_address>0x29f6</run_address>
         <size>0x91</size>
         <input_file_ref idref="fl-d3"/>
      </object_component>
      <object_component id="oc-256">
         <name>.debug_line</name>
         <load_address>0x2a87</load_address>
         <run_address>0x2a87</run_address>
         <size>0x13d</size>
         <input_file_ref idref="fl-d4"/>
      </object_component>
      <object_component id="oc-275">
         <name>.debug_line</name>
         <load_address>0x2bc4</load_address>
         <run_address>0x2bc4</run_address>
         <size>0x7f</size>
         <input_file_ref idref="fl-d4"/>
      </object_component>
      <object_component id="oc-277">
         <name>.debug_line</name>
         <load_address>0x2c43</load_address>
         <run_address>0x2c43</run_address>
         <size>0x7f</size>
         <input_file_ref idref="fl-d4"/>
      </object_component>
      <object_component id="oc-29c">
         <name>.debug_line</name>
         <load_address>0x2cc2</load_address>
         <run_address>0x2cc2</run_address>
         <size>0x7f</size>
         <input_file_ref idref="fl-d4"/>
      </object_component>
      <object_component id="oc-279">
         <name>.debug_line</name>
         <load_address>0x2d41</load_address>
         <run_address>0x2d41</run_address>
         <size>0x7f</size>
         <input_file_ref idref="fl-d4"/>
      </object_component>
      <object_component id="oc-88">
         <name>.debug_line</name>
         <load_address>0x2dc0</load_address>
         <run_address>0x2dc0</run_address>
         <size>0x94</size>
         <input_file_ref idref="fl-d4"/>
      </object_component>
      <object_component id="oc-1d5">
         <name>.debug_line</name>
         <load_address>0x2e54</load_address>
         <run_address>0x2e54</run_address>
         <size>0x9e</size>
         <input_file_ref idref="fl-d4"/>
      </object_component>
      <object_component id="oc-1db">
         <name>.debug_line</name>
         <load_address>0x2ef2</load_address>
         <run_address>0x2ef2</run_address>
         <size>0xb0</size>
         <input_file_ref idref="fl-d4"/>
      </object_component>
      <object_component id="oc-128">
         <name>.debug_line</name>
         <load_address>0x2fa2</load_address>
         <run_address>0x2fa2</run_address>
         <size>0x196</size>
         <input_file_ref idref="fl-d4"/>
      </object_component>
      <object_component id="oc-25a">
         <name>.debug_line</name>
         <load_address>0x3138</load_address>
         <run_address>0x3138</run_address>
         <size>0x7f</size>
         <input_file_ref idref="fl-d4"/>
      </object_component>
      <object_component id="oc-265">
         <name>.debug_line</name>
         <load_address>0x31b7</load_address>
         <run_address>0x31b7</run_address>
         <size>0x82</size>
         <input_file_ref idref="fl-d5"/>
      </object_component>
      <object_component id="oc-cd">
         <name>.debug_line</name>
         <load_address>0x3239</load_address>
         <run_address>0x3239</run_address>
         <size>0x9c</size>
         <input_file_ref idref="fl-d5"/>
      </object_component>
      <object_component id="oc-d0">
         <name>.debug_line</name>
         <load_address>0x32d5</load_address>
         <run_address>0x32d5</run_address>
         <size>0x93</size>
         <input_file_ref idref="fl-d5"/>
      </object_component>
      <object_component id="oc-100">
         <name>.debug_line</name>
         <load_address>0x3368</load_address>
         <run_address>0x3368</run_address>
         <size>0x93</size>
         <input_file_ref idref="fl-d5"/>
      </object_component>
      <object_component id="oc-df">
         <name>.debug_line</name>
         <load_address>0x33fb</load_address>
         <run_address>0x33fb</run_address>
         <size>0x93</size>
         <input_file_ref idref="fl-d5"/>
      </object_component>
      <object_component id="oc-c8">
         <name>.debug_line</name>
         <load_address>0x348e</load_address>
         <run_address>0x348e</run_address>
         <size>0xb7</size>
         <input_file_ref idref="fl-d5"/>
      </object_component>
      <object_component id="oc-261">
         <name>.debug_line</name>
         <load_address>0x3545</load_address>
         <run_address>0x3545</run_address>
         <size>0x82</size>
         <input_file_ref idref="fl-d6"/>
      </object_component>
      <object_component id="oc-9d">
         <name>.debug_line</name>
         <load_address>0x35c7</load_address>
         <run_address>0x35c7</run_address>
         <size>0x92</size>
         <input_file_ref idref="fl-d6"/>
      </object_component>
      <object_component id="oc-1bd">
         <name>.debug_line</name>
         <load_address>0x3659</load_address>
         <run_address>0x3659</run_address>
         <size>0x91</size>
         <input_file_ref idref="fl-d7"/>
      </object_component>
      <object_component id="oc-28">
         <name>.debug_frame</name>
         <load_address>0x0</load_address>
         <run_address>0x0</run_address>
         <size>0x90</size>
         <input_file_ref idref="fl-2"/>
      </object_component>
      <object_component id="oc-11c">
         <name>.debug_frame</name>
         <load_address>0x90</load_address>
         <run_address>0x90</run_address>
         <size>0x98</size>
         <input_file_ref idref="fl-3"/>
      </object_component>
      <object_component id="oc-2e">
         <name>.debug_frame</name>
         <load_address>0x128</load_address>
         <run_address>0x128</run_address>
         <size>0x26c</size>
         <input_file_ref idref="fl-5"/>
      </object_component>
      <object_component id="oc-83">
         <name>.debug_frame</name>
         <load_address>0x394</load_address>
         <run_address>0x394</run_address>
         <size>0x104</size>
         <input_file_ref idref="fl-6"/>
      </object_component>
      <object_component id="oc-53">
         <name>.debug_frame</name>
         <load_address>0x498</load_address>
         <run_address>0x498</run_address>
         <size>0x54</size>
         <input_file_ref idref="fl-c4"/>
      </object_component>
      <object_component id="oc-1b">
         <name>.debug_frame</name>
         <load_address>0x4ec</load_address>
         <run_address>0x4ec</run_address>
         <size>0x54</size>
         <input_file_ref idref="fl-c5"/>
      </object_component>
      <object_component id="oc-17">
         <name>.debug_frame</name>
         <load_address>0x540</load_address>
         <run_address>0x540</run_address>
         <size>0x60</size>
         <input_file_ref idref="fl-c6"/>
      </object_component>
      <object_component id="oc-61">
         <name>.debug_frame</name>
         <load_address>0x5a0</load_address>
         <run_address>0x5a0</run_address>
         <size>0x50</size>
         <input_file_ref idref="fl-c7"/>
      </object_component>
      <object_component id="oc-213">
         <name>.debug_frame</name>
         <load_address>0x5f0</load_address>
         <run_address>0x5f0</run_address>
         <size>0x5c</size>
         <input_file_ref idref="fl-ca"/>
      </object_component>
      <object_component id="oc-163">
         <name>.debug_frame</name>
         <load_address>0x64c</load_address>
         <run_address>0x64c</run_address>
         <size>0x54</size>
         <input_file_ref idref="fl-cb"/>
      </object_component>
      <object_component id="oc-203">
         <name>.debug_frame</name>
         <load_address>0x6a0</load_address>
         <run_address>0x6a0</run_address>
         <size>0x54</size>
         <input_file_ref idref="fl-cd"/>
      </object_component>
      <object_component id="oc-b0">
         <name>.debug_frame</name>
         <load_address>0x6f4</load_address>
         <run_address>0x6f4</run_address>
         <size>0x8a</size>
         <input_file_ref idref="fl-d0"/>
      </object_component>
      <object_component id="oc-b6">
         <name>.debug_frame</name>
         <load_address>0x77e</load_address>
         <run_address>0x77e</run_address>
         <size>0x7f</size>
         <input_file_ref idref="fl-d0"/>
      </object_component>
      <object_component id="oc-116">
         <name>.debug_frame</name>
         <load_address>0x7fd</load_address>
         <run_address>0x7fd</run_address>
         <size>0x7f</size>
         <input_file_ref idref="fl-d0"/>
      </object_component>
      <object_component id="oc-aa">
         <name>.debug_frame</name>
         <load_address>0x87c</load_address>
         <run_address>0x87c</run_address>
         <size>0x8e</size>
         <input_file_ref idref="fl-d0"/>
      </object_component>
      <object_component id="oc-10a">
         <name>.debug_frame</name>
[...]
         </contents>
      </load_segment>
   </logical_group_list>
   <placement_map>
      <memory_area display="yes" color="green">
         <name>FLASH</name>
         <page_id>0x0</page_id>
         <origin>0x0</origin>
         <length>0x100000</length>
         <used_space>0x26f8</used_space>
         <unused_space>0xfd908</unused_space>
         <attributes>RX</attributes>
         <usage_details>
            <allocated_space>
               <start_address>0x0</start_address>
               <size>0x208</size>
               <logical_group_ref idref="lg-3"/>
            </allocated_space>
            <allocated_space>
               <start_address>0x208</start_address>
               <size>0x1b34</size>
               <logical_group_ref idref="lg-4"/>
            </allocated_space>
            <allocated_space>
               <start_address>0x1d3c</start_address>
               <size>0x984</size>
               <logical_group_ref idref="lg-5"/>
            </allocated_space>
            <allocated_space>
               <start_address>0x26c0</start_address>
               <size>0x38</size>
               <logical_group_ref idref="lg-6"/>
            </allocated_space>
            <available_space>
               <start_address>0x26f8</start_address>
               <size>0xfd908</size>
            </available_space>
         </usage_details>
      </memory_area>
      <memory_area display="yes" color="green">
         <name>SRAM</name>
         <page_id>0x0</page_id>
         <origin>0x20000000</origin>
         <length>0x40000</length>
         <used_space>0x2014</used_space>
         <unused_space>0x3dfec</unused_space>
         <attributes>RWX</attributes>
         <usage_details>
            <allocated_space>
               <start_address>0x20000000</start_address>
               <size>0x1210</size>
               <logical_group_ref idref="lg-b"/>
            </allocated_space>
            <allocated_space>
               <start_address>0x20001210</start_address>
               <size>0xc04</size>
               <logical_group_ref idref="lg-a"/>
            </allocated_space>
            <available_space>
               <start_address>0x20001e14</start_address>
               <size>0x4</size>
            </available_space>
            <allocated_space>
               <start_address>0x20001e18</start_address>
               <size>0x200</size>
               <logical_group_ref idref="lg-d"/>
            </allocated_space>
            <available_space>
               <start_address>0x20002018</start_address>
               <size>0x3dfe8</size>
            </available_space>
         </usage_details>
      </memory_area>
   </placement_map>
   <cptbl_list>
      <cptbl>
         <name>__TI_cinit_table</name>
         <cprec>
            <name>.data</name>
            <load_address>0x26c0</load_address>
            <load_size>0x10</load_size>
            <run_address>0x20001210</run_address>
            <run_size>0xc04</run_size>
            <compression>lzss</compression>
         </cprec>
         <cprec>
            <name>.bss</name>
            <load_address>0x26e0</load_address>
            <load_size>0x8</load_size>
            <run_address>0x20000000</run_address>
            <run_size>0x1210</run_size>
            <compression>zero_init</compression>
         </cprec>
      </cptbl>
   </cptbl_list>
   <handler_table>
      <handler_table_name>__TI_handler_table</handler_table_name>
      <handler>
         <index>0x0</index>
         <name>__TI_decompress_lzss</name>
      </handler>
      <handler>
         <index>0x1</index>
         <name>__TI_decompress_none</name>
      </handler>
      <handler>
         <index>0x2</index>
         <name>__TI_zero_init</name>
      </handler>
   </handler_table>
   <symbol_table>
      <symbol id="sm-1">
         <name>__STACK_TOP</name>
         <value>0x20002018</value>
      </symbol>
      <symbol id="sm-2">
         <name>__TI_CINIT_Base</name>
         <value>0x26e8</value>
      </symbol>
      <symbol id="sm-3">
         <name>__TI_CINIT_Limit</name>
         <value>0x26f8</value>
      </symbol>
      <symbol id="sm-4">
         <name>__TI_Handler_Table_Base</name>
         <value>0x26d0</value>
      </symbol>
      <symbol id="sm-5">
         <name>__TI_Handler_Table_Limit</name>
         <value>0x26dc</value>
      </symbol>
      <symbol id="sm-6">
         <name>binit</name>
         <value>0xffffffff</value>
      </symbol>
      <symbol id="sm-7">
         <name>__binit__</name>
         <value>0xffffffff</value>
      </symbol>
      <symbol id="sm-8">
         <name>__STACK_SIZE</name>
         <value>0x200</value>
      </symbol>
      <symbol id="sm-9">
         <name>__STACK_END</name>
         <value>0x20002018</value>
      </symbol>
      <symbol id="sm-a">
         <name>__c_args__</name>
         <value>0xffffffff</value>
      </symbol>
      <symbol id="sm-b">
         <name>__TI_pprof_out_hndl</name>
         <value>0xffffffff</value>
      </symbol>
      <symbol id="sm-c">
         <name>__TI_prof_data_start</name>
         <value>0xffffffff</value>
      </symbol>
      <symbol id="sm-d">
         <name>__TI_prof_data_size</name>
         <value>0xffffffff</value>
      </symbol>
      <symbol id="sm-52">
         <name>ResetISR</name>
         <value>0x1ce7</value>
         <object_component_ref idref="oc-24"/>
      </symbol>
      <symbol id="sm-53">
         <name>g_pfnVectors</name>
         <value>0x0</value>
         <object_component_ref idref="oc-f"/>
      </symbol>
      <symbol id="sm-8a">
         <name>Sinewave</name>
         <value>0x1d3c</value>
         <object_component_ref idref="oc-1cd"/>
      </symbol>
      <symbol id="sm-8b">
         <name>fix_fftr</name>
         <value>0x12bb</value>
         <object_component_ref idref="oc-117"/>
      </symbol>
      <symbol id="sm-8c">
         <name>FIX_MPY</name>
         <value>0xf7d</value>
         <object_component_ref idref="oc-117"/>
      </symbol>
      <symbol id="sm-8d">
         <name>fix_fft</name>
         <value>0xfb9</value>
         <object_component_ref idref="oc-117"/>
      </symbol>
      <symbol id="sm-139">
         <name>pui32ADC0Value</name>
         <value>0x20001208</value>
      </symbol>
      <symbol id="sm-13a">
         <name>ui32SysClock</name>
         <value>0x2000120c</value>
      </symbol>
      <symbol id="sm-13b">
         <name>oled_write_data</name>
         <value>0x233</value>
         <object_component_ref idref="oc-2a"/>
      </symbol>
      <symbol id="sm-13c">
         <name>timer_adc</name>
         <value>0x773</value>
         <object_component_ref idref="oc-2a"/>
      </symbol>
      <symbol id="sm-13d">
         <name>piano</name>
         <value>0x95d</value>
         <object_component_ref idref="oc-2a"/>
      </symbol>
      <symbol id="sm-13e">
         <name>oled_init</name>
         <value>0x25d</value>
         <object_component_ref idref="oc-2a"/>
      </symbol>
      <symbol id="sm-13f">
         <name>oled_write_cmd</name>
         <value>0x209</value>
         <object_component_ref idref="oc-2a"/>
      </symbol>
      <symbol id="sm-140">
         <name>dictionary_buffer</name>
         <value>0x20001210</value>
         <object_component_ref idref="oc-c0"/>
      </symbol>
      <symbol id="sm-141">
         <name>clean_led_all</name>
         <value>0x4e1</value>
         <object_component_ref idref="oc-2a"/>
      </symbol>
      <symbol id="sm-142">
         <name>timer_dac</name>
         <value>0x789</value>
         <object_component_ref idref="oc-2a"/>
      </symbol>
      <symbol id="sm-143">
         <name>oled_draw_point</name>
         <value>0x387</value>
         <object_component_ref idref="oc-2a"/>
      </symbol>
      <symbol id="sm-144">
         <name>spi_init</name>
         <value>0x689</value>
         <object_component_ref idref="oc-2a"/>
      </symbol>
      <symbol id="sm-145">
         <name>gpio_init</name>
         <value>0x593</value>
         <object_component_ref idref="oc-2a"/>
      </symbol>
      <symbol id="sm-146">
         <name>adc_get_value</name>
         <value>0x7c5</value>
         <object_component_ref idref="oc-2a"/>
      </symbol>
      <symbol id="sm-147">
         <name>timer_init</name>
         <value>0x5e9</value>
         <object_component_ref idref="oc-2a"/>
      </symbol>
      <symbol id="sm-148">
         <name>main</name>
         <value>0x989</value>
         <object_component_ref idref="oc-2a"/>
      </symbol>
      <symbol id="sm-149">
         <name>timer_pwm</name>
         <value>0x75d</value>
         <object_component_ref idref="oc-2a"/>
      </symbol>
      <symbol id="sm-14a">
         <name>adc_init</name>
         <value>0x595</value>
         <object_component_ref idref="oc-2a"/>
      </symbol>
      <symbol id="sm-14b">
         <name>InitConsole</name>
         <value>0x557</value>
         <object_component_ref idref="oc-2a"/>
      </symbol>
      <symbol id="sm-14c">
         <name>disp_sent</name>
         <value>0x341</value>
         <object_component_ref idref="oc-2a"/>
      </symbol>
      <symbol id="sm-14d">
         <name>refresh_led_line</name>
         <value>0x45f</value>
         <object_component_ref idref="oc-2a"/>
      </symbol>
      <symbol id="sm-14e">
         <name>turner</name>
         <value>0x8fd</value>
         <object_component_ref idref="oc-2a"/>
      </symbol>
      <symbol id="sm-14f">
         <name>display_buffer</name>
         <value>0x20001a08</value>
         <object_component_ref idref="oc-bd"/>
      </symbol>
      <symbol id="sm-150">
         <name>refresh_led</name>
         <value>0x3cd</value>
         <object_component_ref idref="oc-2a"/>
      </symbol>
      <symbol id="sm-151">
         <name>disp_char</name>
         <value>0x313</value>
         <object_component_ref idref="oc-2a"/>
      </symbol>
      <symbol id="sm-1c2">
         <name>UARTgetc</name>
         <value>0xc19</value>
         <object_component_ref idref="oc-7e"/>
      </symbol>
      <symbol id="sm-1c3">
         <name>UARTgets</name>
         <value>0xb53</value>
         <object_component_ref idref="oc-7e"/>
      </symbol>
      <symbol id="sm-1c4">
         <name>UARTStdioConfig</name>
         <value>0xaa1</value>
         <object_component_ref idref="oc-7e"/>
      </symbol>
      <symbol id="sm-1c5">
         <name>UARTwrite</name>
         <value>0xb01</value>
         <object_component_ref idref="oc-7e"/>
      </symbol>
      <symbol id="sm-1c6">
         <name>UARTprintf</name>
         <value>0xf47</value>
         <object_component_ref idref="oc-7e"/>
      </symbol>
      <symbol id="sm-1c7">
         <name>UARTvprintf</name>
         <value>0xc4d</value>
         <object_component_ref idref="oc-7e"/>
      </symbol>
      <symbol id="sm-1d1">
         <name>__aeabi_i2d</name>
         <value>0x1b97</value>
         <object_component_ref idref="oc-11d"/>
      </symbol>
      <symbol id="sm-1e0">
         <name>__aeabi_uidivmod</name>
         <value>0x1a85</value>
         <object_component_ref idref="oc-183"/>
      </symbol>
      <symbol id="sm-1e1">
         <name>__aeabi_uidiv</name>
         <value>0x1a85</value>
         <object_component_ref idref="oc-183"/>
      </symbol>
      <symbol id="sm-1f0">
         <name>__aeabi_memset</name>
         <value>0x17b7</value>
         <object_component_ref idref="oc-122"/>
      </symbol>
      <symbol id="sm-1f1">
         <name>memset</name>
         <value>0x17bd</value>
         <object_component_ref idref="oc-122"/>
      </symbol>
      <symbol id="sm-1f2">
         <name>__aeabi_memset8</name>
         <value>0x17b7</value>
         <object_component_ref idref="oc-122"/>
      </symbol>
      <symbol id="sm-1f3">
         <name>__aeabi_memset4</name>
         <value>0x17b7</value>
         <object_component_ref idref="oc-122"/>
      </symbol>
      <symbol id="sm-1f4">
         <name>__aeabi_memclr8</name>
         <value>0x17b5</value>
         <object_component_ref idref="oc-122"/>
      </symbol>
      <symbol id="sm-1f5">
         <name>__aeabi_memclr4</name>
         <value>0x17b5</value>
         <object_component_ref idref="oc-122"/>
      </symbol>
      <symbol id="sm-1f6">
         <name>__aeabi_memclr</name>
         <value>0x17b5</value>
         <object_component_ref idref="oc-122"/>
      </symbol>
      <symbol id="sm-208">
         <name>__TI_zero_init</name>
         <value>0x1cdb</value>
         <object_component_ref idref="oc-50"/>
      </symbol>
      <symbol id="sm-21f">
         <name>__TI_decompress_none</name>
         <value>0x1cc1</value>
         <object_component_ref idref="oc-18"/>
      </symbol>
      <symbol id="sm-242">
         <name>__TI_decompress_lzss</name>
         <value>0x1899</value>
         <object_component_ref idref="oc-12"/>
      </symbol>
      <symbol id="sm-255">
         <name>__stack</name>
         <value>0x20001e18</value>
         <object_component_ref idref="oc-21"/>
      </symbol>
      <symbol id="sm-256">
         <name>_c_int00_noargs</name>
         <value>0x1b35</value>
         <object_component_ref idref="oc-5c"/>
      </symbol>
      <symbol id="sm-260">
         <name>__aeabi_idiv0</name>
         <value>0x182f</value>
         <object_component_ref idref="oc-24a"/>
      </symbol>
      <symbol id="sm-261">
         <name>__aeabi_ldiv0</name>
         <value>0x182f</value>
         <object_component_ref idref="oc-24a"/>
      </symbol>
      <symbol id="sm-27c">
         <name>memcpy</name>
         <value>0x169f</value>
         <object_component_ref idref="oc-3e"/>
      </symbol>
      <symbol id="sm-27d">
         <name>__aeabi_memcpy</name>
         <value>0x169f</value>
         <object_component_ref idref="oc-3e"/>
      </symbol>
      <symbol id="sm-27e">
         <name>__aeabi_memcpy8</name>
         <value>0x169f</value>
         <object_component_ref idref="oc-3e"/>
      </symbol>
      <symbol id="sm-27f">
         <name>__aeabi_memcpy4</name>
         <value>0x169f</value>
         <object_component_ref idref="oc-3e"/>
      </symbol>
      <symbol id="sm-2a7">
         <name>__TI_auto_init_nobinit_nopinit</name>
         <value>0x1a41</value>
         <object_component_ref idref="oc-20e"/>
      </symbol>
      <symbol id="sm-2b1">
         <name>_system_pre_init</name>
         <value>0x1d35</value>
         <object_component_ref idref="oc-15f"/>
      </symbol>
      <symbol id="sm-2bd">
         <name>C$$EXIT</name>
         <value>0x1d39</value>
         <object_component_ref idref="oc-202"/>
      </symbol>
      <symbol id="sm-2be">
         <name>abort</name>
         <value>0x1d39</value>
         <object_component_ref idref="oc-202"/>
      </symbol>
      <symbol id="sm-30b">
         <name>ADCProcessorTrigger</name>
         <value>0x1c2f</value>
         <object_component_ref idref="oc-105"/>
      </symbol>
      <symbol id="sm-30c">
         <name>ADCSequenceEnable</name>
         <value>0x1ca5</value>
         <object_component_ref idref="oc-b1"/>
      </symbol>
      <symbol id="sm-30d">
         <name>ADCSequenceConfigure</name>
         <value>0x1961</value>
         <object_component_ref idref="oc-a5"/>
      </symbol>
      <symbol id="sm-30e">
         <name>ADCSequenceStepConfigure</name>
         <value>0x173b</value>
         <object_component_ref idref="oc-ab"/>
      </symbol>
      <symbol id="sm-30f">
         <name>ADCIntClear</name>
         <value>0x1cf3</value>
         <object_component_ref idref="oc-b7"/>
      </symbol>
      <symbol id="sm-310">
         <name>ADCIntStatus</name>
         <value>0x1b69</value>
         <object_component_ref idref="oc-10b"/>
      </symbol>
      <symbol id="sm-311">
         <name>ADCSequenceDataGet</name>
         <value>0x1c11</value>
         <object_component_ref idref="oc-111"/>
      </symbol>
      <symbol id="sm-35b">
         <name>GPIOPinConfigure</name>
         <value>0x19b1</value>
         <object_component_ref idref="oc-8d"/>
      </symbol>
      <symbol id="sm-35c">
         <name>GPIOPinTypeADC</name>
         <value>0x1c5f</value>
         <object_component_ref idref="oc-9f"/>
      </symbol>
      <symbol id="sm-35d">
         <name>GPIOPinTypeUART</name>
         <value>0x1c71</value>
         <object_component_ref idref="oc-93"/>
      </symbol>
      <symbol id="sm-35e">
         <name>GPIOPinTypeGPIOOutput</name>
         <value>0x1c47</value>
         <object_component_ref idref="oc-e7"/>
      </symbol>
      <symbol id="sm-35f">
         <name>GPIODirModeSet</name>
         <value>0x1bc5</value>
         <object_component_ref idref="oc-19a"/>
      </symbol>
      <symbol id="sm-360">
         <name>GPIOPinWrite</name>
         <value>0x1d19</value>
         <object_component_ref idref="oc-71"/>
      </symbol>
      <symbol id="sm-361">
         <name>GPIOPadConfigSet</name>
         <value>0x156d</value>
         <object_component_ref idref="oc-1a0"/>
      </symbol>
      <symbol id="sm-391">
         <name>IntEnable</name>
         <value>0x1831</value>
         <object_component_ref idref="oc-e1"/>
      </symbol>
      <symbol id="sm-392">
         <name>IntMasterEnable</name>
         <value>0x1c95</value>
         <object_component_ref idref="oc-d5"/>
      </symbol>
      <symbol id="sm-3b9">
         <name>SSIDataPut</name>
         <value>0x1cfd</value>
         <object_component_ref idref="oc-78"/>
      </symbol>
      <symbol id="sm-3ba">
         <name>SSIConfigSetExpClk</name>
         <value>0x1ac5</value>
         <object_component_ref idref="oc-f3"/>
      </symbol>
      <symbol id="sm-3bb">
         <name>SSIEnable</name>
         <value>0x1d07</value>
         <object_component_ref idref="oc-f9"/>
      </symbol>
      <symbol id="sm-3bc">
         <name>SSIClockSourceSet</name>
         <value>0x1d1f</value>
         <object_component_ref idref="oc-ed"/>
      </symbol>
      <symbol id="sm-42d">
         <name>SysCtlDelay</name>
         <value>0x1d25</value>
         <object_component_ref idref="oc-77"/>
      </symbol>
      <symbol id="sm-42e">
         <name>SysCtlPeripheralEnable</name>
         <value>0x1b01</value>
         <object_component_ref idref="oc-87"/>
      </symbol>
      <symbol id="sm-42f">
         <name>SysCtlClockFreqSet</name>
         <value>0x136d</value>
         <object_component_ref idref="oc-127"/>
      </symbol>
      <symbol id="sm-463">
         <name>TimerLoadSet</name>
         <value>0x1c83</value>
         <object_component_ref idref="oc-c9"/>
      </symbol>
      <symbol id="sm-464">
         <name>TimerEnable</name>
         <value>0x1cb3</value>
         <object_component_ref idref="oc-db"/>
      </symbol>
      <symbol id="sm-465">
         <name>TimerIntEnable</name>
         <value>0x1d11</value>
         <object_component_ref idref="oc-cf"/>
      </symbol>
      <symbol id="sm-466">
         <name>TimerConfigure</name>
         <value>0x1901</value>
         <object_component_ref idref="oc-c3"/>
      </symbol>
      <symbol id="sm-467">
         <name>TimerIntClear</name>
         <value>0x1d31</value>
         <object_component_ref idref="oc-ff"/>
      </symbol>
      <symbol id="sm-474">
         <name>UARTClockSourceSet</name>
         <value>0x1d2b</value>
         <object_component_ref idref="oc-99"/>
      </symbol>
      <symbol id="sm-47e">
         <name>CPUcpsie</name>
         <value>0x1ccf</value>
         <object_component_ref idref="oc-1b8"/>
      </symbol>
      <symbol id="sm-47f">
         <name>__TI_static_base__</name>
         <value>0x0</value>
      </symbol>
      <symbol id="sm-482">
         <name>__mpu_init</name>
         <value>0x0</value>
      </symbol>
      <symbol id="sm-483">
         <name>_system_post_cinit</name>
         <value>0x0</value>
      </symbol>
   </symbol_table>
   <title>Link successful</title>
</link_info>
