******************************************************************************
                  TI ARM Linker PC v18.12.1                    
******************************************************************************
>> Linked Sun May 26 13:37:54 2019

OUTPUT FILE NAME:   <piano.out>
ENTRY POINT SYMBOL: "_c_int00_noargs"  address: 000044c1


MEMORY CONFIGURATION

         name            origin    length      used     unused   attr    fill
----------------------  --------  ---------  --------  --------  ----  --------
  FLASH                 00000000   00100000  0000539c  000fac64  R  X
  SRAM                  20000000   00040000  00003e88  0003c178  RW X


SEGMENT ALLOCATION MAP

run origin  load origin   length   init length attrs members
----------  ----------- ---------- ----------- ----- -------
00000000    00000000    000053a0   000053a0    r-x
  00000000    00000000    00000208   00000208    r-- .intvecs
  00000208    00000208    000045b8   000045b8    r-x .text
  000047c0    000047c0    000009b4   000009b4    r-- .const
  00005178    00005178    00000228   00000228    r-- .cinit
20000000    20000000    00003e90   00000000    rw-
  20000000    20000000    0000305c   00000000    rw- .bss
  20003060    20003060    00000c2c   00000000    rw- .data
  20003c90    20003c90    00000200   00000000    rw- .stack


SECTION ALLOCATION MAP

 output                                  attributes/
section   page    origin      length       input sections
--------  ----  ----------  ----------   ----------------
.intvecs   0    00000000    00000208     
                  00000000    00000208     tm4c1294ncpdt_startup_ccs.obj (.intvecs)

.text      0    00000208    000045b8     
                  00000208    00001d14     main.obj (.text)
                  00001f1c    000009c0     rtsv7M4_T_le_v4SPD16_eabi.lib : e_pow.c.obj (.text:pow)
                  000028dc    000006f8     FFT.obj (.text)
                  00002fd4    0000049c     uartstdio.obj (.text)
                  00003470    00000200     driverlib.lib : sysctl.obj (.text:SysCtlClockFreqSet)
                  00003670    000001b6     rtsv7M4_T_le_v4SPD16_eabi.lib : fd_add_t2.asm.obj (.text)
                  00003826    00000002                                   : div0.asm.obj (.text)
                  00003828    00000158                                   : e_sqrt.c.obj (.text:sqrt)
                  00003980    00000136                                   : fd_div_t2.asm.obj (.text)
                  00003ab6    00000132     driverlib.lib : gpio.obj (.text:GPIOPadConfigSet)
                  00003be8    00000110     rtsv7M4_T_le_v4SPD16_eabi.lib : s_scalbn.c.obj (.text:scalbn)
                  00003cf8    000000fc                                   : fd_mul_t2.asm.obj (.text)
                  00003df4    0000009c                                   : memcpy_t2.asm.obj (.text)
                  00003e90    00000086                                   : fd_cmp_t2.asm.obj (.text:__aeabi_cdcmple)
                  00003f16    00000086                                   : fd_cmp_t2.asm.obj (.text:__aeabi_cdrcmple)
                  00003f9c    0000007a     driverlib.lib : adc.obj (.text:ADCSequenceStepConfigure)
                  00004016    0000007a     rtsv7M4_T_le_v4SPD16_eabi.lib : memset_t2.asm.obj (.text)
                  00004090    00000068     driverlib.lib : interrupt.obj (.text:IntDisable)
                  000040f8    00000068                   : interrupt.obj (.text:IntEnable)
                  00004160    00000068     rtsv7M4_T_le_v4SPD16_eabi.lib : copy_decompress_lzss.c.obj (.text:decompress:lzss:__TI_decompress_lzss)
                  000041c8    00000060     driverlib.lib : timer.obj (.text:TimerConfigure)
                  00004228    00000050                   : adc.obj (.text:ADCSequenceConfigure)
                  00004278    00000048                   : gpio.obj (.text:GPIOPinConfigure)
                  000042c0    00000048                   : sysctl.obj (.text:_SysCtlFrequencyGet)
                  00004308    00000046                   : uart.obj (.text:UARTConfigSetExpClk)
                  0000434e    00000002     --HOLE-- [fill = 0]
                  00004350    00000044     rtsv7M4_T_le_v4SPD16_eabi.lib : autoinit.c.obj (.text:__TI_auto_init_nobinit_nopinit:__TI_auto_init_nobinit_nopinit)
                  00004394    00000044                                   : fd_tou_t2.asm.obj (.text)
                  000043d8    00000040                                   : u_divt2.asm.obj (.text)
                  00004418    0000003c     driverlib.lib : ssi.obj (.text:SSIConfigSetExpClk)
                  00004454    00000038                   : sysctl.obj (.text:SysCtlPeripheralPresent)
                  0000448c    00000034                   : sysctl.obj (.text:SysCtlPeripheralEnable)
                  000044c0    00000034     rtsv7M4_T_le_v4SPD16_eabi.lib : boot_cortex_m.c.obj (.text:_c_int00_noargs:_c_int00_noargs)
                  000044f4    0000002e     driverlib.lib : adc.obj (.text:ADCIntStatus)
                  00004522    0000002e     rtsv7M4_T_le_v4SPD16_eabi.lib : i_tofd_t2.asm.obj (.text)
                  00004550    0000002a     driverlib.lib : gpio.obj (.text:GPIODirModeSet)
                  0000457a    00000024     rtsv7M4_T_le_v4SPD16_eabi.lib : memcmp.c.obj (.text:memcmp)
                  0000459e    00000002     --HOLE-- [fill = 0]
                  000045a0    00000020     driverlib.lib : uart.obj (.text:UARTDisable)
                  000045c0    00000020                   : sysctl.obj (.text:_SysCtlMemTimingGet)
                  000045e0    00000020     rtsv7M4_T_le_v4SPD16_eabi.lib : u_tofd_t2.asm.obj (.text)
                  00004600    0000001e     driverlib.lib : adc.obj (.text:ADCSequenceDataGet)
                  0000461e    0000001a     rtsv7M4_T_le_v4SPD16_eabi.lib : s_copysign.c.obj (.text:copysign)
                  00004638    00000018     driverlib.lib : adc.obj (.text:ADCProcessorTrigger)
                  00004650    00000018                   : gpio.obj (.text:GPIOPinTypeGPIOOutput)
                  00004668    00000018                   : timer.obj (.text:TimerDisable)
                  00004680    00000014                   : uart.obj (.text:UARTEnable)
                  00004694    00000012                   : gpio.obj (.text:GPIOPinTypeADC)
                  000046a6    00000012                   : gpio.obj (.text:GPIOPinTypeGPIOInput)
                  000046b8    00000012                   : gpio.obj (.text:GPIOPinTypeSSI)
                  000046ca    00000012                   : gpio.obj (.text:GPIOPinTypeUART)
                  000046dc    00000012                   : timer.obj (.text:TimerLoadSet)
                  000046ee    00000010                   : interrupt.obj (.text:IntMasterEnable)
                  000046fe    0000000e                   : adc.obj (.text:ADCSequenceEnable)
                  0000470c    0000000e                   : timer.obj (.text:TimerEnable)
                  0000471a    0000000e     rtsv7M4_T_le_v4SPD16_eabi.lib : copy_decompress_none.c.obj (.text:decompress:none:__TI_decompress_none)
                  00004728    0000000c     driverlib.lib : cpu.obj (.text:CPUcpsie)
                  00004734    0000000c     rtsv7M4_T_le_v4SPD16_eabi.lib : copy_zero_init.c.obj (.text:decompress:ZI:__TI_zero_init)
                  00004740    0000000c     tm4c1294ncpdt_startup_ccs.obj (.text)
                  0000474c    0000000a     driverlib.lib : adc.obj (.text:ADCIntClear)
                  00004756    0000000a                   : ssi.obj (.text:SSIDataPut)
                  00004760    0000000a                   : ssi.obj (.text:SSIEnable)
                  0000476a    0000000a                   : uart.obj (.text:UARTCharGet)
                  00004774    0000000a                   : uart.obj (.text:UARTCharPut)
                  0000477e    00000008                   : timer.obj (.text:TimerIntEnable)
                  00004786    00000002     --HOLE-- [fill = 0]
                  00004788    00000008     rtsv7M4_T_le_v4SPD16_eabi.lib : errno.c.obj (.text:__aeabi_errno_addr)
                  00004790    00000006     driverlib.lib : gpio.obj (.text:GPIOPinRead)
                  00004796    00000006                   : gpio.obj (.text:GPIOPinWrite)
                  0000479c    00000006                   : ssi.obj (.text:SSIClockSourceSet)
                  000047a2    00000006                   : sysctl.obj (.text:SysCtlDelay)
                  000047a8    00000006                   : timer.obj (.text:TimerClockSourceSet)
                  000047ae    00000006                   : uart.obj (.text:UARTClockSourceSet)
                  000047b4    00000004                   : timer.obj (.text:TimerIntClear)
                  000047b8    00000004     rtsv7M4_T_le_v4SPD16_eabi.lib : pre_init.c.obj (.text:_system_pre_init)
                  000047bc    00000004                                   : exit.c.obj (.text:abort:abort)

.const     0    000047c0    000009b4     
                  000047c0    00000600     FFT.obj (.const:Sinewave)
                  00004dc0    000001b0     driverlib.lib : sysctl.obj (.const:g_pppui32XTALtoVCO)
                  00004f70    00000090                   : gpio.obj (.const:g_pui32GPIOBaseAddrs)
                  00005000    00000070                   : interrupt.obj (.const)
                  00005070    0000006c                   : sysctl.obj (.const:g_pui32Xtals)
                  000050dc    00000004     uartstdio.obj (.const)
                  000050e0    00000030     rtsv7M4_T_le_v4SPD16_eabi.lib : e_pow.c.obj (.const:$O1$$)
                  00005110    00000030     driverlib.lib : sysctl.obj (.const:g_sXTALtoMEMTIM)
                  00005140    00000012     uartstdio.obj (.const:.string)
                  00005152    00000002     --HOLE-- [fill = 0]
                  00005154    0000000c     uartstdio.obj (.const:g_ui32UARTBase)
                  00005160    0000000c     uartstdio.obj (.const:g_ui32UARTPeriph)
                  0000516c    00000008     driverlib.lib : sysctl.obj (.const)

.cinit     0    00005178    00000228     
                  00005178    00000203     (.cinit..data.load) [load image, compression = lzss]
                  0000537b    00000001     --HOLE-- [fill = 0]
                  0000537c    0000000c     (__TI_handler_table)
                  00005388    00000008     (.cinit..bss.load) [load image, compression = zero_init]
                  00005390    00000010     (__TI_cinit_table)

.init_array 
*          0    00000000    00000000     UNINITIALIZED

.bss       0    20000000    0000305c     UNINITIALIZED
                  20000000    00001000     main.obj (.bss:adc_buffer)
                  20001000    00001000     main.obj (.bss:sound)
                  20002000    00001000     main.obj (.bss:spectrum)
                  20003000    00000008     main.obj (.bss:key$10)
                  20003008    00000008     main.obj (.bss:key$14)
                  20003010    00000008     main.obj (.bss:key$3)
                  20003018    00000008     main.obj (.bss:key$7)
                  20003020    00000008     main.obj (.bss:key_pre$11)
                  20003028    00000008     main.obj (.bss:key_pre$15)
                  20003030    00000008     main.obj (.bss:key_pre$4)
                  20003038    00000008     main.obj (.bss:key_pre$8)
                  20003040    00000008     main.obj (.bss)
                  20003048    00000008     (.common:freq)
                  20003050    00000004     (.common:pui32ADC0Value)
                  20003054    00000004     (.common:ui32SysClock)
                  20003058    00000004     (.common:ultra_sonic_time_count)

.data      0    20003060    00000c2c     UNINITIALIZED
                  20003060    000007f8     main.obj (.data:dictionary_buffer)
                  20003858    00000400     main.obj (.data:display_buffer)
                  20003c58    00000016     main.obj (.data)
                  20003c6e    00000010     main.obj (.data:music)
                  20003c7e    00000002     --HOLE--
                  20003c80    00000005     uartstdio.obj (.data)
                  20003c85    00000003     --HOLE--
                  20003c88    00000004     rtsv7M4_T_le_v4SPD16_eabi.lib : errno.c.obj (.data)

.stack     0    20003c90    00000200     UNINITIALIZED
                  20003c90    00000004     rtsv7M4_T_le_v4SPD16_eabi.lib : boot_cortex_m.c.obj (.stack)
                  20003c94    000001fc     --HOLE--

MODULE SUMMARY

       Module                          code    ro data   rw data
       ------                          ----    -------   -------
    .\src\
       main.obj                        7444    0         15482  
    +--+-------------------------------+-------+---------+---------+
       Total:                          7444    0         15482  
                                                                
    .\src\boot\
       tm4c1294ncpdt_startup_ccs.obj   12      520       0      
    +--+-------------------------------+-------+---------+---------+
       Total:                          12      520       0      
                                                                
    .\src\signal\
       FFT.obj                         1784    1536      0      
    +--+-------------------------------+-------+---------+---------+
       Total:                          1784    1536      0      
                                                                
    .\src\utils\
       uartstdio.obj                   1180    46        5      
    +--+-------------------------------+-------+---------+---------+
       Total:                          1180    46        5      
                                                                
    D:/Desktop/TI/driverlib/ccs/Debug/driverlib.lib
       sysctl.obj                      730     596       0      
       gpio.obj                        528     144       0      
       interrupt.obj                   224     112       0      
       adc.obj                         326     0         0      
       timer.obj                       170     0         0      
       uart.obj                        148     0         0      
       ssi.obj                         86      0         0      
       cpu.obj                         12      0         0      
    +--+-------------------------------+-------+---------+---------+
       Total:                          2224    852       0      
                                                                
    D:\ti\ccs900\ccs\tools\compiler\ti-cgt-arm_18.12.1.LTS\lib\rtsv7M4_T_le_v4SPD16_eabi.lib
       e_pow.c.obj                     2496    48        0      
       fd_add_t2.asm.obj               438     0         0      
       e_sqrt.c.obj                    344     0         0      
       fd_div_t2.asm.obj               310     0         0      
       s_scalbn.c.obj                  272     0         0      
       fd_cmp_t2.asm.obj               268     0         0      
       fd_mul_t2.asm.obj               252     0         0      
       memcpy_t2.asm.obj               156     0         0      
       memset_t2.asm.obj               122     0         0      
       copy_decompress_lzss.c.obj      104     0         0      
       autoinit.c.obj                  68      0         0      
       fd_tou_t2.asm.obj               68      0         0      
       u_divt2.asm.obj                 64      0         0      
       boot_cortex_m.c.obj             52      0         0      
       i_tofd_t2.asm.obj               46      0         0      
       memcmp.c.obj                    36      0         0      
       u_tofd_t2.asm.obj               32      0         0      
       s_copysign.c.obj                26      0         0      
       copy_decompress_none.c.obj      14      0         0      
       copy_zero_init.c.obj            12      0         0      
       errno.c.obj                     8       0         4      
       exit.c.obj                      4       0         0      
       pre_init.c.obj                  4       0         0      
       div0.asm.obj                    2       0         0      
    +--+-------------------------------+-------+---------+---------+
       Total:                          5198    48        4      
                                                                
       Stack:                          0       0         512    
       Linker Generated:               0       551       0      
    +--+-------------------------------+-------+---------+---------+
       Grand Total:                    17842   3553      16003  


LINKER GENERATED COPY TABLES

__TI_cinit_table @ 00005390 records: 2, size/record: 8, table size: 16
	.data: load addr=00005178, load size=00000203 bytes, run addr=20003060, run size=00000c2c bytes, compression=lzss
	.bss: load addr=00005388, load size=00000008 bytes, run addr=20000000, run size=0000305c bytes, compression=zero_init


LINKER GENERATED HANDLER TABLE

__TI_handler_table @ 0000537c records: 3, size/record: 4, table size: 12
	index: 0, handler: __TI_decompress_lzss
	index: 1, handler: __TI_decompress_none
	index: 2, handler: __TI_zero_init


GLOBAL SYMBOLS: SORTED ALPHABETICALLY BY Name 

address   name                          
-------   ----                          
0000474d  ADCIntClear                   
000044f5  ADCIntStatus                  
00004639  ADCProcessorTrigger           
00004229  ADCSequenceConfigure          
00004601  ADCSequenceDataGet            
000046ff  ADCSequenceEnable             
00003f9d  ADCSequenceStepConfigure      
000047bd  C$$EXIT                       
00004729  CPUcpsie                      
000028dd  FIX_MPY                       
00004551  GPIODirModeSet                
00003ab7  GPIOPadConfigSet              
00004279  GPIOPinConfigure              
00004791  GPIOPinRead                   
00004695  GPIOPinTypeADC                
000046a7  GPIOPinTypeGPIOInput          
00004651  GPIOPinTypeGPIOOutput         
000046b9  GPIOPinTypeSSI                
000046cb  GPIOPinTypeUART               
00004797  GPIOPinWrite                  
00004091  IntDisable                    
000040f9  IntEnable                     
000046ef  IntMasterEnable               
00004741  ResetISR                      
0000479d  SSIClockSourceSet             
00004419  SSIConfigSetExpClk            
00004757  SSIDataPut                    
00004761  SSIEnable                     
000047c0  Sinewave                      
00003471  SysCtlClockFreqSet            
000047a3  SysCtlDelay                   
0000448d  SysCtlPeripheralEnable        
00004455  SysCtlPeripheralPresent       
000047a9  TimerClockSourceSet           
000041c9  TimerConfigure                
00004669  TimerDisable                  
0000470d  TimerEnable                   
000047b5  TimerIntClear                 
0000477f  TimerIntEnable                
000046dd  TimerLoadSet                  
0000476b  UARTCharGet                   
00004775  UARTCharPut                   
000047af  UARTClockSourceSet            
00004309  UARTConfigSetExpClk           
000045a1  UARTDisable                   
00004681  UARTEnable                    
00002fd5  UARTStdioConfig               
0000311b  UARTgetc                      
00003061  UARTgets                      
0000343b  UARTprintf                    
00003141  UARTvprintf                   
0000301b  UARTwrite                     
20003e90  __STACK_END                   
00000200  __STACK_SIZE                  
20003e90  __STACK_TOP                   
00005390  __TI_CINIT_Base               
000053a0  __TI_CINIT_Limit              
0000537c  __TI_Handler_Table_Base       
00005388  __TI_Handler_Table_Limit      
00004351  __TI_auto_init_nobinit_nopinit
00004161  __TI_decompress_lzss          
0000471b  __TI_decompress_none          
ffffffff  __TI_pprof_out_hndl           
ffffffff  __TI_prof_data_size           
ffffffff  __TI_prof_data_start          
00000000  __TI_static_base__            
00004735  __TI_zero_init                
00003e91  __aeabi_cdcmpeq               
00003e91  __aeabi_cdcmple               
00003f17  __aeabi_cdrcmple              
00004395  __aeabi_d2uiz                 
0000367b  __aeabi_dadd                  
00003981  __aeabi_ddiv                  
00003cf9  __aeabi_dmul                  
00003671  __aeabi_dsub                  
00004789  __aeabi_errno_addr            
00004523  __aeabi_i2d                   
00003827  __aeabi_idiv0                 
00003827  __aeabi_ldiv0                 
00004017  __aeabi_memclr                
00004017  __aeabi_memclr4               
00004017  __aeabi_memclr8               
00003df5  __aeabi_memcpy                
00003df5  __aeabi_memcpy4               
00003df5  __aeabi_memcpy8               
00004019  __aeabi_memset                
00004019  __aeabi_memset4               
00004019  __aeabi_memset8               
000045e1  __aeabi_ui2d                  
000043d9  __aeabi_uidiv                 
000043d9  __aeabi_uidivmod              
ffffffff  __binit__                     
ffffffff  __c_args__                    
UNDEFED   __mpu_init                    
20003c90  __stack                       
000044c1  _c_int00_noargs               
UNDEFED   _system_post_cinit            
000047b9  _system_pre_init              
000047bd  abort                         
0000030b  adc_init                      
20003c60  attenuation_factor            
ffffffff  binit                         
0000024f  console_init                  
0000461f  copysign                      
0000461f  copysignl                     
00000209  delay                         
20003060  dictionary_buffer             
20003858  display_buffer                
20003c88  errno                         
00002919  fix_fft                       
00002f23  fix_fftr                      
00002c21  fix_ifft                      
20003048  freq                          
00000000  g_pfnVectors                  
0000028b  gpio_init                     
00003be9  ldexp                         
00003be9  ldexpl                        
00001c19  main                          
0000457b  memcmp                        
00003df5  memcpy                        
0000401f  memset                        
00000711  oled_clean_all                
00000599  oled_disp_char                
000005f9  oled_disp_sent                
000004d3  oled_init                     
00000679  oled_refresh                  
0000047f  oled_write_cmd                
000004a9  oled_write_data               
000013bd  piano                         
0000100d  pianoADV                      
00000c91  pianoSDL                      
000016d1  pianoVOL                      
00001f1d  pow                           
00001f1d  powl                          
20003050  pui32ADC0Value                
00003be9  scalbn                        
00003be9  scalbnl                       
000003bb  spi_init                      
00003829  sqrt                          
00003829  sqrtl                         
00000791  timer_adc                     
00000aed  timer_dac                     
0000034b  timer_init                    
00001b3d  turner                        
20003054  ui32SysClock                  
20003058  ultra_sonic_time_count        


GLOBAL SYMBOLS: SORTED BY Symbol Address 

address   name                          
-------   ----                          
00000000  __TI_static_base__            
00000000  g_pfnVectors                  
00000200  __STACK_SIZE                  
00000209  delay                         
0000024f  console_init                  
0000028b  gpio_init                     
0000030b  adc_init                      
0000034b  timer_init                    
000003bb  spi_init                      
0000047f  oled_write_cmd                
000004a9  oled_write_data               
000004d3  oled_init                     
00000599  oled_disp_char                
000005f9  oled_disp_sent                
00000679  oled_refresh                  
00000711  oled_clean_all                
00000791  timer_adc                     
00000aed  timer_dac                     
00000c91  pianoSDL                      
0000100d  pianoADV                      
000013bd  piano                         
000016d1  pianoVOL                      
00001b3d  turner                        
00001c19  main                          
00001f1d  pow                           
00001f1d  powl                          
000028dd  FIX_MPY                       
00002919  fix_fft                       
00002c21  fix_ifft                      
00002f23  fix_fftr                      
00002fd5  UARTStdioConfig               
0000301b  UARTwrite                     
00003061  UARTgets                      
0000311b  UARTgetc                      
00003141  UARTvprintf                   
0000343b  UARTprintf                    
00003471  SysCtlClockFreqSet            
00003671  __aeabi_dsub                  
0000367b  __aeabi_dadd                  
00003827  __aeabi_idiv0                 
00003827  __aeabi_ldiv0                 
00003829  sqrt                          
00003829  sqrtl                         
00003981  __aeabi_ddiv                  
00003ab7  GPIOPadConfigSet              
00003be9  ldexp                         
00003be9  ldexpl                        
00003be9  scalbn                        
00003be9  scalbnl                       
00003cf9  __aeabi_dmul                  
00003df5  __aeabi_memcpy                
00003df5  __aeabi_memcpy4               
00003df5  __aeabi_memcpy8               
00003df5  memcpy                        
00003e91  __aeabi_cdcmpeq               
00003e91  __aeabi_cdcmple               
00003f17  __aeabi_cdrcmple              
00003f9d  ADCSequenceStepConfigure      
00004017  __aeabi_memclr                
00004017  __aeabi_memclr4               
00004017  __aeabi_memclr8               
00004019  __aeabi_memset                
00004019  __aeabi_memset4               
00004019  __aeabi_memset8               
0000401f  memset                        
00004091  IntDisable                    
000040f9  IntEnable                     
00004161  __TI_decompress_lzss          
000041c9  TimerConfigure                
00004229  ADCSequenceConfigure          
00004279  GPIOPinConfigure              
00004309  UARTConfigSetExpClk           
00004351  __TI_auto_init_nobinit_nopinit
00004395  __aeabi_d2uiz                 
000043d9  __aeabi_uidiv                 
000043d9  __aeabi_uidivmod              
00004419  SSIConfigSetExpClk            
00004455  SysCtlPeripheralPresent       
0000448d  SysCtlPeripheralEnable        
000044c1  _c_int00_noargs               
000044f5  ADCIntStatus                  
00004523  __aeabi_i2d                   
00004551  GPIODirModeSet                
0000457b  memcmp                        
000045a1  UARTDisable                   
000045e1  __aeabi_ui2d                  
00004601  ADCSequenceDataGet            
0000461f  copysign                      
0000461f  copysignl                     
00004639  ADCProcessorTrigger           
00004651  GPIOPinTypeGPIOOutput         
00004669  TimerDisable                  
00004681  UARTEnable                    
00004695  GPIOPinTypeADC                
000046a7  GPIOPinTypeGPIOInput          
000046b9  GPIOPinTypeSSI                
000046cb  GPIOPinTypeUART               
000046dd  TimerLoadSet                  
000046ef  IntMasterEnable               
000046ff  ADCSequenceEnable             
0000470d  TimerEnable                   
0000471b  __TI_decompress_none          
00004729  CPUcpsie                      
00004735  __TI_zero_init                
00004741  ResetISR                      
0000474d  ADCIntClear                   
00004757  SSIDataPut                    
00004761  SSIEnable                     
0000476b  UARTCharGet                   
00004775  UARTCharPut                   
0000477f  TimerIntEnable                
00004789  __aeabi_errno_addr            
00004791  GPIOPinRead                   
00004797  GPIOPinWrite                  
0000479d  SSIClockSourceSet             
000047a3  SysCtlDelay                   
000047a9  TimerClockSourceSet           
000047af  UARTClockSourceSet            
000047b5  TimerIntClear                 
000047b9  _system_pre_init              
000047bd  C$$EXIT                       
000047bd  abort                         
000047c0  Sinewave                      
0000537c  __TI_Handler_Table_Base       
00005388  __TI_Handler_Table_Limit      
00005390  __TI_CINIT_Base               
000053a0  __TI_CINIT_Limit              
20003048  freq                          
20003050  pui32ADC0Value                
20003054  ui32SysClock                  
20003058  ultra_sonic_time_count        
20003060  dictionary_buffer             
20003858  display_buffer                
20003c60  attenuation_factor            
20003c88  errno                         
20003c90  __stack                       
20003e90  __STACK_END                   
20003e90  __STACK_TOP                   
ffffffff  __TI_pprof_out_hndl           
ffffffff  __TI_prof_data_size           
ffffffff  __TI_prof_data_start          
ffffffff  __binit__                     
ffffffff  __c_args__                    
ffffffff  binit                         
UNDEFED   __mpu_init                    
UNDEFED   _system_post_cinit            

[146 symbols]
