******************************************************************************
                  TI ARM Linker PC v18.12.1                    
******************************************************************************
>> Linked Thu Apr 25 09:35:30 2019

OUTPUT FILE NAME:   <piano.out>
ENTRY POINT SYMBOL: "_c_int00_noargs"  address: 00001b35


MEMORY CONFIGURATION

         name            origin    length      used     unused   attr    fill
----------------------  --------  ---------  --------  --------  ----  --------
  FLASH                 00000000   00100000  000026f8  000fd908  R  X
  SRAM                  20000000   00040000  00002014  0003dfec  RW X


SEGMENT ALLOCATION MAP

run origin  load origin   length   init length attrs members
----------  ----------- ---------- ----------- ----- -------
00000000    00000000    000026f8   000026f8    r-x
  00000000    00000000    00000208   00000208    r-- .intvecs
  00000208    00000208    00001b34   00001b34    r-x .text
  00001d3c    00001d3c    00000984   00000984    r-- .const
  000026c0    000026c0    00000038   00000038    r-- .cinit
20000000    20000000    00002018   00000000    rw-
  20000000    20000000    00001210   00000000    rw- .bss
  20001210    20001210    00000c04   00000000    rw- .data
  20001e18    20001e18    00000200   00000000    rw- .stack


SECTION ALLOCATION MAP

 output                                  attributes/
section   page    origin      length       input sections
--------  ----  ----------  ----------   ----------------
.intvecs   0    00000000    00000208     
                  00000000    00000208     tm4c1294ncpdt_startup_ccs.obj (.intvecs)

.text      0    00000208    00001b34     
                  00000208    00000898     main.obj (.text)
                  00000aa0    000004dc     uartstdio.obj (.text)
                  00000f7c    000003f0     FFT.obj (.text)
                  0000136c    00000200     driverlib.lib : sysctl.obj (.text:SysCtlClockFreqSet)
                  0000156c    00000132                   : gpio.obj (.text:GPIOPadConfigSet)
                  0000169e    0000009c     rtsv7M4_T_le_v4SPD16_eabi.lib : memcpy_t2.asm.obj (.text)
                  0000173a    0000007a     driverlib.lib : adc.obj (.text:ADCSequenceStepConfigure)
                  000017b4    0000007a     rtsv7M4_T_le_v4SPD16_eabi.lib : memset_t2.asm.obj (.text)
                  0000182e    00000002                                   : div0.asm.obj (.text)
                  00001830    00000068     driverlib.lib : interrupt.obj (.text:IntEnable)
                  00001898    00000068     rtsv7M4_T_le_v4SPD16_eabi.lib : copy_decompress_lzss.c.obj (.text:decompress:lzss:__TI_decompress_lzss)
                  00001900    00000060     driverlib.lib : timer.obj (.text:TimerConfigure)
                  00001960    00000050                   : adc.obj (.text:ADCSequenceConfigure)
                  000019b0    00000048                   : gpio.obj (.text:GPIOPinConfigure)
                  000019f8    00000048                   : sysctl.obj (.text:_SysCtlFrequencyGet)
                  00001a40    00000044     rtsv7M4_T_le_v4SPD16_eabi.lib : autoinit.c.obj (.text:__TI_auto_init_nobinit_nopinit:__TI_auto_init_nobinit_nopinit)
                  00001a84    00000040                                   : u_divt2.asm.obj (.text)
                  00001ac4    0000003c     driverlib.lib : ssi.obj (.text:SSIConfigSetExpClk)
                  00001b00    00000034                   : sysctl.obj (.text:SysCtlPeripheralEnable)
                  00001b34    00000034     rtsv7M4_T_le_v4SPD16_eabi.lib : boot_cortex_m.c.obj (.text:_c_int00_noargs:_c_int00_noargs)
                  00001b68    0000002e     driverlib.lib : adc.obj (.text:ADCIntStatus)
                  00001b96    0000002e     rtsv7M4_T_le_v4SPD16_eabi.lib : i_tofd_t2.asm.obj (.text)
                  00001bc4    0000002a     driverlib.lib : gpio.obj (.text:GPIODirModeSet)
                  00001bee    00000002     --HOLE-- [fill = 0]
                  00001bf0    00000020                   : sysctl.obj (.text:_SysCtlMemTimingGet)
                  00001c10    0000001e                   : adc.obj (.text:ADCSequenceDataGet)
                  00001c2e    00000018                   : adc.obj (.text:ADCProcessorTrigger)
                  00001c46    00000018                   : gpio.obj (.text:GPIOPinTypeGPIOOutput)
                  00001c5e    00000012                   : gpio.obj (.text:GPIOPinTypeADC)
                  00001c70    00000012                   : gpio.obj (.text:GPIOPinTypeUART)
                  00001c82    00000012                   : timer.obj (.text:TimerLoadSet)
                  00001c94    00000010                   : interrupt.obj (.text:IntMasterEnable)
                  00001ca4    0000000e                   : adc.obj (.text:ADCSequenceEnable)
                  00001cb2    0000000e                   : timer.obj (.text:TimerEnable)
                  00001cc0    0000000e     rtsv7M4_T_le_v4SPD16_eabi.lib : copy_decompress_none.c.obj (.text:decompress:none:__TI_decompress_none)
                  00001cce    0000000c     driverlib.lib : cpu.obj (.text:CPUcpsie)
                  00001cda    0000000c     rtsv7M4_T_le_v4SPD16_eabi.lib : copy_zero_init.c.obj (.text:decompress:ZI:__TI_zero_init)
                  00001ce6    0000000c     tm4c1294ncpdt_startup_ccs.obj (.text)
                  00001cf2    0000000a     driverlib.lib : adc.obj (.text:ADCIntClear)
                  00001cfc    0000000a                   : ssi.obj (.text:SSIDataPut)
                  00001d06    0000000a                   : ssi.obj (.text:SSIEnable)
                  00001d10    00000008                   : timer.obj (.text:TimerIntEnable)
                  00001d18    00000006                   : gpio.obj (.text:GPIOPinWrite)
                  00001d1e    00000006                   : ssi.obj (.text:SSIClockSourceSet)
                  00001d24    00000006                   : sysctl.obj (.text:SysCtlDelay)
                  00001d2a    00000006                   : uart.obj (.text:UARTClockSourceSet)
                  00001d30    00000004                   : timer.obj (.text:TimerIntClear)
                  00001d34    00000004     rtsv7M4_T_le_v4SPD16_eabi.lib : pre_init.c.obj (.text:_system_pre_init)
                  00001d38    00000004                                   : exit.c.obj (.text:abort:abort)

.const     0    00001d3c    00000984     
                  00001d3c    00000600     FFT.obj (.const:Sinewave)
                  0000233c    000001b0     driverlib.lib : sysctl.obj (.const:g_pppui32XTALtoVCO)
                  000024ec    00000090                   : gpio.obj (.const:g_pui32GPIOBaseAddrs)
                  0000257c    00000070                   : interrupt.obj (.const)
                  000025ec    0000006c                   : sysctl.obj (.const:g_pui32Xtals)
                  00002658    00000030                   : sysctl.obj (.const:g_sXTALtoMEMTIM)
                  00002688    00000012     uartstdio.obj (.const:.string)
                  0000269a    00000002     --HOLE-- [fill = 0]
                  0000269c    0000000c     uartstdio.obj (.const:g_ui32UARTBase)
                  000026a8    0000000c     uartstdio.obj (.const:g_ui32UARTPeriph)
                  000026b4    00000008     driverlib.lib : sysctl.obj (.const)
                  000026bc    00000004     uartstdio.obj (.const)

.cinit     0    000026c0    00000038     
                  000026c0    00000010     (.cinit..data.load) [load image, compression = lzss]
                  000026d0    0000000c     (__TI_handler_table)
                  000026dc    00000004     --HOLE-- [fill = 0]
                  000026e0    00000008     (.cinit..bss.load) [load image, compression = zero_init]
                  000026e8    00000010     (__TI_cinit_table)

.init_array 
*          0    00000000    00000000     UNINITIALIZED

.bss       0    20000000    00001210     UNINITIALIZED
                  20000000    00001000     main.obj (.bss:fx$3)
                  20001000    00000100     main.obj (.bss:alti$1)
                  20001100    00000100     main.obj (.bss:sound)
                  20001200    00000006     main.obj (.bss)
                  20001206    00000002     --HOLE--
                  20001208    00000004     (.common:pui32ADC0Value)
                  2000120c    00000004     (.common:ui32SysClock)

.data      0    20001210    00000c04     UNINITIALIZED
                  20001210    000007f8     main.obj (.data:dictionary_buffer)
                  20001a08    00000400     main.obj (.data:display_buffer)
                  20001e08    00000005     uartstdio.obj (.data)
                  20001e0d    00000003     --HOLE--
                  20001e10    00000004     main.obj (.data)

.stack     0    20001e18    00000200     UNINITIALIZED
                  20001e18    00000004     rtsv7M4_T_le_v4SPD16_eabi.lib : boot_cortex_m.c.obj (.stack)
                  20001e1c    000001fc     --HOLE--

MODULE SUMMARY

       Module                          code   ro data   rw data
       ------                          ----   -------   -------
    .\src\
       main.obj                        2200   0         7690   
    +--+-------------------------------+------+---------+---------+
       Total:                          2200   0         7690   
                                                               
    .\src\boot\
       tm4c1294ncpdt_startup_ccs.obj   12     520       0      
    +--+-------------------------------+------+---------+---------+
       Total:                          12     520       0      
                                                               
    .\src\drivers\
       FFT.obj                         1008   1536      0      
    +--+-------------------------------+------+---------+---------+
       Total:                          1008   1536      0      
                                                               
    .\src\utils\
       uartstdio.obj                   1244   46        5      
    +--+-------------------------------+------+---------+---------+
       Total:                          1244   46        5      
                                                               
    D:/Desktop/TI/driverlib/ccs/Debug/driverlib.lib
       sysctl.obj                      674    596       0      
       gpio.obj                        486    144       0      
       adc.obj                         326    0         0      
       interrupt.obj                   120    112       0      
       timer.obj                       140    0         0      
       ssi.obj                         86     0         0      
       cpu.obj                         12     0         0      
       uart.obj                        6      0         0      
    +--+-------------------------------+------+---------+---------+
       Total:                          1850   852       0      
                                                               
    D:\ti\ccs900\ccs\tools\compiler\ti-cgt-arm_18.12.1.LTS\lib\rtsv7M4_T_le_v4SPD16_eabi.lib
       memcpy_t2.asm.obj               156    0         0      
       memset_t2.asm.obj               122    0         0      
       copy_decompress_lzss.c.obj      104    0         0      
       autoinit.c.obj                  68     0         0      
       u_divt2.asm.obj                 64     0         0      
       boot_cortex_m.c.obj             52     0         0      
       i_tofd_t2.asm.obj               46     0         0      
       copy_decompress_none.c.obj      14     0         0      
       copy_zero_init.c.obj            12     0         0      
       exit.c.obj                      4      0         0      
       pre_init.c.obj                  4      0         0      
       div0.asm.obj                    2      0         0      
    +--+-------------------------------+------+---------+---------+
       Total:                          648    0         0      
                                                               
       Stack:                          0      0         512    
       Linker Generated:               0      52        0      
    +--+-------------------------------+------+---------+---------+
       Grand Total:                    6962   3006      8207   


LINKER GENERATED COPY TABLES

__TI_cinit_table @ 000026e8 records: 2, size/record: 8, table size: 16
	.data: load addr=000026c0, load size=00000010 bytes, run addr=20001210, run size=00000c04 bytes, compression=lzss
	.bss: load addr=000026e0, load size=00000008 bytes, run addr=20000000, run size=00001210 bytes, compression=zero_init


LINKER GENERATED HANDLER TABLE

__TI_handler_table @ 000026d0 records: 3, size/record: 4, table size: 12
	index: 0, handler: __TI_decompress_lzss
	index: 1, handler: __TI_decompress_none
	index: 2, handler: __TI_zero_init


GLOBAL SYMBOLS: SORTED ALPHABETICALLY BY Name 

address   name                          
-------   ----                          
00001cf3  ADCIntClear                   
00001b69  ADCIntStatus                  
00001c2f  ADCProcessorTrigger           
00001961  ADCSequenceConfigure          
00001c11  ADCSequenceDataGet            
00001ca5  ADCSequenceEnable             
0000173b  ADCSequenceStepConfigure      
00001d39  C$$EXIT                       
00001ccf  CPUcpsie                      
00000f7d  FIX_MPY                       
00001bc5  GPIODirModeSet                
0000156d  GPIOPadConfigSet              
000019b1  GPIOPinConfigure              
00001c5f  GPIOPinTypeADC                
00001c47  GPIOPinTypeGPIOOutput         
00001c71  GPIOPinTypeUART               
00001d19  GPIOPinWrite                  
00000557  InitConsole                   
00001831  IntEnable                     
00001c95  IntMasterEnable               
00001ce7  ResetISR                      
00001d1f  SSIClockSourceSet             
00001ac5  SSIConfigSetExpClk            
00001cfd  SSIDataPut                    
00001d07  SSIEnable                     
00001d3c  Sinewave                      
0000136d  SysCtlClockFreqSet            
00001d25  SysCtlDelay                   
00001b01  SysCtlPeripheralEnable        
00001901  TimerConfigure                
00001cb3  TimerEnable                   
00001d31  TimerIntClear                 
00001d11  TimerIntEnable                
00001c83  TimerLoadSet                  
00001d2b  UARTClockSourceSet            
00000aa1  UARTStdioConfig               
00000c19  UARTgetc                      
00000b53  UARTgets                      
00000f47  UARTprintf                    
00000c4d  UARTvprintf                   
00000b01  UARTwrite                     
20002018  __STACK_END                   
00000200  __STACK_SIZE                  
20002018  __STACK_TOP                   
000026e8  __TI_CINIT_Base               
000026f8  __TI_CINIT_Limit              
000026d0  __TI_Handler_Table_Base       
000026dc  __TI_Handler_Table_Limit      
00001a41  __TI_auto_init_nobinit_nopinit
00001899  __TI_decompress_lzss          
00001cc1  __TI_decompress_none          
ffffffff  __TI_pprof_out_hndl           
ffffffff  __TI_prof_data_size           
ffffffff  __TI_prof_data_start          
00000000  __TI_static_base__            
00001cdb  __TI_zero_init                
00001b97  __aeabi_i2d                   
0000182f  __aeabi_idiv0                 
0000182f  __aeabi_ldiv0                 
000017b5  __aeabi_memclr                
000017b5  __aeabi_memclr4               
000017b5  __aeabi_memclr8               
0000169f  __aeabi_memcpy                
0000169f  __aeabi_memcpy4               
0000169f  __aeabi_memcpy8               
000017b7  __aeabi_memset                
000017b7  __aeabi_memset4               
000017b7  __aeabi_memset8               
00001a85  __aeabi_uidiv                 
00001a85  __aeabi_uidivmod              
ffffffff  __binit__                     
ffffffff  __c_args__                    
UNDEFED   __mpu_init                    
20001e18  __stack                       
00001b35  _c_int00_noargs               
UNDEFED   _system_post_cinit            
00001d35  _system_pre_init              
00001d39  abort                         
000007c5  adc_get_value                 
00000595  adc_init                      
ffffffff  binit                         
000004e1  clean_led_all                 
20001210  dictionary_buffer             
00000313  disp_char                     
00000341  disp_sent                     
20001a08  display_buffer                
00000fb9  fix_fft                       
000012bb  fix_fftr                      
00000000  g_pfnVectors                  
00000593  gpio_init                     
00000989  main                          
0000169f  memcpy                        
000017bd  memset                        
00000387  oled_draw_point               
0000025d  oled_init                     
00000209  oled_write_cmd                
00000233  oled_write_data               
0000095d  piano                         
20001208  pui32ADC0Value                
000003cd  refresh_led                   
0000045f  refresh_led_line              
00000689  spi_init                      
00000773  timer_adc                     
00000789  timer_dac                     
000005e9  timer_init                    
0000075d  timer_pwm                     
000008fd  turner                        
2000120c  ui32SysClock                  


GLOBAL SYMBOLS: SORTED BY Symbol Address 

address   name                          
-------   ----                          
00000000  __TI_static_base__            
00000000  g_pfnVectors                  
00000200  __STACK_SIZE                  
00000209  oled_write_cmd                
00000233  oled_write_data               
0000025d  oled_init                     
00000313  disp_char                     
00000341  disp_sent                     
00000387  oled_draw_point               
000003cd  refresh_led                   
0000045f  refresh_led_line              
000004e1  clean_led_all                 
00000557  InitConsole                   
00000593  gpio_init                     
00000595  adc_init                      
000005e9  timer_init                    
00000689  spi_init                      
0000075d  timer_pwm                     
00000773  timer_adc                     
00000789  timer_dac                     
000007c5  adc_get_value                 
000008fd  turner                        
0000095d  piano                         
00000989  main                          
00000aa1  UARTStdioConfig               
00000b01  UARTwrite                     
00000b53  UARTgets                      
00000c19  UARTgetc                      
00000c4d  UARTvprintf                   
00000f47  UARTprintf                    
00000f7d  FIX_MPY                       
00000fb9  fix_fft                       
000012bb  fix_fftr                      
0000136d  SysCtlClockFreqSet            
0000156d  GPIOPadConfigSet              
0000169f  __aeabi_memcpy                
0000169f  __aeabi_memcpy4               
0000169f  __aeabi_memcpy8               
0000169f  memcpy                        
0000173b  ADCSequenceStepConfigure      
000017b5  __aeabi_memclr                
000017b5  __aeabi_memclr4               
000017b5  __aeabi_memclr8               
000017b7  __aeabi_memset                
000017b7  __aeabi_memset4               
000017b7  __aeabi_memset8               
000017bd  memset                        
0000182f  __aeabi_idiv0                 
0000182f  __aeabi_ldiv0                 
00001831  IntEnable                     
00001899  __TI_decompress_lzss          
00001901  TimerConfigure                
00001961  ADCSequenceConfigure          
000019b1  GPIOPinConfigure              
00001a41  __TI_auto_init_nobinit_nopinit
00001a85  __aeabi_uidiv                 
00001a85  __aeabi_uidivmod              
00001ac5  SSIConfigSetExpClk            
00001b01  SysCtlPeripheralEnable        
00001b35  _c_int00_noargs               
00001b69  ADCIntStatus                  
00001b97  __aeabi_i2d                   
00001bc5  GPIODirModeSet                
00001c11  ADCSequenceDataGet            
00001c2f  ADCProcessorTrigger           
00001c47  GPIOPinTypeGPIOOutput         
00001c5f  GPIOPinTypeADC                
00001c71  GPIOPinTypeUART               
00001c83  TimerLoadSet                  
00001c95  IntMasterEnable               
00001ca5  ADCSequenceEnable             
00001cb3  TimerEnable                   
00001cc1  __TI_decompress_none          
00001ccf  CPUcpsie                      
00001cdb  __TI_zero_init                
00001ce7  ResetISR                      
00001cf3  ADCIntClear                   
00001cfd  SSIDataPut                    
00001d07  SSIEnable                     
00001d11  TimerIntEnable                
00001d19  GPIOPinWrite                  
00001d1f  SSIClockSourceSet             
00001d25  SysCtlDelay                   
00001d2b  UARTClockSourceSet            
00001d31  TimerIntClear                 
00001d35  _system_pre_init              
00001d39  C$$EXIT                       
00001d39  abort                         
00001d3c  Sinewave                      
000026d0  __TI_Handler_Table_Base       
000026dc  __TI_Handler_Table_Limit      
000026e8  __TI_CINIT_Base               
000026f8  __TI_CINIT_Limit              
20001208  pui32ADC0Value                
2000120c  ui32SysClock                  
20001210  dictionary_buffer             
20001a08  display_buffer                
20001e18  __stack                       
20002018  __STACK_END                   
20002018  __STACK_TOP                   
ffffffff  __TI_pprof_out_hndl           
ffffffff  __TI_prof_data_size           
ffffffff  __TI_prof_data_start          
ffffffff  __binit__                     
ffffffff  __c_args__                    
ffffffff  binit                         
UNDEFED   __mpu_init                    
UNDEFED   _system_post_cinit            

[108 symbols]
