******************************************************************************
                  TI ARM Linker PC v18.12.1                    
******************************************************************************
>> Linked Sun May 19 20:44:02 2019

OUTPUT FILE NAME:   <piano.out>
ENTRY POINT SYMBOL: "_c_int00_noargs"  address: 0000451d


MEMORY CONFIGURATION

         name            origin    length      used     unused   attr    fill
----------------------  --------  ---------  --------  --------  ----  --------
  FLASH                 00000000   00100000  000053f8  000fac08  R  X
  SRAM                  20000000   00040000  00003e88  0003c178  RW X


SEGMENT ALLOCATION MAP

run origin  load origin   length   init length attrs members
----------  ----------- ---------- ----------- ----- -------
00000000    00000000    00005400   00005400    r-x
  00000000    00000000    00000208   00000208    r-- .intvecs
  00000208    00000208    00004614   00004614    r-x .text
  00004820    00004820    000009b4   000009b4    r-- .const
  000051d8    000051d8    00000228   00000228    r-- .cinit
20000000    20000000    00003e90   00000000    rw-
  20000000    20000000    0000305c   00000000    rw- .bss
  20003060    20003060    00000c2c   00000000    rw- .data
  20003c90    20003c90    00000200   00000000    rw- .stack


SECTION ALLOCATION MAP

 output                                  attributes/
section   page    origin      length       input sections
--------  ----  ----------  ----------   ----------------
.intvecs   0    00000000    00000208     
                  00000000    00000208     tm4c1294ncpdt_startup_ccs.obj (.intvecs)

.text      0    00000208    00004614     
                  00000208    00001d28     main.obj (.text)
                  00001f30    000009c0     rtsv7M4_T_le_v4SPD16_eabi.lib : e_pow.c.obj (.text:pow)
                  000028f0    000006f8     FFT.obj (.text)
                  00002fe8    0000049c     uartstdio.obj (.text)
                  00003484    00000200     driverlib.lib : sysctl.obj (.text:SysCtlClockFreqSet)
                  00003684    000001b6     rtsv7M4_T_le_v4SPD16_eabi.lib : fd_add_t2.asm.obj (.text)
                  0000383a    00000002                                   : div0.asm.obj (.text)
                  0000383c    00000158                                   : e_sqrt.c.obj (.text:sqrt)
                  00003994    00000136                                   : fd_div_t2.asm.obj (.text)
                  00003aca    00000132     driverlib.lib : gpio.obj (.text:GPIOPadConfigSet)
                  00003bfc    00000110     rtsv7M4_T_le_v4SPD16_eabi.lib : s_scalbn.c.obj (.text:scalbn)
                  00003d0c    000000fc                                   : fd_mul_t2.asm.obj (.text)
                  00003e08    0000009c                                   : memcpy_t2.asm.obj (.text)
                  00003ea4    00000086                                   : fd_cmp_t2.asm.obj (.text:__aeabi_cdcmple)
                  00003f2a    00000086                                   : fd_cmp_t2.asm.obj (.text:__aeabi_cdrcmple)
                  00003fb0    0000007a     driverlib.lib : adc.obj (.text:ADCSequenceStepConfigure)
                  0000402a    0000007a     rtsv7M4_T_le_v4SPD16_eabi.lib : memset_t2.asm.obj (.text)
                  000040a4    00000068     driverlib.lib : interrupt.obj (.text:IntDisable)
                  0000410c    00000068                   : interrupt.obj (.text:IntEnable)
                  00004174    00000068     rtsv7M4_T_le_v4SPD16_eabi.lib : copy_decompress_lzss.c.obj (.text:decompress:lzss:__TI_decompress_lzss)
                  000041dc    00000060     driverlib.lib : timer.obj (.text:TimerConfigure)
                  0000423c    00000050                   : adc.obj (.text:ADCSequenceConfigure)
                  0000428c    00000048                   : gpio.obj (.text:GPIOPinConfigure)
                  000042d4    00000048                   : sysctl.obj (.text:_SysCtlFrequencyGet)
                  0000431c    00000048     rtsv7M4_T_le_v4SPD16_eabi.lib : fd_toi_t2.asm.obj (.text)
                  00004364    00000046     driverlib.lib : uart.obj (.text:UARTConfigSetExpClk)
                  000043aa    00000002     --HOLE-- [fill = 0]
                  000043ac    00000044     rtsv7M4_T_le_v4SPD16_eabi.lib : autoinit.c.obj (.text:__TI_auto_init_nobinit_nopinit:__TI_auto_init_nobinit_nopinit)
                  000043f0    00000044                                   : fd_tou_t2.asm.obj (.text)
                  00004434    00000040                                   : u_divt2.asm.obj (.text)
                  00004474    0000003c     driverlib.lib : ssi.obj (.text:SSIConfigSetExpClk)
                  000044b0    00000038                   : sysctl.obj (.text:SysCtlPeripheralPresent)
                  000044e8    00000034                   : sysctl.obj (.text:SysCtlPeripheralEnable)
                  0000451c    00000034     rtsv7M4_T_le_v4SPD16_eabi.lib : boot_cortex_m.c.obj (.text:_c_int00_noargs:_c_int00_noargs)
                  00004550    0000002e     driverlib.lib : adc.obj (.text:ADCIntStatus)
                  0000457e    0000002e     rtsv7M4_T_le_v4SPD16_eabi.lib : i_tofd_t2.asm.obj (.text)
                  000045ac    0000002a     driverlib.lib : gpio.obj (.text:GPIODirModeSet)
                  000045d6    00000024     rtsv7M4_T_le_v4SPD16_eabi.lib : memcmp.c.obj (.text:memcmp)
                  000045fa    00000002     --HOLE-- [fill = 0]
                  000045fc    00000020     driverlib.lib : uart.obj (.text:UARTDisable)
                  0000461c    00000020                   : sysctl.obj (.text:_SysCtlMemTimingGet)
                  0000463c    00000020     rtsv7M4_T_le_v4SPD16_eabi.lib : u_tofd_t2.asm.obj (.text)
                  0000465c    0000001e     driverlib.lib : adc.obj (.text:ADCSequenceDataGet)
                  0000467a    0000001a     rtsv7M4_T_le_v4SPD16_eabi.lib : s_copysign.c.obj (.text:copysign)
                  00004694    00000018     driverlib.lib : adc.obj (.text:ADCProcessorTrigger)
                  000046ac    00000018                   : gpio.obj (.text:GPIOPinTypeGPIOOutput)
                  000046c4    00000018                   : timer.obj (.text:TimerDisable)
                  000046dc    00000014                   : uart.obj (.text:UARTEnable)
                  000046f0    00000012                   : gpio.obj (.text:GPIOPinTypeADC)
                  00004702    00000012                   : gpio.obj (.text:GPIOPinTypeGPIOInput)
                  00004714    00000012                   : gpio.obj (.text:GPIOPinTypeSSI)
                  00004726    00000012                   : gpio.obj (.text:GPIOPinTypeUART)
                  00004738    00000012                   : timer.obj (.text:TimerLoadSet)
                  0000474a    00000010                   : interrupt.obj (.text:IntMasterEnable)
                  0000475a    0000000e                   : adc.obj (.text:ADCSequenceEnable)
                  00004768    0000000e                   : timer.obj (.text:TimerEnable)
                  00004776    0000000e     rtsv7M4_T_le_v4SPD16_eabi.lib : copy_decompress_none.c.obj (.text:decompress:none:__TI_decompress_none)
                  00004784    0000000c     driverlib.lib : cpu.obj (.text:CPUcpsie)
                  00004790    0000000c     rtsv7M4_T_le_v4SPD16_eabi.lib : copy_zero_init.c.obj (.text:decompress:ZI:__TI_zero_init)
                  0000479c    0000000c     tm4c1294ncpdt_startup_ccs.obj (.text)
                  000047a8    0000000a     driverlib.lib : adc.obj (.text:ADCIntClear)
                  000047b2    0000000a                   : ssi.obj (.text:SSIDataPut)
                  000047bc    0000000a                   : ssi.obj (.text:SSIEnable)
                  000047c6    0000000a                   : uart.obj (.text:UARTCharGet)
                  000047d0    0000000a                   : uart.obj (.text:UARTCharPut)
                  000047da    00000008                   : timer.obj (.text:TimerIntEnable)
                  000047e2    00000002     --HOLE-- [fill = 0]
                  000047e4    00000008     rtsv7M4_T_le_v4SPD16_eabi.lib : errno.c.obj (.text:__aeabi_errno_addr)
                  000047ec    00000006     driverlib.lib : gpio.obj (.text:GPIOPinRead)
                  000047f2    00000006                   : gpio.obj (.text:GPIOPinWrite)
                  000047f8    00000006                   : ssi.obj (.text:SSIClockSourceSet)
                  000047fe    00000006                   : sysctl.obj (.text:SysCtlDelay)
                  00004804    00000006                   : timer.obj (.text:TimerClockSourceSet)
                  0000480a    00000006                   : uart.obj (.text:UARTClockSourceSet)
                  00004810    00000004                   : timer.obj (.text:TimerIntClear)
                  00004814    00000004     rtsv7M4_T_le_v4SPD16_eabi.lib : pre_init.c.obj (.text:_system_pre_init)
                  00004818    00000004                                   : exit.c.obj (.text:abort:abort)

.const     0    00004820    000009b4     
                  00004820    00000600     FFT.obj (.const:Sinewave)
                  00004e20    000001b0     driverlib.lib : sysctl.obj (.const:g_pppui32XTALtoVCO)
                  00004fd0    00000090                   : gpio.obj (.const:g_pui32GPIOBaseAddrs)
                  00005060    00000070                   : interrupt.obj (.const)
                  000050d0    0000006c                   : sysctl.obj (.const:g_pui32Xtals)
                  0000513c    00000004     uartstdio.obj (.const)
                  00005140    00000030     rtsv7M4_T_le_v4SPD16_eabi.lib : e_pow.c.obj (.const:$O1$$)
                  00005170    00000030     driverlib.lib : sysctl.obj (.const:g_sXTALtoMEMTIM)
                  000051a0    00000012     uartstdio.obj (.const:.string)
                  000051b2    00000002     --HOLE-- [fill = 0]
                  000051b4    0000000c     uartstdio.obj (.const:g_ui32UARTBase)
                  000051c0    0000000c     uartstdio.obj (.const:g_ui32UARTPeriph)
                  000051cc    00000008     driverlib.lib : sysctl.obj (.const)

.cinit     0    000051d8    00000228     
                  000051d8    00000203     (.cinit..data.load) [load image, compression = lzss]
                  000053db    00000001     --HOLE-- [fill = 0]
                  000053dc    0000000c     (__TI_handler_table)
                  000053e8    00000008     (.cinit..bss.load) [load image, compression = zero_init]
                  000053f0    00000010     (__TI_cinit_table)

.init_array 
*          0    00000000    00000000     UNINITIALIZED

.bss       0    20000000    0000305c     UNINITIALIZED
                  20000000    00001000     main.obj (.bss:adc_buffer)
                  20001000    00001000     main.obj (.bss:sound)
                  20002000    00001000     main.obj (.bss:spectrum)
                  20003000    00000008     main.obj (.bss:key$10)
                  20003008    00000008     main.obj (.bss:key$14)
                  20003010    00000008     main.obj (.bss:key$3)
                  20003018    00000008     main.obj (.bss:key$7)
                  20003020    00000008     main.obj (.bss:key_pre$11)
                  20003028    00000008     main.obj (.bss:key_pre$15)
                  20003030    00000008     main.obj (.bss:key_pre$4)
                  20003038    00000008     main.obj (.bss:key_pre$8)
                  20003040    00000008     main.obj (.bss)
                  20003048    00000008     (.common:freq)
                  20003050    00000004     (.common:pui32ADC0Value)
                  20003054    00000004     (.common:ui32SysClock)
                  20003058    00000004     (.common:ultra_sonic_time_count)

.data      0    20003060    00000c2c     UNINITIALIZED
                  20003060    000007f8     main.obj (.data:dictionary_buffer)
                  20003858    00000400     main.obj (.data:display_buffer)
                  20003c58    00000016     main.obj (.data)
                  20003c6e    00000010     main.obj (.data:music)
                  20003c7e    00000002     --HOLE--
                  20003c80    00000005     uartstdio.obj (.data)
                  20003c85    00000003     --HOLE--
                  20003c88    00000004     rtsv7M4_T_le_v4SPD16_eabi.lib : errno.c.obj (.data)

.stack     0    20003c90    00000200     UNINITIALIZED
                  20003c90    00000004     rtsv7M4_T_le_v4SPD16_eabi.lib : boot_cortex_m.c.obj (.stack)
                  20003c94    000001fc     --HOLE--

MODULE SUMMARY

       Module                          code    ro data   rw data
       ------                          ----    -------   -------
    .\src\
       main.obj                        7464    0         15482  
    +--+-------------------------------+-------+---------+---------+
       Total:                          7464    0         15482  
                                                                
    .\src\boot\
       tm4c1294ncpdt_startup_ccs.obj   12      520       0      
    +--+-------------------------------+-------+---------+---------+
       Total:                          12      520       0      
                                                                
    .\src\signal\
       FFT.obj                         1784    1536      0      
    +--+-------------------------------+-------+---------+---------+
       Total:                          1784    1536      0      
                                                                
    .\src\utils\
       uartstdio.obj                   1180    46        5      
    +--+-------------------------------+-------+---------+---------+
       Total:                          1180    46        5      
                                                                
    D:/Desktop/TI/driverlib/ccs/Debug/driverlib.lib
       sysctl.obj                      730     596       0      
       gpio.obj                        528     144       0      
       interrupt.obj                   224     112       0      
       adc.obj                         326     0         0      
       timer.obj                       170     0         0      
       uart.obj                        148     0         0      
       ssi.obj                         86      0         0      
       cpu.obj                         12      0         0      
    +--+-------------------------------+-------+---------+---------+
       Total:                          2224    852       0      
                                                                
    D:\ti\ccs900\ccs\tools\compiler\ti-cgt-arm_18.12.1.LTS\lib\rtsv7M4_T_le_v4SPD16_eabi.lib
       e_pow.c.obj                     2496    48        0      
       fd_add_t2.asm.obj               438     0         0      
       e_sqrt.c.obj                    344     0         0      
       fd_div_t2.asm.obj               310     0         0      
       s_scalbn.c.obj                  272     0         0      
       fd_cmp_t2.asm.obj               268     0         0      
       fd_mul_t2.asm.obj               252     0         0      
       memcpy_t2.asm.obj               156     0         0      
       memset_t2.asm.obj               122     0         0      
       copy_decompress_lzss.c.obj      104     0         0      
       fd_toi_t2.asm.obj               72      0         0      
       autoinit.c.obj                  68      0         0      
       fd_tou_t2.asm.obj               68      0         0      
       u_divt2.asm.obj                 64      0         0      
       boot_cortex_m.c.obj             52      0         0      
       i_tofd_t2.asm.obj               46      0         0      
       memcmp.c.obj                    36      0         0      
       u_tofd_t2.asm.obj               32      0         0      
       s_copysign.c.obj                26      0         0      
       copy_decompress_none.c.obj      14      0         0      
       copy_zero_init.c.obj            12      0         0      
       errno.c.obj                     8       0         4      
       exit.c.obj                      4       0         0      
       pre_init.c.obj                  4       0         0      
       div0.asm.obj                    2       0         0      
    +--+-------------------------------+-------+---------+---------+
       Total:                          5270    48        4      
                                                                
       Stack:                          0       0         512    
       Linker Generated:               0       551       0      
    +--+-------------------------------+-------+---------+---------+
       Grand Total:                    17934   3553      16003  


LINKER GENERATED COPY TABLES

__TI_cinit_table @ 000053f0 records: 2, size/record: 8, table size: 16
	.data: load addr=000051d8, load size=00000203 bytes, run addr=20003060, run size=00000c2c bytes, compression=lzss
	.bss: load addr=000053e8, load size=00000008 bytes, run addr=20000000, run size=0000305c bytes, compression=zero_init


LINKER GENERATED HANDLER TABLE

__TI_handler_table @ 000053dc records: 3, size/record: 4, table size: 12
	index: 0, handler: __TI_decompress_lzss
	index: 1, handler: __TI_decompress_none
	index: 2, handler: __TI_zero_init


GLOBAL SYMBOLS: SORTED ALPHABETICALLY BY Name 

address   name                          
-------   ----                          
000047a9  ADCIntClear                   
00004551  ADCIntStatus                  
00004695  ADCProcessorTrigger           
0000423d  ADCSequenceConfigure          
0000465d  ADCSequenceDataGet            
0000475b  ADCSequenceEnable             
00003fb1  ADCSequenceStepConfigure      
00004819  C$$EXIT                       
00004785  CPUcpsie                      
000028f1  FIX_MPY                       
000045ad  GPIODirModeSet                
00003acb  GPIOPadConfigSet              
0000428d  GPIOPinConfigure              
000047ed  GPIOPinRead                   
000046f1  GPIOPinTypeADC                
00004703  GPIOPinTypeGPIOInput          
000046ad  GPIOPinTypeGPIOOutput         
00004715  GPIOPinTypeSSI                
00004727  GPIOPinTypeUART               
000047f3  GPIOPinWrite                  
000040a5  IntDisable                    
0000410d  IntEnable                     
0000474b  IntMasterEnable               
0000479d  ResetISR                      
000047f9  SSIClockSourceSet             
00004475  SSIConfigSetExpClk            
000047b3  SSIDataPut                    
000047bd  SSIEnable                     
00004820  Sinewave                      
00003485  SysCtlClockFreqSet            
000047ff  SysCtlDelay                   
000044e9  SysCtlPeripheralEnable        
000044b1  SysCtlPeripheralPresent       
00004805  TimerClockSourceSet           
000041dd  TimerConfigure                
000046c5  TimerDisable                  
00004769  TimerEnable                   
00004811  TimerIntClear                 
000047db  TimerIntEnable                
00004739  TimerLoadSet                  
000047c7  UARTCharGet                   
000047d1  UARTCharPut                   
0000480b  UARTClockSourceSet            
00004365  UARTConfigSetExpClk           
000045fd  UARTDisable                   
000046dd  UARTEnable                    
00002fe9  UARTStdioConfig               
0000312f  UARTgetc                      
00003075  UARTgets                      
0000344f  UARTprintf                    
00003155  UARTvprintf                   
0000302f  UARTwrite                     
20003e90  __STACK_END                   
00000200  __STACK_SIZE                  
20003e90  __STACK_TOP                   
000053f0  __TI_CINIT_Base               
00005400  __TI_CINIT_Limit              
000053dc  __TI_Handler_Table_Base       
000053e8  __TI_Handler_Table_Limit      
000043ad  __TI_auto_init_nobinit_nopinit
00004175  __TI_decompress_lzss          
00004777  __TI_decompress_none          
ffffffff  __TI_pprof_out_hndl           
ffffffff  __TI_prof_data_size           
ffffffff  __TI_prof_data_start          
00000000  __TI_static_base__            
00004791  __TI_zero_init                
00003ea5  __aeabi_cdcmpeq               
00003ea5  __aeabi_cdcmple               
00003f2b  __aeabi_cdrcmple              
0000431d  __aeabi_d2iz                  
000043f1  __aeabi_d2uiz                 
0000368f  __aeabi_dadd                  
00003995  __aeabi_ddiv                  
00003d0d  __aeabi_dmul                  
00003685  __aeabi_dsub                  
000047e5  __aeabi_errno_addr            
0000457f  __aeabi_i2d                   
0000383b  __aeabi_idiv0                 
0000383b  __aeabi_ldiv0                 
0000402b  __aeabi_memclr                
0000402b  __aeabi_memclr4               
0000402b  __aeabi_memclr8               
00003e09  __aeabi_memcpy                
00003e09  __aeabi_memcpy4               
00003e09  __aeabi_memcpy8               
0000402d  __aeabi_memset                
0000402d  __aeabi_memset4               
0000402d  __aeabi_memset8               
0000463d  __aeabi_ui2d                  
00004435  __aeabi_uidiv                 
00004435  __aeabi_uidivmod              
ffffffff  __binit__                     
ffffffff  __c_args__                    
UNDEFED   __mpu_init                    
20003c90  __stack                       
0000451d  _c_int00_noargs               
UNDEFED   _system_post_cinit            
00004815  _system_pre_init              
00004819  abort                         
0000030b  adc_init                      
20003c60  attenuation_factor            
ffffffff  binit                         
0000024f  console_init                  
0000467b  copysign                      
0000467b  copysignl                     
00000209  delay                         
20003060  dictionary_buffer             
20003858  display_buffer                
20003c88  errno                         
0000292d  fix_fft                       
00002f37  fix_fftr                      
00002c35  fix_ifft                      
20003048  freq                          
00000000  g_pfnVectors                  
0000028b  gpio_init                     
00003bfd  ldexp                         
00003bfd  ldexpl                        
00001c2d  main                          
000045d7  memcmp                        
00003e09  memcpy                        
00004033  memset                        
00000711  oled_clean_all                
00000599  oled_disp_char                
000005f9  oled_disp_sent                
000004d3  oled_init                     
00000679  oled_refresh                  
0000047f  oled_write_cmd                
000004a9  oled_write_data               
000013b9  piano                         
0000100d  pianoADV                      
00000c8d  pianoSDL                      
000016b9  pianoVOL                      
00001f31  pow                           
00001f31  powl                          
20003050  pui32ADC0Value                
00003bfd  scalbn                        
00003bfd  scalbnl                       
000003bb  spi_init                      
0000383d  sqrt                          
0000383d  sqrtl                         
00000791  timer_adc                     
00000aed  timer_dac                     
0000034b  timer_init                    
00001b51  turner                        
20003054  ui32SysClock                  
20003058  ultra_sonic_time_count        


GLOBAL SYMBOLS: SORTED BY Symbol Address 

address   name                          
-------   ----                          
00000000  __TI_static_base__            
00000000  g_pfnVectors                  
00000200  __STACK_SIZE                  
00000209  delay                         
0000024f  console_init                  
0000028b  gpio_init                     
0000030b  adc_init                      
0000034b  timer_init                    
000003bb  spi_init                      
0000047f  oled_write_cmd                
000004a9  oled_write_data               
000004d3  oled_init                     
00000599  oled_disp_char                
000005f9  oled_disp_sent                
00000679  oled_refresh                  
00000711  oled_clean_all                
00000791  timer_adc                     
00000aed  timer_dac                     
00000c8d  pianoSDL                      
0000100d  pianoADV                      
000013b9  piano                         
000016b9  pianoVOL                      
00001b51  turner                        
00001c2d  main                          
00001f31  pow                           
00001f31  powl                          
000028f1  FIX_MPY                       
0000292d  fix_fft                       
00002c35  fix_ifft                      
00002f37  fix_fftr                      
00002fe9  UARTStdioConfig               
0000302f  UARTwrite                     
00003075  UARTgets                      
0000312f  UARTgetc                      
00003155  UARTvprintf                   
0000344f  UARTprintf                    
00003485  SysCtlClockFreqSet            
00003685  __aeabi_dsub                  
0000368f  __aeabi_dadd                  
0000383b  __aeabi_idiv0                 
0000383b  __aeabi_ldiv0                 
0000383d  sqrt                          
0000383d  sqrtl                         
00003995  __aeabi_ddiv                  
00003acb  GPIOPadConfigSet              
00003bfd  ldexp                         
00003bfd  ldexpl                        
00003bfd  scalbn                        
00003bfd  scalbnl                       
00003d0d  __aeabi_dmul                  
00003e09  __aeabi_memcpy                
00003e09  __aeabi_memcpy4               
00003e09  __aeabi_memcpy8               
00003e09  memcpy                        
00003ea5  __aeabi_cdcmpeq               
00003ea5  __aeabi_cdcmple               
00003f2b  __aeabi_cdrcmple              
00003fb1  ADCSequenceStepConfigure      
0000402b  __aeabi_memclr                
0000402b  __aeabi_memclr4               
0000402b  __aeabi_memclr8               
0000402d  __aeabi_memset                
0000402d  __aeabi_memset4               
0000402d  __aeabi_memset8               
00004033  memset                        
000040a5  IntDisable                    
0000410d  IntEnable                     
00004175  __TI_decompress_lzss          
000041dd  TimerConfigure                
0000423d  ADCSequenceConfigure          
0000428d  GPIOPinConfigure              
0000431d  __aeabi_d2iz                  
00004365  UARTConfigSetExpClk           
000043ad  __TI_auto_init_nobinit_nopinit
000043f1  __aeabi_d2uiz                 
00004435  __aeabi_uidiv                 
00004435  __aeabi_uidivmod              
00004475  SSIConfigSetExpClk            
000044b1  SysCtlPeripheralPresent       
000044e9  SysCtlPeripheralEnable        
0000451d  _c_int00_noargs               
00004551  ADCIntStatus                  
0000457f  __aeabi_i2d                   
000045ad  GPIODirModeSet                
000045d7  memcmp                        
000045fd  UARTDisable                   
0000463d  __aeabi_ui2d                  
0000465d  ADCSequenceDataGet            
0000467b  copysign                      
0000467b  copysignl                     
00004695  ADCProcessorTrigger           
000046ad  GPIOPinTypeGPIOOutput         
000046c5  TimerDisable                  
000046dd  UARTEnable                    
000046f1  GPIOPinTypeADC                
00004703  GPIOPinTypeGPIOInput          
00004715  GPIOPinTypeSSI                
00004727  GPIOPinTypeUART               
00004739  TimerLoadSet                  
0000474b  IntMasterEnable               
0000475b  ADCSequenceEnable             
00004769  TimerEnable                   
00004777  __TI_decompress_none          
00004785  CPUcpsie                      
00004791  __TI_zero_init                
0000479d  ResetISR                      
000047a9  ADCIntClear                   
000047b3  SSIDataPut                    
000047bd  SSIEnable                     
000047c7  UARTCharGet                   
000047d1  UARTCharPut                   
000047db  TimerIntEnable                
000047e5  __aeabi_errno_addr            
000047ed  GPIOPinRead                   
000047f3  GPIOPinWrite                  
000047f9  SSIClockSourceSet             
000047ff  SysCtlDelay                   
00004805  TimerClockSourceSet           
0000480b  UARTClockSourceSet            
00004811  TimerIntClear                 
00004815  _system_pre_init              
00004819  C$$EXIT                       
00004819  abort                         
00004820  Sinewave                      
000053dc  __TI_Handler_Table_Base       
000053e8  __TI_Handler_Table_Limit      
000053f0  __TI_CINIT_Base               
00005400  __TI_CINIT_Limit              
20003048  freq                          
20003050  pui32ADC0Value                
20003054  ui32SysClock                  
20003058  ultra_sonic_time_count        
20003060  dictionary_buffer             
20003858  display_buffer                
20003c60  attenuation_factor            
20003c88  errno                         
20003c90  __stack                       
20003e90  __STACK_END                   
20003e90  __STACK_TOP                   
ffffffff  __TI_pprof_out_hndl           
ffffffff  __TI_prof_data_size           
ffffffff  __TI_prof_data_start          
ffffffff  __binit__                     
ffffffff  __c_args__                    
ffffffff  binit                         
UNDEFED   __mpu_init                    
UNDEFED   _system_post_cinit            

[147 symbols]
