******************************************************************************
                  TI ARM Linker PC v18.12.1                    
******************************************************************************
>> Linked Wed May  1 20:20:17 2019

OUTPUT FILE NAME:   <piano.out>
ENTRY POINT SYMBOL: "_c_int00_noargs"  address: 00004321


MEMORY CONFIGURATION

         name            origin    length      used     unused   attr    fill
----------------------  --------  ---------  --------  --------  ----  --------
  FLASH                 00000000   00100000  000051d8  000fae28  R  X
  SRAM                  20000000   00040000  000056ac  0003a954  RW X


SEGMENT ALLOCATION MAP

run origin  load origin   length   init length attrs members
----------  ----------- ---------- ----------- ----- -------
00000000    00000000    000051e0   000051e0    r-x
  00000000    00000000    00000208   00000208    r-- .intvecs
  00000208    00000208    000043f4   000043f4    r-x .text
  00004600    00004600    000009b4   000009b4    r-- .const
  00004fb8    00004fb8    00000228   00000228    r-- .cinit
20000000    20000000    000056b0   00000000    rw-
  20000000    20000000    0000485c   00000000    rw- .bss
  2000485c    2000485c    00000c50   00000000    rw- .data
  200054b0    200054b0    00000200   00000000    rw- .stack


SECTION ALLOCATION MAP

 output                                  attributes/
section   page    origin      length       input sections
--------  ----  ----------  ----------   ----------------
.intvecs   0    00000000    00000208     
                  00000000    00000208     tm4c1294ncpdt_startup_ccs.obj (.intvecs)

.text      0    00000208    000043f4     
                  00000208    00001b70     main.obj (.text)
                  00001d78    000009c0     rtsv7M4_T_le_v4SPD16_eabi.lib : e_pow.c.obj (.text:pow)
                  00002738    000006f8     FFT.obj (.text)
                  00002e30    0000049c     uartstdio.obj (.text)
                  000032cc    00000200     driverlib.lib : sysctl.obj (.text:SysCtlClockFreqSet)
                  000034cc    000001b6     rtsv7M4_T_le_v4SPD16_eabi.lib : fd_add_t2.asm.obj (.text)
                  00003682    00000002                                   : div0.asm.obj (.text)
                  00003684    00000158                                   : e_sqrt.c.obj (.text:sqrt)
                  000037dc    00000136                                   : fd_div_t2.asm.obj (.text)
                  00003912    00000132     driverlib.lib : gpio.obj (.text:GPIOPadConfigSet)
                  00003a44    00000110     rtsv7M4_T_le_v4SPD16_eabi.lib : s_scalbn.c.obj (.text:scalbn)
                  00003b54    000000fc                                   : fd_mul_t2.asm.obj (.text)
                  00003c50    0000009c                                   : memcpy_t2.asm.obj (.text)
                  00003cec    00000086                                   : fd_cmp_t2.asm.obj (.text:__aeabi_cdcmple)
                  00003d72    00000086                                   : fd_cmp_t2.asm.obj (.text:__aeabi_cdrcmple)
                  00003df8    0000007a     driverlib.lib : adc.obj (.text:ADCSequenceStepConfigure)
                  00003e72    0000007a     rtsv7M4_T_le_v4SPD16_eabi.lib : memset_t2.asm.obj (.text)
                  00003eec    00000068     driverlib.lib : interrupt.obj (.text:IntDisable)
                  00003f54    00000068                   : interrupt.obj (.text:IntEnable)
                  00003fbc    00000068     rtsv7M4_T_le_v4SPD16_eabi.lib : copy_decompress_lzss.c.obj (.text:decompress:lzss:__TI_decompress_lzss)
                  00004024    00000060     driverlib.lib : timer.obj (.text:TimerConfigure)
                  00004084    00000050                   : adc.obj (.text:ADCSequenceConfigure)
                  000040d4    00000048                   : gpio.obj (.text:GPIOPinConfigure)
                  0000411c    00000048                   : sysctl.obj (.text:_SysCtlFrequencyGet)
                  00004164    00000048     rtsv7M4_T_le_v4SPD16_eabi.lib : fd_toi_t2.asm.obj (.text)
                  000041ac    00000046     driverlib.lib : uart.obj (.text:UARTConfigSetExpClk)
                  000041f2    00000002     --HOLE-- [fill = 0]
                  000041f4    00000044     rtsv7M4_T_le_v4SPD16_eabi.lib : autoinit.c.obj (.text:__TI_auto_init_nobinit_nopinit:__TI_auto_init_nobinit_nopinit)
                  00004238    00000040                                   : u_divt2.asm.obj (.text)
                  00004278    0000003c     driverlib.lib : ssi.obj (.text:SSIConfigSetExpClk)
                  000042b4    00000038                   : sysctl.obj (.text:SysCtlPeripheralPresent)
                  000042ec    00000034                   : sysctl.obj (.text:SysCtlPeripheralEnable)
                  00004320    00000034     rtsv7M4_T_le_v4SPD16_eabi.lib : boot_cortex_m.c.obj (.text:_c_int00_noargs:_c_int00_noargs)
                  00004354    0000002e     driverlib.lib : adc.obj (.text:ADCIntStatus)
                  00004382    0000002e     rtsv7M4_T_le_v4SPD16_eabi.lib : i_tofd_t2.asm.obj (.text)
                  000043b0    0000002a     driverlib.lib : gpio.obj (.text:GPIODirModeSet)
                  000043da    00000002     --HOLE-- [fill = 0]
                  000043dc    00000020                   : uart.obj (.text:UARTDisable)
                  000043fc    00000020                   : sysctl.obj (.text:_SysCtlMemTimingGet)
                  0000441c    00000020     rtsv7M4_T_le_v4SPD16_eabi.lib : u_tofd_t2.asm.obj (.text)
                  0000443c    0000001e     driverlib.lib : adc.obj (.text:ADCSequenceDataGet)
                  0000445a    0000001a     rtsv7M4_T_le_v4SPD16_eabi.lib : s_copysign.c.obj (.text:copysign)
                  00004474    00000018     driverlib.lib : adc.obj (.text:ADCProcessorTrigger)
                  0000448c    00000018                   : gpio.obj (.text:GPIOPinTypeGPIOOutput)
                  000044a4    00000018                   : timer.obj (.text:TimerDisable)
                  000044bc    00000014                   : uart.obj (.text:UARTEnable)
                  000044d0    00000012                   : gpio.obj (.text:GPIOPinTypeADC)
                  000044e2    00000012                   : gpio.obj (.text:GPIOPinTypeGPIOInput)
                  000044f4    00000012                   : gpio.obj (.text:GPIOPinTypeSSI)
                  00004506    00000012                   : gpio.obj (.text:GPIOPinTypeUART)
                  00004518    00000012                   : timer.obj (.text:TimerLoadSet)
                  0000452a    00000010                   : interrupt.obj (.text:IntMasterEnable)
                  0000453a    0000000e                   : adc.obj (.text:ADCSequenceEnable)
                  00004548    0000000e                   : timer.obj (.text:TimerEnable)
                  00004556    0000000e     rtsv7M4_T_le_v4SPD16_eabi.lib : copy_decompress_none.c.obj (.text:decompress:none:__TI_decompress_none)
                  00004564    0000000c     driverlib.lib : cpu.obj (.text:CPUcpsie)
                  00004570    0000000c     rtsv7M4_T_le_v4SPD16_eabi.lib : copy_zero_init.c.obj (.text:decompress:ZI:__TI_zero_init)
                  0000457c    0000000c     tm4c1294ncpdt_startup_ccs.obj (.text)
                  00004588    0000000a     driverlib.lib : adc.obj (.text:ADCIntClear)
                  00004592    0000000a                   : ssi.obj (.text:SSIDataPut)
                  0000459c    0000000a                   : ssi.obj (.text:SSIEnable)
                  000045a6    0000000a                   : uart.obj (.text:UARTCharGet)
                  000045b0    0000000a                   : uart.obj (.text:UARTCharPut)
                  000045ba    00000008                   : timer.obj (.text:TimerIntEnable)
                  000045c2    00000002     --HOLE-- [fill = 0]
                  000045c4    00000008     rtsv7M4_T_le_v4SPD16_eabi.lib : errno.c.obj (.text:__aeabi_errno_addr)
                  000045cc    00000006     driverlib.lib : gpio.obj (.text:GPIOPinRead)
                  000045d2    00000006                   : gpio.obj (.text:GPIOPinWrite)
                  000045d8    00000006                   : ssi.obj (.text:SSIClockSourceSet)
                  000045de    00000006                   : sysctl.obj (.text:SysCtlDelay)
                  000045e4    00000006                   : timer.obj (.text:TimerClockSourceSet)
                  000045ea    00000006                   : uart.obj (.text:UARTClockSourceSet)
                  000045f0    00000004                   : timer.obj (.text:TimerIntClear)
                  000045f4    00000004     rtsv7M4_T_le_v4SPD16_eabi.lib : pre_init.c.obj (.text:_system_pre_init)
                  000045f8    00000004                                   : exit.c.obj (.text:abort:abort)

.const     0    00004600    000009b4     
                  00004600    00000600     FFT.obj (.const:Sinewave)
                  00004c00    000001b0     driverlib.lib : sysctl.obj (.const:g_pppui32XTALtoVCO)
                  00004db0    00000090                   : gpio.obj (.const:g_pui32GPIOBaseAddrs)
                  00004e40    00000070                   : interrupt.obj (.const)
                  00004eb0    0000006c                   : sysctl.obj (.const:g_pui32Xtals)
                  00004f1c    00000004     uartstdio.obj (.const)
                  00004f20    00000030     rtsv7M4_T_le_v4SPD16_eabi.lib : e_pow.c.obj (.const:$O1$$)
                  00004f50    00000030     driverlib.lib : sysctl.obj (.const:g_sXTALtoMEMTIM)
                  00004f80    00000012     uartstdio.obj (.const:.string)
                  00004f92    00000002     --HOLE-- [fill = 0]
                  00004f94    0000000c     uartstdio.obj (.const:g_ui32UARTBase)
                  00004fa0    0000000c     uartstdio.obj (.const:g_ui32UARTPeriph)
                  00004fac    00000008     driverlib.lib : sysctl.obj (.const)

.cinit     0    00004fb8    00000228     
                  00004fb8    00000202     (.cinit..data.load) [load image, compression = lzss]
                  000051ba    00000002     --HOLE-- [fill = 0]
                  000051bc    0000000c     (__TI_handler_table)
                  000051c8    00000008     (.cinit..bss.load) [load image, compression = zero_init]
                  000051d0    00000010     (__TI_cinit_table)

.init_array 
*          0    00000000    00000000     UNINITIALIZED

.bss       0    20000000    0000485c     UNINITIALIZED
                  20000000    00001000     main.obj (.bss:adc_buffer)
                  20001000    00001000     main.obj (.bss:fx$3)
                  20002000    00001000     main.obj (.bss:sound)
                  20003000    00001000     main.obj (.bss:spectrum)
                  20004000    00000800     main.obj (.bss:alti$2)
                  20004800    00000016     main.obj (.bss)
                  20004816    00000010     main.obj (.bss:key$13)
                  20004826    00000010     main.obj (.bss:key$17)
                  20004836    00000010     main.obj (.bss:key$9)
                  20004846    00000002     --HOLE--
                  20004848    00000008     (.common:freq)
                  20004850    00000004     (.common:count)
                  20004854    00000004     (.common:pui32ADC0Value)
                  20004858    00000004     (.common:ui32SysClock)

.data      0    2000485c    00000c50     UNINITIALIZED
                  2000485c    000007f8     main.obj (.data:dictionary_buffer)
                  20005054    00000400     main.obj (.data:display_buffer)
                  20005454    00000010     main.obj (.data:music$10)
                  20005464    00000010     main.obj (.data:music$14)
                  20005474    00000010     main.obj (.data:music$18)
                  20005484    00000010     main.obj (.data:music$22)
                  20005494    0000000c     main.obj (.data)
                  200054a0    00000005     uartstdio.obj (.data)
                  200054a5    00000003     --HOLE--
                  200054a8    00000004     rtsv7M4_T_le_v4SPD16_eabi.lib : errno.c.obj (.data)

.stack     0    200054b0    00000200     UNINITIALIZED
                  200054b0    00000004     rtsv7M4_T_le_v4SPD16_eabi.lib : boot_cortex_m.c.obj (.stack)
                  200054b4    000001fc     --HOLE--

MODULE SUMMARY

       Module                          code    ro data   rw data
       ------                          ----    -------   -------
    .\src\
       main.obj                        7024    0         21662  
    +--+-------------------------------+-------+---------+---------+
       Total:                          7024    0         21662  
                                                                
    .\src\boot\
       tm4c1294ncpdt_startup_ccs.obj   12      520       0      
    +--+-------------------------------+-------+---------+---------+
       Total:                          12      520       0      
                                                                
    .\src\signal\
       FFT.obj                         1784    1536      0      
    +--+-------------------------------+-------+---------+---------+
       Total:                          1784    1536      0      
                                                                
    .\src\utils\
       uartstdio.obj                   1180    46        5      
    +--+-------------------------------+-------+---------+---------+
       Total:                          1180    46        5      
                                                                
    D:/Desktop/TI/driverlib/ccs/Debug/driverlib.lib
       sysctl.obj                      730     596       0      
       gpio.obj                        528     144       0      
       interrupt.obj                   224     112       0      
       adc.obj                         326     0         0      
       timer.obj                       170     0         0      
       uart.obj                        148     0         0      
       ssi.obj                         86      0         0      
       cpu.obj                         12      0         0      
    +--+-------------------------------+-------+---------+---------+
       Total:                          2224    852       0      
                                                                
    D:\ti\ccs900\ccs\tools\compiler\ti-cgt-arm_18.12.1.LTS\lib\rtsv7M4_T_le_v4SPD16_eabi.lib
       e_pow.c.obj                     2496    48        0      
       fd_add_t2.asm.obj               438     0         0      
       e_sqrt.c.obj                    344     0         0      
       fd_div_t2.asm.obj               310     0         0      
       s_scalbn.c.obj                  272     0         0      
       fd_cmp_t2.asm.obj               268     0         0      
       fd_mul_t2.asm.obj               252     0         0      
       memcpy_t2.asm.obj               156     0         0      
       memset_t2.asm.obj               122     0         0      
       copy_decompress_lzss.c.obj      104     0         0      
       fd_toi_t2.asm.obj               72      0         0      
       autoinit.c.obj                  68      0         0      
       u_divt2.asm.obj                 64      0         0      
       boot_cortex_m.c.obj             52      0         0      
       i_tofd_t2.asm.obj               46      0         0      
       u_tofd_t2.asm.obj               32      0         0      
       s_copysign.c.obj                26      0         0      
       copy_decompress_none.c.obj      14      0         0      
       copy_zero_init.c.obj            12      0         0      
       errno.c.obj                     8       0         4      
       exit.c.obj                      4       0         0      
       pre_init.c.obj                  4       0         0      
       div0.asm.obj                    2       0         0      
    +--+-------------------------------+-------+---------+---------+
       Total:                          5166    48        4      
                                                                
       Stack:                          0       0         512    
       Linker Generated:               0       550       0      
    +--+-------------------------------+-------+---------+---------+
       Grand Total:                    17390   3552      22183  


LINKER GENERATED COPY TABLES

__TI_cinit_table @ 000051d0 records: 2, size/record: 8, table size: 16
	.data: load addr=00004fb8, load size=00000202 bytes, run addr=2000485c, run size=00000c50 bytes, compression=lzss
	.bss: load addr=000051c8, load size=00000008 bytes, run addr=20000000, run size=0000485c bytes, compression=zero_init


LINKER GENERATED HANDLER TABLE

__TI_handler_table @ 000051bc records: 3, size/record: 4, table size: 12
	index: 0, handler: __TI_decompress_lzss
	index: 1, handler: __TI_decompress_none
	index: 2, handler: __TI_zero_init


GLOBAL SYMBOLS: SORTED ALPHABETICALLY BY Name 

address   name                          
-------   ----                          
00004589  ADCIntClear                   
00004355  ADCIntStatus                  
00004475  ADCProcessorTrigger           
00004085  ADCSequenceConfigure          
0000443d  ADCSequenceDataGet            
0000453b  ADCSequenceEnable             
00003df9  ADCSequenceStepConfigure      
000045f9  C$$EXIT                       
00004565  CPUcpsie                      
00002739  FIX_MPY                       
000043b1  GPIODirModeSet                
00003913  GPIOPadConfigSet              
000040d5  GPIOPinConfigure              
000045cd  GPIOPinRead                   
000044d1  GPIOPinTypeADC                
000044e3  GPIOPinTypeGPIOInput          
0000448d  GPIOPinTypeGPIOOutput         
000044f5  GPIOPinTypeSSI                
00004507  GPIOPinTypeUART               
000045d3  GPIOPinWrite                  
00000209  InitConsole                   
00003eed  IntDisable                    
00003f55  IntEnable                     
0000452b  IntMasterEnable               
0000457d  ResetISR                      
000045d9  SSIClockSourceSet             
00004279  SSIConfigSetExpClk            
00004593  SSIDataPut                    
0000459d  SSIEnable                     
00004600  Sinewave                      
000032cd  SysCtlClockFreqSet            
000045df  SysCtlDelay                   
000042ed  SysCtlPeripheralEnable        
000042b5  SysCtlPeripheralPresent       
000045e5  TimerClockSourceSet           
00004025  TimerConfigure                
000044a5  TimerDisable                  
00004549  TimerEnable                   
000045f1  TimerIntClear                 
000045bb  TimerIntEnable                
00004519  TimerLoadSet                  
000045a7  UARTCharGet                   
000045b1  UARTCharPut                   
000045eb  UARTClockSourceSet            
000041ad  UARTConfigSetExpClk           
000043dd  UARTDisable                   
000044bd  UARTEnable                    
00002e31  UARTStdioConfig               
00002f77  UARTgetc                      
00002ebd  UARTgets                      
00003297  UARTprintf                    
00002f9d  UARTvprintf                   
00002e77  UARTwrite                     
200056b0  __STACK_END                   
00000200  __STACK_SIZE                  
200056b0  __STACK_TOP                   
000051d0  __TI_CINIT_Base               
000051e0  __TI_CINIT_Limit              
000051bc  __TI_Handler_Table_Base       
000051c8  __TI_Handler_Table_Limit      
000041f5  __TI_auto_init_nobinit_nopinit
00003fbd  __TI_decompress_lzss          
00004557  __TI_decompress_none          
ffffffff  __TI_pprof_out_hndl           
ffffffff  __TI_prof_data_size           
ffffffff  __TI_prof_data_start          
00000000  __TI_static_base__            
00004571  __TI_zero_init                
00003ced  __aeabi_cdcmpeq               
00003ced  __aeabi_cdcmple               
00003d73  __aeabi_cdrcmple              
00004165  __aeabi_d2iz                  
000034d7  __aeabi_dadd                  
000037dd  __aeabi_ddiv                  
00003b55  __aeabi_dmul                  
000034cd  __aeabi_dsub                  
000045c5  __aeabi_errno_addr            
00004383  __aeabi_i2d                   
00003683  __aeabi_idiv0                 
00003683  __aeabi_ldiv0                 
00003e73  __aeabi_memclr                
00003e73  __aeabi_memclr4               
00003e73  __aeabi_memclr8               
00003c51  __aeabi_memcpy                
00003c51  __aeabi_memcpy4               
00003c51  __aeabi_memcpy8               
00003e75  __aeabi_memset                
00003e75  __aeabi_memset4               
00003e75  __aeabi_memset8               
0000441d  __aeabi_ui2d                  
00004239  __aeabi_uidiv                 
00004239  __aeabi_uidivmod              
ffffffff  __binit__                     
ffffffff  __c_args__                    
UNDEFED   __mpu_init                    
200054b0  __stack                       
00004321  _c_int00_noargs               
UNDEFED   _system_post_cinit            
000045f5  _system_pre_init              
000045f9  abort                         
00000d19  adc_get_value                 
000002f3  adc_init                      
ffffffff  binit                         
000007cd  clean_led_all                 
0000445b  copysign                      
0000445b  copysignl                     
20004850  count                         
2000485c  dictionary_buffer             
000005b9  disp_char                     
0000061d  disp_sent                     
20005054  display_buffer                
200054a8  errno                         
00002775  fix_fft                       
00002d7f  fix_fftr                      
00002a7d  fix_ifft                      
20004848  freq                          
00000000  g_pfnVectors                  
00000245  gpio_init                     
000002d3  gpio_initn                    
00003a45  ldexp                         
00003a45  ldexpl                        
00001b7d  main                          
00003c51  memcpy                        
00003e7b  memset                        
00000681  oled_draw_point               
000004e3  oled_init                     
0000048f  oled_write_cmd                
000004b9  oled_write_data               
000016fd  piano                         
00001361  pianoADV                      
00000fa1  pianoSDL                      
000019c1  pianon                        
00001d79  pow                           
00001d79  powl                          
20004854  pui32ADC0Value                
000006e1  refresh_led                   
00000771  refresh_led_line              
00003a45  scalbn                        
00003a45  scalbnl                       
000003cb  spi_init                      
00003685  sqrt                          
00003685  sqrtl                         
0000089d  timer_adc                     
00000be5  timer_dac                     
00000333  timer_init                    
00000843  timer_pwm                     
00000ea1  turner                        
20004858  ui32SysClock                  


GLOBAL SYMBOLS: SORTED BY Symbol Address 

address   name                          
-------   ----                          
00000000  __TI_static_base__            
00000000  g_pfnVectors                  
00000200  __STACK_SIZE                  
00000209  InitConsole                   
00000245  gpio_init                     
000002d3  gpio_initn                    
000002f3  adc_init                      
00000333  timer_init                    
000003cb  spi_init                      
0000048f  oled_write_cmd                
000004b9  oled_write_data               
000004e3  oled_init                     
000005b9  disp_char                     
0000061d  disp_sent                     
00000681  oled_draw_point               
000006e1  refresh_led                   
00000771  refresh_led_line              
000007cd  clean_led_all                 
00000843  timer_pwm                     
0000089d  timer_adc                     
00000be5  timer_dac                     
00000d19  adc_get_value                 
00000ea1  turner                        
00000fa1  pianoSDL                      
00001361  pianoADV                      
000016fd  piano                         
000019c1  pianon                        
00001b7d  main                          
00001d79  pow                           
00001d79  powl                          
00002739  FIX_MPY                       
00002775  fix_fft                       
00002a7d  fix_ifft                      
00002d7f  fix_fftr                      
00002e31  UARTStdioConfig               
00002e77  UARTwrite                     
00002ebd  UARTgets                      
00002f77  UARTgetc                      
00002f9d  UARTvprintf                   
00003297  UARTprintf                    
000032cd  SysCtlClockFreqSet            
000034cd  __aeabi_dsub                  
000034d7  __aeabi_dadd                  
00003683  __aeabi_idiv0                 
00003683  __aeabi_ldiv0                 
00003685  sqrt                          
00003685  sqrtl                         
000037dd  __aeabi_ddiv                  
00003913  GPIOPadConfigSet              
00003a45  ldexp                         
00003a45  ldexpl                        
00003a45  scalbn                        
00003a45  scalbnl                       
00003b55  __aeabi_dmul                  
00003c51  __aeabi_memcpy                
00003c51  __aeabi_memcpy4               
00003c51  __aeabi_memcpy8               
00003c51  memcpy                        
00003ced  __aeabi_cdcmpeq               
00003ced  __aeabi_cdcmple               
00003d73  __aeabi_cdrcmple              
00003df9  ADCSequenceStepConfigure      
00003e73  __aeabi_memclr                
00003e73  __aeabi_memclr4               
00003e73  __aeabi_memclr8               
00003e75  __aeabi_memset                
00003e75  __aeabi_memset4               
00003e75  __aeabi_memset8               
00003e7b  memset                        
00003eed  IntDisable                    
00003f55  IntEnable                     
00003fbd  __TI_decompress_lzss          
00004025  TimerConfigure                
00004085  ADCSequenceConfigure          
000040d5  GPIOPinConfigure              
00004165  __aeabi_d2iz                  
000041ad  UARTConfigSetExpClk           
000041f5  __TI_auto_init_nobinit_nopinit
00004239  __aeabi_uidiv                 
00004239  __aeabi_uidivmod              
00004279  SSIConfigSetExpClk            
000042b5  SysCtlPeripheralPresent       
000042ed  SysCtlPeripheralEnable        
00004321  _c_int00_noargs               
00004355  ADCIntStatus                  
00004383  __aeabi_i2d                   
000043b1  GPIODirModeSet                
000043dd  UARTDisable                   
0000441d  __aeabi_ui2d                  
0000443d  ADCSequenceDataGet            
0000445b  copysign                      
0000445b  copysignl                     
00004475  ADCProcessorTrigger           
0000448d  GPIOPinTypeGPIOOutput         
000044a5  TimerDisable                  
000044bd  UARTEnable                    
000044d1  GPIOPinTypeADC                
000044e3  GPIOPinTypeGPIOInput          
000044f5  GPIOPinTypeSSI                
00004507  GPIOPinTypeUART               
00004519  TimerLoadSet                  
0000452b  IntMasterEnable               
0000453b  ADCSequenceEnable             
00004549  TimerEnable                   
00004557  __TI_decompress_none          
00004565  CPUcpsie                      
00004571  __TI_zero_init                
0000457d  ResetISR                      
00004589  ADCIntClear                   
00004593  SSIDataPut                    
0000459d  SSIEnable                     
000045a7  UARTCharGet                   
000045b1  UARTCharPut                   
000045bb  TimerIntEnable                
000045c5  __aeabi_errno_addr            
000045cd  GPIOPinRead                   
000045d3  GPIOPinWrite                  
000045d9  SSIClockSourceSet             
000045df  SysCtlDelay                   
000045e5  TimerClockSourceSet           
000045eb  UARTClockSourceSet            
000045f1  TimerIntClear                 
000045f5  _system_pre_init              
000045f9  C$$EXIT                       
000045f9  abort                         
00004600  Sinewave                      
000051bc  __TI_Handler_Table_Base       
000051c8  __TI_Handler_Table_Limit      
000051d0  __TI_CINIT_Base               
000051e0  __TI_CINIT_Limit              
20004848  freq                          
20004850  count                         
20004854  pui32ADC0Value                
20004858  ui32SysClock                  
2000485c  dictionary_buffer             
20005054  display_buffer                
200054a8  errno                         
200054b0  __stack                       
200056b0  __STACK_END                   
200056b0  __STACK_TOP                   
ffffffff  __TI_pprof_out_hndl           
ffffffff  __TI_prof_data_size           
ffffffff  __TI_prof_data_start          
ffffffff  __binit__                     
ffffffff  __c_args__                    
ffffffff  binit                         
UNDEFED   __mpu_init                    
UNDEFED   _system_post_cinit            

[148 symbols]
